node : (node:7156) Warning: `--localstorage-file` was provided without a valid 
path
At line:1 char:61
+ ... \backend" ; node node_modules/jest/bin/jest.js 2>&1 >test_output.txt  ...
+                 ~~~~~~~~~~~~~~~~~~~~~~~~~~~~~~~~~~~~~~~~~~~~~~~~~~~~~~~~
    + CategoryInfo          : NotSpecified: ((node:7156) War...ut a valid path 
   :String) [], RemoteException
    + FullyQualifiedErrorId : NativeCommandError
 
(Use `node --trace-warnings ...` to show where the warning was created)
PASS tests/authValidation.test.js
  ΓùÅ Console

    console.error
      ERROR ≡ƒÆÑ: {
        message: 'Invalid email format',
        statusCode: 400,
        stack: undefined,
        timestamp: '2026-03-03T08:23:40.937Z',
        path: '/test/register',
        method: 'POST'
      }

    [0m [90m 18 |[39m 		err[33m.[39mcode [33m||[39m 
(err[33m.[39mstatusCode [33m===[39m [35m500[39m [33m?[39m 
[32m"INTERNAL_ERROR"[39m [33m:[39m [32m"UNKNOWN_ERROR"[39m)[33m;[39m
     [90m 19 |[39m
    [31m[1m>[22m[39m[90m 20 |[39m 	console[33m.[39merror([32m"ERROR 
≡ƒÆÑ:"[39m[33m,[39m {
     [90m    |[39m 	        [31m[1m^[22m[39m
     [90m 21 |[39m 		message[33m:[39m err[33m.[39mmessage[33m,[39m
     [90m 22 |[39m 		statusCode[33m:[39m 
err[33m.[39mstatusCode[33m,[39m
     [90m 23 |[39m 		stack[33m:[39m 
process[33m.[39menv[33m.[39m[33mNODE_ENV[39m [33m===[39m 
[32m"development"[39m [33m?[39m err[33m.[39mstack [33m:[39m 
undefined[33m,[39m[0m

      at error (src/middleware/errorHandler.js:20:10)
      at Layer.handleError (node_modules/router/lib/layer.js:116:17)
      at trimPrefix (node_modules/router/index.js:340:13)
      at node_modules/router/index.js:297:9
      at processParams (node_modules/router/index.js:582:12)
      at next (node_modules/router/index.js:291:5)
      at next (src/middleware/errorHandler.js:181:2)
      at Layer.handleError (node_modules/router/lib/layer.js:116:17)
      at trimPrefix (node_modules/router/index.js:340:13)
      at node_modules/router/index.js:297:9
      at processParams (node_modules/router/index.js:582:12)
      at next (node_modules/router/index.js:291:5)
      at next (node_modules/router/lib/route.js:132:14)
      at Layer.handleError (node_modules/router/lib/layer.js:111:12)
      at next (node_modules/router/lib/route.js:155:13)
      at next (src/middleware/validate.js:52:10)
      at Layer.handleRequest (node_modules/router/lib/layer.js:152:17)
      at next (node_modules/router/lib/route.js:157:13)
      at next (src/middleware/validate.js:25:9)
      at Layer.handleRequest (node_modules/router/lib/layer.js:152:17)
      at next (node_modules/router/lib/route.js:157:13)
      at Route.dispatch (node_modules/router/lib/route.js:117:3)
      at handle (node_modules/router/index.js:435:11)
      at Layer.handleRequest (node_modules/router/lib/layer.js:152:17)
      at node_modules/router/index.js:295:15
      at processParams (node_modules/router/index.js:582:12)
      at next (node_modules/router/index.js:291:5)
      at node_modules/body-parser/lib/read.js:171:5
      at invokeCallback (node_modules/raw-body/index.js:238:16)
      at done (node_modules/raw-body/index.js:227:7)
      at IncomingMessage.onEnd (node_modules/raw-body/index.js:287:7)

    console.error
      ERROR ≡ƒÆÑ: {
        message: 'Password must be 8-72 characters with uppercase, lowercase, 
number, and special character',
        statusCode: 400,
        stack: undefined,
        timestamp: '2026-03-03T08:23:41.002Z',
        path: '/test/register',
        method: 'POST'
      }

    [0m [90m 18 |[39m 		err[33m.[39mcode [33m||[39m 
(err[33m.[39mstatusCode [33m===[39m [35m500[39m [33m?[39m 
[32m"INTERNAL_ERROR"[39m [33m:[39m [32m"UNKNOWN_ERROR"[39m)[33m;[39m
     [90m 19 |[39m
    [31m[1m>[22m[39m[90m 20 |[39m 	console[33m.[39merror([32m"ERROR 
≡ƒÆÑ:"[39m[33m,[39m {
     [90m    |[39m 	        [31m[1m^[22m[39m
     [90m 21 |[39m 		message[33m:[39m err[33m.[39mmessage[33m,[39m
     [90m 22 |[39m 		statusCode[33m:[39m 
err[33m.[39mstatusCode[33m,[39m
     [90m 23 |[39m 		stack[33m:[39m 
process[33m.[39menv[33m.[39m[33mNODE_ENV[39m [33m===[39m 
[32m"development"[39m [33m?[39m err[33m.[39mstack [33m:[39m 
undefined[33m,[39m[0m

      at error (src/middleware/errorHandler.js:20:10)
      at Layer.handleError (node_modules/router/lib/layer.js:116:17)
      at trimPrefix (node_modules/router/index.js:340:13)
      at node_modules/router/index.js:297:9
      at processParams (node_modules/router/index.js:582:12)
      at next (node_modules/router/index.js:291:5)
      at next (src/middleware/errorHandler.js:181:2)
      at Layer.handleError (node_modules/router/lib/layer.js:116:17)
      at trimPrefix (node_modules/router/index.js:340:13)
      at node_modules/router/index.js:297:9
      at processParams (node_modules/router/index.js:582:12)
      at next (node_modules/router/index.js:291:5)
      at next (node_modules/router/lib/route.js:132:14)
      at Layer.handleError (node_modules/router/lib/layer.js:111:12)
      at next (node_modules/router/lib/route.js:155:13)
      at next (src/middleware/validate.js:60:10)
      at Layer.handleRequest (node_modules/router/lib/layer.js:152:17)
      at next (node_modules/router/lib/route.js:157:13)
      at next (src/middleware/validate.js:25:9)
      at Layer.handleRequest (node_modules/router/lib/layer.js:152:17)
      at next (node_modules/router/lib/route.js:157:13)
      at Route.dispatch (node_modules/router/lib/route.js:117:3)
      at handle (node_modules/router/index.js:435:11)
      at Layer.handleRequest (node_modules/router/lib/layer.js:152:17)
      at node_modules/router/index.js:295:15
      at processParams (node_modules/router/index.js:582:12)
      at next (node_modules/router/index.js:291:5)
      at node_modules/body-parser/lib/read.js:171:5
      at invokeCallback (node_modules/raw-body/index.js:238:16)
      at done (node_modules/raw-body/index.js:227:7)
      at IncomingMessage.onEnd (node_modules/raw-body/index.js:287:7)

    console.error
      ERROR ≡ƒÆÑ: {
        message: 'Organization name is required for SME and NGO accounts',
        statusCode: 400,
        stack: undefined,
        timestamp: '2026-03-03T08:23:41.049Z',
        path: '/test/register',
        method: 'POST'
      }

    [0m [90m 18 |[39m 		err[33m.[39mcode [33m||[39m 
(err[33m.[39mstatusCode [33m===[39m [35m500[39m [33m?[39m 
[32m"INTERNAL_ERROR"[39m [33m:[39m [32m"UNKNOWN_ERROR"[39m)[33m;[39m
     [90m 19 |[39m
    [31m[1m>[22m[39m[90m 20 |[39m 	console[33m.[39merror([32m"ERROR 
≡ƒÆÑ:"[39m[33m,[39m {
     [90m    |[39m 	        [31m[1m^[22m[39m
     [90m 21 |[39m 		message[33m:[39m err[33m.[39mmessage[33m,[39m
     [90m 22 |[39m 		statusCode[33m:[39m 
err[33m.[39mstatusCode[33m,[39m
     [90m 23 |[39m 		stack[33m:[39m 
process[33m.[39menv[33m.[39m[33mNODE_ENV[39m [33m===[39m 
[32m"development"[39m [33m?[39m err[33m.[39mstack [33m:[39m 
undefined[33m,[39m[0m

      at error (src/middleware/errorHandler.js:20:10)
      at Layer.handleError (node_modules/router/lib/layer.js:116:17)
      at trimPrefix (node_modules/router/index.js:340:13)
      at node_modules/router/index.js:297:9
      at processParams (node_modules/router/index.js:582:12)
      at next (node_modules/router/index.js:291:5)
      at next (src/middleware/errorHandler.js:181:2)
      at Layer.handleError (node_modules/router/lib/layer.js:116:17)
      at trimPrefix (node_modules/router/index.js:340:13)
      at node_modules/router/index.js:297:9
      at processParams (node_modules/router/index.js:582:12)
      at next (node_modules/router/index.js:291:5)
      at next (node_modules/router/lib/route.js:132:14)
      at Layer.handleError (node_modules/router/lib/layer.js:111:12)
      at next (node_modules/router/lib/route.js:155:13)
      at next (src/middleware/validate.js:82:10)
      at Layer.handleRequest (node_modules/router/lib/layer.js:152:17)
      at next (node_modules/router/lib/route.js:157:13)
      at next (src/middleware/validate.js:25:9)
      at Layer.handleRequest (node_modules/router/lib/layer.js:152:17)
      at next (node_modules/router/lib/route.js:157:13)
      at Route.dispatch (node_modules/router/lib/route.js:117:3)
      at handle (node_modules/router/index.js:435:11)
      at Layer.handleRequest (node_modules/router/lib/layer.js:152:17)
      at node_modules/router/index.js:295:15
      at processParams (node_modules/router/index.js:582:12)
      at next (node_modules/router/index.js:291:5)
      at node_modules/body-parser/lib/read.js:171:5
      at invokeCallback (node_modules/raw-body/index.js:238:16)
      at done (node_modules/raw-body/index.js:227:7)
      at IncomingMessage.onEnd (node_modules/raw-body/index.js:287:7)

    console.error
      ERROR ≡ƒÆÑ: {
        message: 'Invalid email format',
        statusCode: 400,
        stack: undefined,
        timestamp: '2026-03-03T08:23:41.073Z',
        path: '/test/login',
        method: 'POST'
      }

    [0m [90m 18 |[39m 		err[33m.[39mcode [33m||[39m 
(err[33m.[39mstatusCode [33m===[39m [35m500[39m [33m?[39m 
[32m"INTERNAL_ERROR"[39m [33m:[39m [32m"UNKNOWN_ERROR"[39m)[33m;[39m
     [90m 19 |[39m
    [31m[1m>[22m[39m[90m 20 |[39m 	console[33m.[39merror([32m"ERROR 
≡ƒÆÑ:"[39m[33m,[39m {
     [90m    |[39m 	        [31m[1m^[22m[39m
     [90m 21 |[39m 		message[33m:[39m err[33m.[39mmessage[33m,[39m
     [90m 22 |[39m 		statusCode[33m:[39m 
err[33m.[39mstatusCode[33m,[39m
     [90m 23 |[39m 		stack[33m:[39m 
process[33m.[39menv[33m.[39m[33mNODE_ENV[39m [33m===[39m 
[32m"development"[39m [33m?[39m err[33m.[39mstack [33m:[39m 
undefined[33m,[39m[0m

      at error (src/middleware/errorHandler.js:20:10)
      at Layer.handleError (node_modules/router/lib/layer.js:116:17)
      at trimPrefix (node_modules/router/index.js:340:13)
      at node_modules/router/index.js:297:9
      at processParams (node_modules/router/index.js:582:12)
      at next (node_modules/router/index.js:291:5)
      at next (src/middleware/errorHandler.js:181:2)
      at Layer.handleError (node_modules/router/lib/layer.js:116:17)
      at trimPrefix (node_modules/router/index.js:340:13)
      at node_modules/router/index.js:297:9
      at processParams (node_modules/router/index.js:582:12)
      at next (node_modules/router/index.js:291:5)
      at next (node_modules/router/lib/route.js:132:14)
      at Layer.handleError (node_modules/router/lib/layer.js:111:12)
      at next (node_modules/router/lib/route.js:155:13)
      at next (src/middleware/validate.js:134:10)
      at Layer.handleRequest (node_modules/router/lib/layer.js:152:17)
      at next (node_modules/router/lib/route.js:157:13)
      at next (src/middleware/validate.js:25:9)
      at Layer.handleRequest (node_modules/router/lib/layer.js:152:17)
      at next (node_modules/router/lib/route.js:157:13)
      at Route.dispatch (node_modules/router/lib/route.js:117:3)
      at handle (node_modules/router/index.js:435:11)
      at Layer.handleRequest (node_modules/router/lib/layer.js:152:17)
      at node_modules/router/index.js:295:15
      at processParams (node_modules/router/index.js:582:12)
      at next (node_modules/router/index.js:291:5)
      at node_modules/body-parser/lib/read.js:171:5
      at invokeCallback (node_modules/raw-body/index.js:238:16)
      at done (node_modules/raw-body/index.js:227:7)
      at IncomingMessage.onEnd (node_modules/raw-body/index.js:287:7)

    console.error
      ERROR ≡ƒÆÑ: {
        message: 'Password must be 8-72 characters with uppercase, lowercase, 
number, and special character',
        statusCode: 400,
        stack: undefined,
        timestamp: '2026-03-03T08:23:41.109Z',
        path: '/test/admin/register',
        method: 'POST'
      }

    [0m [90m 18 |[39m 		err[33m.[39mcode [33m||[39m 
(err[33m.[39mstatusCode [33m===[39m [35m500[39m [33m?[39m 
[32m"INTERNAL_ERROR"[39m [33m:[39m [32m"UNKNOWN_ERROR"[39m)[33m;[39m
     [90m 19 |[39m
    [31m[1m>[22m[39m[90m 20 |[39m 	console[33m.[39merror([32m"ERROR 
≡ƒÆÑ:"[39m[33m,[39m {
     [90m    |[39m 	        [31m[1m^[22m[39m
     [90m 21 |[39m 		message[33m:[39m err[33m.[39mmessage[33m,[39m
     [90m 22 |[39m 		statusCode[33m:[39m 
err[33m.[39mstatusCode[33m,[39m
     [90m 23 |[39m 		stack[33m:[39m 
process[33m.[39menv[33m.[39m[33mNODE_ENV[39m [33m===[39m 
[32m"development"[39m [33m?[39m err[33m.[39mstack [33m:[39m 
undefined[33m,[39m[0m

      at error (src/middleware/errorHandler.js:20:10)
      at Layer.handleError (node_modules/router/lib/layer.js:116:17)
      at trimPrefix (node_modules/router/index.js:340:13)
      at node_modules/router/index.js:297:9
      at processParams (node_modules/router/index.js:582:12)
      at next (node_modules/router/index.js:291:5)
      at next (src/middleware/errorHandler.js:181:2)
      at Layer.handleError (node_modules/router/lib/layer.js:116:17)
      at trimPrefix (node_modules/router/index.js:340:13)
      at node_modules/router/index.js:297:9
      at processParams (node_modules/router/index.js:582:12)
      at next (node_modules/router/index.js:291:5)
      at next (node_modules/router/lib/route.js:132:14)
      at Layer.handleError (node_modules/router/lib/layer.js:111:12)
      at next (node_modules/router/lib/route.js:155:13)
      at next (src/middleware/validate.js:175:10)
      at Layer.handleRequest (node_modules/router/lib/layer.js:152:17)
      at next (node_modules/router/lib/route.js:157:13)
      at next (src/middleware/validate.js:25:9)
      at Layer.handleRequest (node_modules/router/lib/layer.js:152:17)
      at next (node_modules/router/lib/route.js:157:13)
      at Route.dispatch (node_modules/router/lib/route.js:117:3)
      at handle (node_modules/router/index.js:435:11)
      at Layer.handleRequest (node_modules/router/lib/layer.js:152:17)
      at node_modules/router/index.js:295:15
      at processParams (node_modules/router/index.js:582:12)
      at next (node_modules/router/index.js:291:5)
      at node_modules/body-parser/lib/read.js:171:5
      at invokeCallback (node_modules/raw-body/index.js:238:16)
      at done (node_modules/raw-body/index.js:227:7)
      at IncomingMessage.onEnd (node_modules/raw-body/index.js:287:7)

(node:12432) [DEP0169] DeprecationWarning: `url.parse()` behavior is not 
standardized and prone to errors that have security implications. Use the 
WHATWG URL API instead. CVEs are not issued for `url.parse()` vulnerabilities.
(Use `node --trace-deprecation ...` to show where the warning was created)
(node:26476) [DEP0169] DeprecationWarning: `url.parse()` behavior is not 
standardized and prone to errors that have security implications. Use the 
WHATWG URL API instead. CVEs are not issued for `url.parse()` vulnerabilities.
(Use `node --trace-deprecation ...` to show where the warning was created)
(node:24748) [DEP0169] DeprecationWarning: `url.parse()` behavior is not 
standardized and prone to errors that have security implications. Use the 
WHATWG URL API instead. CVEs are not issued for `url.parse()` vulnerabilities.
(Use `node --trace-deprecation ...` to show where the warning was created)
(node:25392) [DEP0169] DeprecationWarning: `url.parse()` behavior is not 
standardized and prone to errors that have security implications. Use the 
WHATWG URL API instead. CVEs are not issued for `url.parse()` vulnerabilities.
(Use `node --trace-deprecation ...` to show where the warning was created)
(node:24604) [DEP0169] DeprecationWarning: `url.parse()` behavior is not 
standardized and prone to errors that have security implications. Use the 
WHATWG URL API instead. CVEs are not issued for `url.parse()` vulnerabilities.
(Use `node --trace-deprecation ...` to show where the warning was created)
(node:25392) Warning: `--localstorage-file` was provided without a valid path
PASS tests/meals.test.js (6.135 s)
  ΓùÅ Console

    console.log
      [dotenv@17.3.1] injecting env (5) from .env.test -- tip: ≡ƒ¢í∩╕Å auth 
for agents: https://vestauth.com

      at _log (node_modules/dotenv/lib/main.js:139:11)

    console.log
      ≡ƒöì App DB_NAME: sharemeal_test

      at Object.log (src/app.js:5:9)

    console.log
      Γ£à ShareAMeal Backend Starting...

      at Object.log (src/app.js:32:9)

    console.log
      ≡ƒô¥ NODE_ENV: test

      at Object.log (src/app.js:33:9)

    console.log
      ≡ƒöù API_URL configured

      at Object.log (src/app.js:34:9)

    console.error
      ERROR ≡ƒÆÑ: {
        message: 'No token provided',
        statusCode: 401,
        stack: undefined,
        timestamp: '2026-03-03T08:23:43.188Z',
        path: '/meals',
        method: 'POST'
      }

    [0m [90m 18 |[39m 		err[33m.[39mcode [33m||[39m 
(err[33m.[39mstatusCode [33m===[39m [35m500[39m [33m?[39m 
[32m"INTERNAL_ERROR"[39m [33m:[39m [32m"UNKNOWN_ERROR"[39m)[33m;[39m
     [90m 19 |[39m
    [31m[1m>[22m[39m[90m 20 |[39m 	console[33m.[39merror([32m"ERROR 
≡ƒÆÑ:"[39m[33m,[39m {
     [90m    |[39m 	        [31m[1m^[22m[39m
     [90m 21 |[39m 		message[33m:[39m err[33m.[39mmessage[33m,[39m
     [90m 22 |[39m 		statusCode[33m:[39m 
err[33m.[39mstatusCode[33m,[39m
     [90m 23 |[39m 		stack[33m:[39m 
process[33m.[39menv[33m.[39m[33mNODE_ENV[39m [33m===[39m 
[32m"development"[39m [33m?[39m err[33m.[39mstack [33m:[39m 
undefined[33m,[39m[0m

      at error (src/middleware/errorHandler.js:20:10)
      at Layer.handleError (node_modules/router/lib/layer.js:116:17)
      at trimPrefix (node_modules/router/index.js:340:13)
      at node_modules/router/index.js:297:9
      at processParams (node_modules/router/index.js:582:12)
      at next (node_modules/router/index.js:291:5)
      at next (src/middleware/errorHandler.js:181:2)
      at Layer.handleError (node_modules/router/lib/layer.js:116:17)
      at trimPrefix (node_modules/router/index.js:340:13)
      at node_modules/router/index.js:297:9
      at processParams (node_modules/router/index.js:582:12)
      at next (node_modules/router/index.js:291:5)
      at Layer.handleError (node_modules/router/lib/layer.js:111:12)
      at trimPrefix (node_modules/router/index.js:340:13)
      at node_modules/router/index.js:297:9
      at processParams (node_modules/router/index.js:582:12)
      at next (node_modules/router/index.js:291:5)
      at node_modules/router/index.js:688:15
      at next (node_modules/router/index.js:276:14)
      at next (node_modules/router/lib/route.js:132:14)
      at Layer.handleError (node_modules/router/lib/layer.js:111:12)
      at next (node_modules/router/lib/route.js:155:13)
      at Layer.handleError (node_modules/router/lib/layer.js:111:12)
      at next (node_modules/router/lib/route.js:155:13)
      at Layer.handleError (node_modules/router/lib/layer.js:111:12)
      at next (node_modules/router/lib/route.js:155:13)
      at next (src/middleware/auth.js:13:10)
      at fn (src/utils/catchAsync.js:85:3)
      at Layer.handleRequest (node_modules/router/lib/layer.js:152:17)
      at next (node_modules/router/lib/route.js:157:13)
      at Route.dispatch (node_modules/router/lib/route.js:117:3)
      at handle (node_modules/router/index.js:435:11)
      at Layer.handleRequest (node_modules/router/lib/layer.js:152:17)
      at node_modules/router/index.js:295:15
      at processParams (node_modules/router/index.js:582:12)
      at next (node_modules/router/index.js:291:5)
      at router.handle (node_modules/router/index.js:186:3)
      at router (node_modules/router/index.js:60:12)
      at Layer.handleRequest (node_modules/router/lib/layer.js:152:17)
      at trimPrefix (node_modules/router/index.js:342:13)
      at node_modules/router/index.js:297:9
      at processParams (node_modules/router/index.js:582:12)
      at next (node_modules/router/index.js:291:5)
      at next (src/middleware/requestGuards.js:69:2)
      at Layer.handleRequest (node_modules/router/lib/layer.js:152:17)
      at trimPrefix (node_modules/router/index.js:342:13)
      at node_modules/router/index.js:297:9
      at processParams (node_modules/router/index.js:582:12)
      at next (node_modules/router/index.js:291:5)
      at node_modules/express-rate-limit/dist/index.cjs:942:7
      at node_modules/express-rate-limit/dist/index.cjs:825:5

    console.error
      ERROR ≡ƒÆÑ: {
        message: 'Missing required fields',
        statusCode: 400,
        stack: undefined,
        timestamp: '2026-03-03T08:23:43.250Z',
        path: '/meals',
        method: 'POST'
      }

    [0m [90m 18 |[39m 		err[33m.[39mcode [33m||[39m 
(err[33m.[39mstatusCode [33m===[39m [35m500[39m [33m?[39m 
[32m"INTERNAL_ERROR"[39m [33m:[39m [32m"UNKNOWN_ERROR"[39m)[33m;[39m
     [90m 19 |[39m
    [31m[1m>[22m[39m[90m 20 |[39m 	console[33m.[39merror([32m"ERROR 
≡ƒÆÑ:"[39m[33m,[39m {
     [90m    |[39m 	        [31m[1m^[22m[39m
     [90m 21 |[39m 		message[33m:[39m err[33m.[39mmessage[33m,[39m
     [90m 22 |[39m 		statusCode[33m:[39m 
err[33m.[39mstatusCode[33m,[39m
     [90m 23 |[39m 		stack[33m:[39m 
process[33m.[39menv[33m.[39m[33mNODE_ENV[39m [33m===[39m 
[32m"development"[39m [33m?[39m err[33m.[39mstack [33m:[39m 
undefined[33m,[39m[0m

      at error (src/middleware/errorHandler.js:20:10)
      at Layer.handleError (node_modules/router/lib/layer.js:116:17)
      at trimPrefix (node_modules/router/index.js:340:13)
      at node_modules/router/index.js:297:9
      at processParams (node_modules/router/index.js:582:12)
      at next (node_modules/router/index.js:291:5)
      at next (src/middleware/errorHandler.js:181:2)
      at Layer.handleError (node_modules/router/lib/layer.js:116:17)
      at trimPrefix (node_modules/router/index.js:340:13)
      at node_modules/router/index.js:297:9
      at processParams (node_modules/router/index.js:582:12)
      at next (node_modules/router/index.js:291:5)
      at Layer.handleError (node_modules/router/lib/layer.js:111:12)
      at trimPrefix (node_modules/router/index.js:340:13)
      at node_modules/router/index.js:297:9
      at processParams (node_modules/router/index.js:582:12)
      at next (node_modules/router/index.js:291:5)
      at node_modules/router/index.js:688:15
      at next (node_modules/router/index.js:276:14)
      at next (node_modules/router/lib/route.js:132:14)
      at next (src/controllers/mealController.js:112:3)
      at Layer.handleRequest (node_modules/router/lib/layer.js:152:17)
      at next (node_modules/router/lib/route.js:157:13)
      at next (src/middleware/auth.js:65:2)
      at Layer.handleRequest (node_modules/router/lib/layer.js:152:17)
      at next (node_modules/router/lib/route.js:157:13)
      at next (src/middleware/auth.js:49:3)
      at Layer.handleRequest (node_modules/router/lib/layer.js:152:17)
      at next (node_modules/router/lib/route.js:157:13)
      at next (src/middleware/auth.js:31:2)

    console.error
      ERROR ≡ƒÆÑ: {
        message: 'Invalid quantity',
        statusCode: 400,
        stack: undefined,
        timestamp: '2026-03-03T08:23:43.285Z',
        path: '/meals',
        method: 'POST'
      }

    [0m [90m 18 |[39m 		err[33m.[39mcode [33m||[39m 
(err[33m.[39mstatusCode [33m===[39m [35m500[39m [33m?[39m 
[32m"INTERNAL_ERROR"[39m [33m:[39m [32m"UNKNOWN_ERROR"[39m)[33m;[39m
     [90m 19 |[39m
    [31m[1m>[22m[39m[90m 20 |[39m 	console[33m.[39merror([32m"ERROR 
≡ƒÆÑ:"[39m[33m,[39m {
     [90m    |[39m 	        [31m[1m^[22m[39m
     [90m 21 |[39m 		message[33m:[39m err[33m.[39mmessage[33m,[39m
     [90m 22 |[39m 		statusCode[33m:[39m 
err[33m.[39mstatusCode[33m,[39m
     [90m 23 |[39m 		stack[33m:[39m 
process[33m.[39menv[33m.[39m[33mNODE_ENV[39m [33m===[39m 
[32m"development"[39m [33m?[39m err[33m.[39mstack [33m:[39m 
undefined[33m,[39m[0m

      at error (src/middleware/errorHandler.js:20:10)
      at Layer.handleError (node_modules/router/lib/layer.js:116:17)
      at trimPrefix (node_modules/router/index.js:340:13)
      at node_modules/router/index.js:297:9
      at processParams (node_modules/router/index.js:582:12)
      at next (node_modules/router/index.js:291:5)
      at next (src/middleware/errorHandler.js:181:2)
      at Layer.handleError (node_modules/router/lib/layer.js:116:17)
      at trimPrefix (node_modules/router/index.js:340:13)
      at node_modules/router/index.js:297:9
      at processParams (node_modules/router/index.js:582:12)
      at next (node_modules/router/index.js:291:5)
      at Layer.handleError (node_modules/router/lib/layer.js:111:12)
      at trimPrefix (node_modules/router/index.js:340:13)
      at node_modules/router/index.js:297:9
      at processParams (node_modules/router/index.js:582:12)
      at next (node_modules/router/index.js:291:5)
      at node_modules/router/index.js:688:15
      at next (node_modules/router/index.js:276:14)
      at next (node_modules/router/lib/route.js:132:14)
      at next (src/controllers/mealController.js:112:3)
      at Layer.handleRequest (node_modules/router/lib/layer.js:152:17)
      at next (node_modules/router/lib/route.js:157:13)
      at next (src/middleware/auth.js:65:2)
      at Layer.handleRequest (node_modules/router/lib/layer.js:152:17)
      at next (node_modules/router/lib/route.js:157:13)
      at next (src/middleware/auth.js:49:3)
      at Layer.handleRequest (node_modules/router/lib/layer.js:152:17)
      at next (node_modules/router/lib/route.js:157:13)
      at next (src/middleware/auth.js:31:2)

    console.error
      ERROR ≡ƒÆÑ: {
        message: 'Access denied - insufficient permissions',
        statusCode: 403,
        stack: undefined,
        timestamp: '2026-03-03T08:23:43.310Z',
        path: '/meals',
        method: 'POST'
      }

    [0m [90m 18 |[39m 		err[33m.[39mcode [33m||[39m 
(err[33m.[39mstatusCode [33m===[39m [35m500[39m [33m?[39m 
[32m"INTERNAL_ERROR"[39m [33m:[39m [32m"UNKNOWN_ERROR"[39m)[33m;[39m
     [90m 19 |[39m
    [31m[1m>[22m[39m[90m 20 |[39m 	console[33m.[39merror([32m"ERROR 
≡ƒÆÑ:"[39m[33m,[39m {
     [90m    |[39m 	        [31m[1m^[22m[39m
     [90m 21 |[39m 		message[33m:[39m err[33m.[39mmessage[33m,[39m
     [90m 22 |[39m 		statusCode[33m:[39m 
err[33m.[39mstatusCode[33m,[39m
     [90m 23 |[39m 		stack[33m:[39m 
process[33m.[39menv[33m.[39m[33mNODE_ENV[39m [33m===[39m 
[32m"development"[39m [33m?[39m err[33m.[39mstack [33m:[39m 
undefined[33m,[39m[0m

      at error (src/middleware/errorHandler.js:20:10)
      at Layer.handleError (node_modules/router/lib/layer.js:116:17)
      at trimPrefix (node_modules/router/index.js:340:13)
      at node_modules/router/index.js:297:9
      at processParams (node_modules/router/index.js:582:12)
      at next (node_modules/router/index.js:291:5)
      at next (src/middleware/errorHandler.js:181:2)
      at Layer.handleError (node_modules/router/lib/layer.js:116:17)
      at trimPrefix (node_modules/router/index.js:340:13)
      at node_modules/router/index.js:297:9
      at processParams (node_modules/router/index.js:582:12)
      at next (node_modules/router/index.js:291:5)
      at Layer.handleError (node_modules/router/lib/layer.js:111:12)
      at trimPrefix (node_modules/router/index.js:340:13)
      at node_modules/router/index.js:297:9
      at processParams (node_modules/router/index.js:582:12)
      at next (node_modules/router/index.js:291:5)
      at node_modules/router/index.js:688:15
      at next (node_modules/router/index.js:276:14)
      at next (node_modules/router/lib/route.js:132:14)
      at Layer.handleError (node_modules/router/lib/layer.js:111:12)
      at next (node_modules/router/lib/route.js:155:13)
      at Layer.handleError (node_modules/router/lib/layer.js:111:12)
      at next (node_modules/router/lib/route.js:155:13)
      at next (src/middleware/auth.js:40:11)
      at Layer.handleRequest (node_modules/router/lib/layer.js:152:17)
      at next (node_modules/router/lib/route.js:157:13)
      at next (src/middleware/auth.js:31:2)

    console.error
      ERROR ≡ƒÆÑ: {
        message: 'Meal not found',
        statusCode: 404,
        stack: undefined,
        timestamp: '2026-03-03T08:23:43.439Z',
        path: '/meals/99999',
        method: 'GET'
      }

    [0m [90m 18 |[39m 		err[33m.[39mcode [33m||[39m 
(err[33m.[39mstatusCode [33m===[39m [35m500[39m [33m?[39m 
[32m"INTERNAL_ERROR"[39m [33m:[39m [32m"UNKNOWN_ERROR"[39m)[33m;[39m
     [90m 19 |[39m
    [31m[1m>[22m[39m[90m 20 |[39m 	console[33m.[39merror([32m"ERROR 
≡ƒÆÑ:"[39m[33m,[39m {
     [90m    |[39m 	        [31m[1m^[22m[39m
     [90m 21 |[39m 		message[33m:[39m err[33m.[39mmessage[33m,[39m
     [90m 22 |[39m 		statusCode[33m:[39m 
err[33m.[39mstatusCode[33m,[39m
     [90m 23 |[39m 		stack[33m:[39m 
process[33m.[39menv[33m.[39m[33mNODE_ENV[39m [33m===[39m 
[32m"development"[39m [33m?[39m err[33m.[39mstack [33m:[39m 
undefined[33m,[39m[0m

      at error (src/middleware/errorHandler.js:20:10)
      at Layer.handleError (node_modules/router/lib/layer.js:116:17)
      at trimPrefix (node_modules/router/index.js:340:13)
      at node_modules/router/index.js:297:9
      at processParams (node_modules/router/index.js:582:12)
      at next (node_modules/router/index.js:291:5)
      at next (src/middleware/errorHandler.js:181:2)
      at Layer.handleError (node_modules/router/lib/layer.js:116:17)
      at trimPrefix (node_modules/router/index.js:340:13)
      at node_modules/router/index.js:297:9
      at processParams (node_modules/router/index.js:582:12)
      at next (node_modules/router/index.js:291:5)
      at Layer.handleError (node_modules/router/lib/layer.js:111:12)
      at trimPrefix (node_modules/router/index.js:340:13)
      at node_modules/router/index.js:297:9
      at processParams (node_modules/router/index.js:582:12)
      at next (node_modules/router/index.js:291:5)
      at node_modules/router/index.js:688:15
      at next (node_modules/router/index.js:276:14)
      at next (node_modules/router/lib/route.js:132:14)
      at next (src/controllers/mealController.js:203:3)

    console.error
      ERROR ≡ƒÆÑ: {
        message: 'Invalid mealId. Must be a positive integer.',
        statusCode: 400,
        stack: undefined,
        timestamp: '2026-03-03T08:23:43.485Z',
        path: '/meals/invalid',
        method: 'GET'
      }

    [0m [90m 18 |[39m 		err[33m.[39mcode [33m||[39m 
(err[33m.[39mstatusCode [33m===[39m [35m500[39m [33m?[39m 
[32m"INTERNAL_ERROR"[39m [33m:[39m [32m"UNKNOWN_ERROR"[39m)[33m;[39m
     [90m 19 |[39m
    [31m[1m>[22m[39m[90m 20 |[39m 	console[33m.[39merror([32m"ERROR 
≡ƒÆÑ:"[39m[33m,[39m {
     [90m    |[39m 	        [31m[1m^[22m[39m
     [90m 21 |[39m 		message[33m:[39m err[33m.[39mmessage[33m,[39m
     [90m 22 |[39m 		statusCode[33m:[39m 
err[33m.[39mstatusCode[33m,[39m
     [90m 23 |[39m 		stack[33m:[39m 
process[33m.[39menv[33m.[39m[33mNODE_ENV[39m [33m===[39m 
[32m"development"[39m [33m?[39m err[33m.[39mstack [33m:[39m 
undefined[33m,[39m[0m

      at error (src/middleware/errorHandler.js:20:10)
      at Layer.handleError (node_modules/router/lib/layer.js:116:17)
      at trimPrefix (node_modules/router/index.js:340:13)
      at node_modules/router/index.js:297:9
      at processParams (node_modules/router/index.js:582:12)
      at next (node_modules/router/index.js:291:5)
      at next (src/middleware/errorHandler.js:181:2)
      at Layer.handleError (node_modules/router/lib/layer.js:116:17)
      at trimPrefix (node_modules/router/index.js:340:13)
      at node_modules/router/index.js:297:9
      at processParams (node_modules/router/index.js:582:12)
      at next (node_modules/router/index.js:291:5)
      at Layer.handleError (node_modules/router/lib/layer.js:111:12)
      at trimPrefix (node_modules/router/index.js:340:13)
      at node_modules/router/index.js:297:9
      at processParams (node_modules/router/index.js:582:12)
      at next (node_modules/router/index.js:291:5)
      at node_modules/router/index.js:688:15
      at next (node_modules/router/index.js:276:14)
      at next (node_modules/router/lib/route.js:132:14)
      at Layer.handleError (node_modules/router/lib/layer.js:111:12)
      at next (node_modules/router/lib/route.js:155:13)
      at next (src/middleware/validate.js:215:10)
      at Layer.handleRequest (node_modules/router/lib/layer.js:152:17)
      at next (node_modules/router/lib/route.js:157:13)
      at Route.dispatch (node_modules/router/lib/route.js:117:3)
      at handle (node_modules/router/index.js:435:11)
      at Layer.handleRequest (node_modules/router/lib/layer.js:152:17)
      at node_modules/router/index.js:295:15
      at param (node_modules/router/index.js:600:14)
      at param (node_modules/router/index.js:610:14)
      at processParams (node_modules/router/index.js:664:3)
      at next (node_modules/router/index.js:291:5)
      at router.handle (node_modules/router/index.js:186:3)
      at router (node_modules/router/index.js:60:12)
      at Layer.handleRequest (node_modules/router/lib/layer.js:152:17)
      at trimPrefix (node_modules/router/index.js:342:13)
      at node_modules/router/index.js:297:9
      at processParams (node_modules/router/index.js:582:12)
      at next (node_modules/router/index.js:291:5)
      at next (src/middleware/requestGuards.js:69:2)
      at Layer.handleRequest (node_modules/router/lib/layer.js:152:17)
      at trimPrefix (node_modules/router/index.js:342:13)
      at node_modules/router/index.js:297:9
      at processParams (node_modules/router/index.js:582:12)
      at next (node_modules/router/index.js:291:5)
      at node_modules/express-rate-limit/dist/index.cjs:942:7
      at node_modules/express-rate-limit/dist/index.cjs:825:5

    console.error
      ERROR ≡ƒÆÑ: {
        message: 'Invalid status',
        statusCode: 400,
        stack: undefined,
        timestamp: '2026-03-03T08:23:43.556Z',
        path: '/meals/status/INVALID_STATUS',
        method: 'GET'
      }

    [0m [90m 18 |[39m 		err[33m.[39mcode [33m||[39m 
(err[33m.[39mstatusCode [33m===[39m [35m500[39m [33m?[39m 
[32m"INTERNAL_ERROR"[39m [33m:[39m [32m"UNKNOWN_ERROR"[39m)[33m;[39m
     [90m 19 |[39m
    [31m[1m>[22m[39m[90m 20 |[39m 	console[33m.[39merror([32m"ERROR 
≡ƒÆÑ:"[39m[33m,[39m {
     [90m    |[39m 	        [31m[1m^[22m[39m
     [90m 21 |[39m 		message[33m:[39m err[33m.[39mmessage[33m,[39m
     [90m 22 |[39m 		statusCode[33m:[39m 
err[33m.[39mstatusCode[33m,[39m
     [90m 23 |[39m 		stack[33m:[39m 
process[33m.[39menv[33m.[39m[33mNODE_ENV[39m [33m===[39m 
[32m"development"[39m [33m?[39m err[33m.[39mstack [33m:[39m 
undefined[33m,[39m[0m

      at error (src/middleware/errorHandler.js:20:10)
      at Layer.handleError (node_modules/router/lib/layer.js:116:17)
      at trimPrefix (node_modules/router/index.js:340:13)
      at node_modules/router/index.js:297:9
      at processParams (node_modules/router/index.js:582:12)
      at next (node_modules/router/index.js:291:5)
      at next (src/middleware/errorHandler.js:181:2)
      at Layer.handleError (node_modules/router/lib/layer.js:116:17)
      at trimPrefix (node_modules/router/index.js:340:13)
      at node_modules/router/index.js:297:9
      at processParams (node_modules/router/index.js:582:12)
      at next (node_modules/router/index.js:291:5)
      at Layer.handleError (node_modules/router/lib/layer.js:111:12)
      at trimPrefix (node_modules/router/index.js:340:13)
      at node_modules/router/index.js:297:9
      at processParams (node_modules/router/index.js:582:12)
      at next (node_modules/router/index.js:291:5)
      at node_modules/router/index.js:688:15
      at next (node_modules/router/index.js:276:14)
      at next (node_modules/router/lib/route.js:132:14)
      at next (src/controllers/mealController.js:174:3)
      at Layer.handleRequest (node_modules/router/lib/layer.js:152:17)
      at next (node_modules/router/lib/route.js:157:13)
      at Route.dispatch (node_modules/router/lib/route.js:117:3)
      at handle (node_modules/router/index.js:435:11)
      at Layer.handleRequest (node_modules/router/lib/layer.js:152:17)
      at node_modules/router/index.js:295:15
      at param (node_modules/router/index.js:600:14)
      at param (node_modules/router/index.js:610:14)
      at processParams (node_modules/router/index.js:664:3)
      at next (node_modules/router/index.js:291:5)
      at router.handle (node_modules/router/index.js:186:3)
      at router (node_modules/router/index.js:60:12)
      at Layer.handleRequest (node_modules/router/lib/layer.js:152:17)
      at trimPrefix (node_modules/router/index.js:342:13)
      at node_modules/router/index.js:297:9
      at processParams (node_modules/router/index.js:582:12)
      at next (node_modules/router/index.js:291:5)
      at next (src/middleware/requestGuards.js:69:2)
      at Layer.handleRequest (node_modules/router/lib/layer.js:152:17)
      at trimPrefix (node_modules/router/index.js:342:13)
      at node_modules/router/index.js:297:9
      at processParams (node_modules/router/index.js:582:12)
      at next (node_modules/router/index.js:291:5)
      at node_modules/express-rate-limit/dist/index.cjs:942:7
      at node_modules/express-rate-limit/dist/index.cjs:825:5

    console.error
      ERROR ≡ƒÆÑ: {
        message: 'No token provided',
        statusCode: 401,
        stack: undefined,
        timestamp: '2026-03-03T08:23:43.664Z',
        path: '/meals/my/list',
        method: 'GET'
      }

    [0m [90m 18 |[39m 		err[33m.[39mcode [33m||[39m 
(err[33m.[39mstatusCode [33m===[39m [35m500[39m [33m?[39m 
[32m"INTERNAL_ERROR"[39m [33m:[39m [32m"UNKNOWN_ERROR"[39m)[33m;[39m
     [90m 19 |[39m
    [31m[1m>[22m[39m[90m 20 |[39m 	console[33m.[39merror([32m"ERROR 
≡ƒÆÑ:"[39m[33m,[39m {
     [90m    |[39m 	        [31m[1m^[22m[39m
     [90m 21 |[39m 		message[33m:[39m err[33m.[39mmessage[33m,[39m
     [90m 22 |[39m 		statusCode[33m:[39m 
err[33m.[39mstatusCode[33m,[39m
     [90m 23 |[39m 		stack[33m:[39m 
process[33m.[39menv[33m.[39m[33mNODE_ENV[39m [33m===[39m 
[32m"development"[39m [33m?[39m err[33m.[39mstack [33m:[39m 
undefined[33m,[39m[0m

      at error (src/middleware/errorHandler.js:20:10)
      at Layer.handleError (node_modules/router/lib/layer.js:116:17)
      at trimPrefix (node_modules/router/index.js:340:13)
      at node_modules/router/index.js:297:9
      at processParams (node_modules/router/index.js:582:12)
      at next (node_modules/router/index.js:291:5)
      at next (src/middleware/errorHandler.js:181:2)
      at Layer.handleError (node_modules/router/lib/layer.js:116:17)
      at trimPrefix (node_modules/router/index.js:340:13)
      at node_modules/router/index.js:297:9
      at processParams (node_modules/router/index.js:582:12)
      at next (node_modules/router/index.js:291:5)
      at Layer.handleError (node_modules/router/lib/layer.js:111:12)
      at trimPrefix (node_modules/router/index.js:340:13)
      at node_modules/router/index.js:297:9
      at processParams (node_modules/router/index.js:582:12)
      at next (node_modules/router/index.js:291:5)
      at node_modules/router/index.js:688:15
      at next (node_modules/router/index.js:276:14)
      at next (node_modules/router/lib/route.js:132:14)
      at Layer.handleError (node_modules/router/lib/layer.js:111:12)
      at next (node_modules/router/lib/route.js:155:13)
      at Layer.handleError (node_modules/router/lib/layer.js:111:12)
      at next (node_modules/router/lib/route.js:155:13)
      at next (src/middleware/auth.js:13:10)
      at fn (src/utils/catchAsync.js:85:3)
      at Layer.handleRequest (node_modules/router/lib/layer.js:152:17)
      at next (node_modules/router/lib/route.js:157:13)
      at Route.dispatch (node_modules/router/lib/route.js:117:3)
      at handle (node_modules/router/index.js:435:11)
      at Layer.handleRequest (node_modules/router/lib/layer.js:152:17)
      at node_modules/router/index.js:295:15
      at processParams (node_modules/router/index.js:582:12)
      at next (node_modules/router/index.js:291:5)
      at router.handle (node_modules/router/index.js:186:3)
      at router (node_modules/router/index.js:60:12)
      at Layer.handleRequest (node_modules/router/lib/layer.js:152:17)
      at trimPrefix (node_modules/router/index.js:342:13)
      at node_modules/router/index.js:297:9
      at processParams (node_modules/router/index.js:582:12)
      at next (node_modules/router/index.js:291:5)
      at next (src/middleware/requestGuards.js:69:2)
      at Layer.handleRequest (node_modules/router/lib/layer.js:152:17)
      at trimPrefix (node_modules/router/index.js:342:13)
      at node_modules/router/index.js:297:9
      at processParams (node_modules/router/index.js:582:12)
      at next (node_modules/router/index.js:291:5)
      at node_modules/express-rate-limit/dist/index.cjs:942:7
      at node_modules/express-rate-limit/dist/index.cjs:825:5

    console.error
      ERROR ≡ƒÆÑ: {
        message: 'Access denied - insufficient permissions',
        statusCode: 403,
        stack: undefined,
        timestamp: '2026-03-03T08:23:43.683Z',
        path: '/meals/my/list',
        method: 'GET'
      }

    [0m [90m 18 |[39m 		err[33m.[39mcode [33m||[39m 
(err[33m.[39mstatusCode [33m===[39m [35m500[39m [33m?[39m 
[32m"INTERNAL_ERROR"[39m [33m:[39m [32m"UNKNOWN_ERROR"[39m)[33m;[39m
     [90m 19 |[39m
    [31m[1m>[22m[39m[90m 20 |[39m 	console[33m.[39merror([32m"ERROR 
≡ƒÆÑ:"[39m[33m,[39m {
     [90m    |[39m 	        [31m[1m^[22m[39m
     [90m 21 |[39m 		message[33m:[39m err[33m.[39mmessage[33m,[39m
     [90m 22 |[39m 		statusCode[33m:[39m 
err[33m.[39mstatusCode[33m,[39m
     [90m 23 |[39m 		stack[33m:[39m 
process[33m.[39menv[33m.[39m[33mNODE_ENV[39m [33m===[39m 
[32m"development"[39m [33m?[39m err[33m.[39mstack [33m:[39m 
undefined[33m,[39m[0m

      at error (src/middleware/errorHandler.js:20:10)
      at Layer.handleError (node_modules/router/lib/layer.js:116:17)
      at trimPrefix (node_modules/router/index.js:340:13)
      at node_modules/router/index.js:297:9
      at processParams (node_modules/router/index.js:582:12)
      at next (node_modules/router/index.js:291:5)
      at next (src/middleware/errorHandler.js:181:2)
      at Layer.handleError (node_modules/router/lib/layer.js:116:17)
      at trimPrefix (node_modules/router/index.js:340:13)
      at node_modules/router/index.js:297:9
      at processParams (node_modules/router/index.js:582:12)
      at next (node_modules/router/index.js:291:5)
      at Layer.handleError (node_modules/router/lib/layer.js:111:12)
      at trimPrefix (node_modules/router/index.js:340:13)
      at node_modules/router/index.js:297:9
      at processParams (node_modules/router/index.js:582:12)
      at next (node_modules/router/index.js:291:5)
      at node_modules/router/index.js:688:15
      at next (node_modules/router/index.js:276:14)
      at next (node_modules/router/lib/route.js:132:14)
      at Layer.handleError (node_modules/router/lib/layer.js:111:12)
      at next (node_modules/router/lib/route.js:155:13)
      at next (src/middleware/auth.js:40:11)
      at Layer.handleRequest (node_modules/router/lib/layer.js:152:17)
      at next (node_modules/router/lib/route.js:157:13)
      at next (src/middleware/auth.js:31:2)

    console.error
      ERROR ≡ƒÆÑ: {
        message: 'Access denied - insufficient permissions',
        statusCode: 403,
        stack: undefined,
        timestamp: '2026-03-03T08:23:43.775Z',
        path: '/meals/122',
        method: 'PATCH'
      }

    [0m [90m 18 |[39m 		err[33m.[39mcode [33m||[39m 
(err[33m.[39mstatusCode [33m===[39m [35m500[39m [33m?[39m 
[32m"INTERNAL_ERROR"[39m [33m:[39m [32m"UNKNOWN_ERROR"[39m)[33m;[39m
     [90m 19 |[39m
    [31m[1m>[22m[39m[90m 20 |[39m 	console[33m.[39merror([32m"ERROR 
≡ƒÆÑ:"[39m[33m,[39m {
     [90m    |[39m 	        [31m[1m^[22m[39m
     [90m 21 |[39m 		message[33m:[39m err[33m.[39mmessage[33m,[39m
     [90m 22 |[39m 		statusCode[33m:[39m 
err[33m.[39mstatusCode[33m,[39m
     [90m 23 |[39m 		stack[33m:[39m 
process[33m.[39menv[33m.[39m[33mNODE_ENV[39m [33m===[39m 
[32m"development"[39m [33m?[39m err[33m.[39mstack [33m:[39m 
undefined[33m,[39m[0m

      at error (src/middleware/errorHandler.js:20:10)
      at Layer.handleError (node_modules/router/lib/layer.js:116:17)
      at trimPrefix (node_modules/router/index.js:340:13)
      at node_modules/router/index.js:297:9
      at processParams (node_modules/router/index.js:582:12)
      at next (node_modules/router/index.js:291:5)
      at next (src/middleware/errorHandler.js:181:2)
      at Layer.handleError (node_modules/router/lib/layer.js:116:17)
      at trimPrefix (node_modules/router/index.js:340:13)
      at node_modules/router/index.js:297:9
      at processParams (node_modules/router/index.js:582:12)
      at next (node_modules/router/index.js:291:5)
      at Layer.handleError (node_modules/router/lib/layer.js:111:12)
      at trimPrefix (node_modules/router/index.js:340:13)
      at node_modules/router/index.js:297:9
      at processParams (node_modules/router/index.js:582:12)
      at next (node_modules/router/index.js:291:5)
      at node_modules/router/index.js:688:15
      at next (node_modules/router/index.js:276:14)
      at next (node_modules/router/lib/route.js:132:14)
      at Layer.handleError (node_modules/router/lib/layer.js:111:12)
      at next (node_modules/router/lib/route.js:155:13)
      at next (src/middleware/auth.js:40:11)
      at Layer.handleRequest (node_modules/router/lib/layer.js:152:17)
      at next (node_modules/router/lib/route.js:157:13)
      at next (src/middleware/auth.js:31:2)

    console.error
      ERROR ≡ƒÆÑ: {
        message: 'No token provided',
        statusCode: 401,
        stack: undefined,
        timestamp: '2026-03-03T08:23:43.814Z',
        path: '/meals/122',
        method: 'PATCH'
      }

    [0m [90m 18 |[39m 		err[33m.[39mcode [33m||[39m 
(err[33m.[39mstatusCode [33m===[39m [35m500[39m [33m?[39m 
[32m"INTERNAL_ERROR"[39m [33m:[39m [32m"UNKNOWN_ERROR"[39m)[33m;[39m
     [90m 19 |[39m
    [31m[1m>[22m[39m[90m 20 |[39m 	console[33m.[39merror([32m"ERROR 
≡ƒÆÑ:"[39m[33m,[39m {
     [90m    |[39m 	        [31m[1m^[22m[39m
     [90m 21 |[39m 		message[33m:[39m err[33m.[39mmessage[33m,[39m
     [90m 22 |[39m 		statusCode[33m:[39m 
err[33m.[39mstatusCode[33m,[39m
     [90m 23 |[39m 		stack[33m:[39m 
process[33m.[39menv[33m.[39m[33mNODE_ENV[39m [33m===[39m 
[32m"development"[39m [33m?[39m err[33m.[39mstack [33m:[39m 
undefined[33m,[39m[0m

      at error (src/middleware/errorHandler.js:20:10)
      at Layer.handleError (node_modules/router/lib/layer.js:116:17)
      at trimPrefix (node_modules/router/index.js:340:13)
      at node_modules/router/index.js:297:9
      at processParams (node_modules/router/index.js:582:12)
      at next (node_modules/router/index.js:291:5)
      at next (src/middleware/errorHandler.js:181:2)
      at Layer.handleError (node_modules/router/lib/layer.js:116:17)
      at trimPrefix (node_modules/router/index.js:340:13)
      at node_modules/router/index.js:297:9
      at processParams (node_modules/router/index.js:582:12)
      at next (node_modules/router/index.js:291:5)
      at Layer.handleError (node_modules/router/lib/layer.js:111:12)
      at trimPrefix (node_modules/router/index.js:340:13)
      at node_modules/router/index.js:297:9
      at processParams (node_modules/router/index.js:582:12)
      at next (node_modules/router/index.js:291:5)
      at node_modules/router/index.js:688:15
      at next (node_modules/router/index.js:276:14)
      at next (node_modules/router/lib/route.js:132:14)
      at Layer.handleError (node_modules/router/lib/layer.js:111:12)
      at next (node_modules/router/lib/route.js:155:13)
      at Layer.handleError (node_modules/router/lib/layer.js:111:12)
      at next (node_modules/router/lib/route.js:155:13)
      at next (src/middleware/auth.js:13:10)
      at fn (src/utils/catchAsync.js:85:3)
      at Layer.handleRequest (node_modules/router/lib/layer.js:152:17)
      at next (node_modules/router/lib/route.js:157:13)
      at next (src/middleware/validate.js:225:9)
      at Layer.handleRequest (node_modules/router/lib/layer.js:152:17)
      at next (node_modules/router/lib/route.js:157:13)
      at Route.dispatch (node_modules/router/lib/route.js:117:3)
      at handle (node_modules/router/index.js:435:11)
      at Layer.handleRequest (node_modules/router/lib/layer.js:152:17)
      at node_modules/router/index.js:295:15
      at param (node_modules/router/index.js:600:14)
      at param (node_modules/router/index.js:610:14)
      at processParams (node_modules/router/index.js:664:3)
      at next (node_modules/router/index.js:291:5)
      at router.handle (node_modules/router/index.js:186:3)
      at router (node_modules/router/index.js:60:12)
      at Layer.handleRequest (node_modules/router/lib/layer.js:152:17)
      at trimPrefix (node_modules/router/index.js:342:13)
      at node_modules/router/index.js:297:9
      at processParams (node_modules/router/index.js:582:12)
      at next (node_modules/router/index.js:291:5)
      at next (src/middleware/requestGuards.js:69:2)
      at Layer.handleRequest (node_modules/router/lib/layer.js:152:17)
      at trimPrefix (node_modules/router/index.js:342:13)
      at node_modules/router/index.js:297:9
      at processParams (node_modules/router/index.js:582:12)
      at next (node_modules/router/index.js:291:5)
      at node_modules/express-rate-limit/dist/index.cjs:942:7
      at node_modules/express-rate-limit/dist/index.cjs:825:5

    console.error
      ERROR ≡ƒÆÑ: {
        message: 'Meal not found',
        statusCode: 404,
        stack: undefined,
        timestamp: '2026-03-03T08:23:43.850Z',
        path: '/meals/99999',
        method: 'PATCH'
      }

    [0m [90m 18 |[39m 		err[33m.[39mcode [33m||[39m 
(err[33m.[39mstatusCode [33m===[39m [35m500[39m [33m?[39m 
[32m"INTERNAL_ERROR"[39m [33m:[39m [32m"UNKNOWN_ERROR"[39m)[33m;[39m
     [90m 19 |[39m
    [31m[1m>[22m[39m[90m 20 |[39m 	console[33m.[39merror([32m"ERROR 
≡ƒÆÑ:"[39m[33m,[39m {
     [90m    |[39m 	        [31m[1m^[22m[39m
     [90m 21 |[39m 		message[33m:[39m err[33m.[39mmessage[33m,[39m
     [90m 22 |[39m 		statusCode[33m:[39m 
err[33m.[39mstatusCode[33m,[39m
     [90m 23 |[39m 		stack[33m:[39m 
process[33m.[39menv[33m.[39m[33mNODE_ENV[39m [33m===[39m 
[32m"development"[39m [33m?[39m err[33m.[39mstack [33m:[39m 
undefined[33m,[39m[0m

      at error (src/middleware/errorHandler.js:20:10)
      at Layer.handleError (node_modules/router/lib/layer.js:116:17)
      at trimPrefix (node_modules/router/index.js:340:13)
      at node_modules/router/index.js:297:9
      at processParams (node_modules/router/index.js:582:12)
      at next (node_modules/router/index.js:291:5)
      at next (src/middleware/errorHandler.js:181:2)
      at Layer.handleError (node_modules/router/lib/layer.js:116:17)
      at trimPrefix (node_modules/router/index.js:340:13)
      at node_modules/router/index.js:297:9
      at processParams (node_modules/router/index.js:582:12)
      at next (node_modules/router/index.js:291:5)
      at Layer.handleError (node_modules/router/lib/layer.js:111:12)
      at trimPrefix (node_modules/router/index.js:340:13)
      at node_modules/router/index.js:297:9
      at processParams (node_modules/router/index.js:582:12)
      at next (node_modules/router/index.js:291:5)
      at node_modules/router/index.js:688:15
      at next (node_modules/router/index.js:276:14)
      at next (node_modules/router/lib/route.js:132:14)
      at next (src/controllers/mealController.js:291:3)

    console.error
      ERROR ≡ƒÆÑ: {
        message: 'Access denied - insufficient permissions',
        statusCode: 403,
        stack: undefined,
        timestamp: '2026-03-03T08:23:43.922Z',
        path: '/meals/122',
        method: 'DELETE'
      }

    [0m [90m 18 |[39m 		err[33m.[39mcode [33m||[39m 
(err[33m.[39mstatusCode [33m===[39m [35m500[39m [33m?[39m 
[32m"INTERNAL_ERROR"[39m [33m:[39m [32m"UNKNOWN_ERROR"[39m)[33m;[39m
     [90m 19 |[39m
    [31m[1m>[22m[39m[90m 20 |[39m 	console[33m.[39merror([32m"ERROR 
≡ƒÆÑ:"[39m[33m,[39m {
     [90m    |[39m 	        [31m[1m^[22m[39m
     [90m 21 |[39m 		message[33m:[39m err[33m.[39mmessage[33m,[39m
     [90m 22 |[39m 		statusCode[33m:[39m 
err[33m.[39mstatusCode[33m,[39m
     [90m 23 |[39m 		stack[33m:[39m 
process[33m.[39menv[33m.[39m[33mNODE_ENV[39m [33m===[39m 
[32m"development"[39m [33m?[39m err[33m.[39mstack [33m:[39m 
undefined[33m,[39m[0m

      at error (src/middleware/errorHandler.js:20:10)
      at Layer.handleError (node_modules/router/lib/layer.js:116:17)
      at trimPrefix (node_modules/router/index.js:340:13)
      at node_modules/router/index.js:297:9
      at processParams (node_modules/router/index.js:582:12)
      at next (node_modules/router/index.js:291:5)
      at next (src/middleware/errorHandler.js:181:2)
      at Layer.handleError (node_modules/router/lib/layer.js:116:17)
      at trimPrefix (node_modules/router/index.js:340:13)
      at node_modules/router/index.js:297:9
      at processParams (node_modules/router/index.js:582:12)
      at next (node_modules/router/index.js:291:5)
      at Layer.handleError (node_modules/router/lib/layer.js:111:12)
      at trimPrefix (node_modules/router/index.js:340:13)
      at node_modules/router/index.js:297:9
      at processParams (node_modules/router/index.js:582:12)
      at Immediate.next (node_modules/router/index.js:291:5)
      at Immediate._onImmediate (node_modules/router/index.js:688:15)

    console.error
      ERROR ≡ƒÆÑ: {
        message: 'No token provided',
        statusCode: 401,
        stack: undefined,
        timestamp: '2026-03-03T08:23:43.966Z',
        path: '/meals/122',
        method: 'DELETE'
      }

    [0m [90m 18 |[39m 		err[33m.[39mcode [33m||[39m 
(err[33m.[39mstatusCode [33m===[39m [35m500[39m [33m?[39m 
[32m"INTERNAL_ERROR"[39m [33m:[39m [32m"UNKNOWN_ERROR"[39m)[33m;[39m
     [90m 19 |[39m
    [31m[1m>[22m[39m[90m 20 |[39m 	console[33m.[39merror([32m"ERROR 
≡ƒÆÑ:"[39m[33m,[39m {
     [90m    |[39m 	        [31m[1m^[22m[39m
     [90m 21 |[39m 		message[33m:[39m err[33m.[39mmessage[33m,[39m
     [90m 22 |[39m 		statusCode[33m:[39m 
err[33m.[39mstatusCode[33m,[39m
     [90m 23 |[39m 		stack[33m:[39m 
process[33m.[39menv[33m.[39m[33mNODE_ENV[39m [33m===[39m 
[32m"development"[39m [33m?[39m err[33m.[39mstack [33m:[39m 
undefined[33m,[39m[0m

      at error (src/middleware/errorHandler.js:20:10)
      at Layer.handleError (node_modules/router/lib/layer.js:116:17)
      at trimPrefix (node_modules/router/index.js:340:13)
      at node_modules/router/index.js:297:9
      at processParams (node_modules/router/index.js:582:12)
      at next (node_modules/router/index.js:291:5)
      at next (src/middleware/errorHandler.js:181:2)
      at Layer.handleError (node_modules/router/lib/layer.js:116:17)
      at trimPrefix (node_modules/router/index.js:340:13)
      at node_modules/router/index.js:297:9
      at processParams (node_modules/router/index.js:582:12)
      at next (node_modules/router/index.js:291:5)
      at Layer.handleError (node_modules/router/lib/layer.js:111:12)
      at trimPrefix (node_modules/router/index.js:340:13)
      at node_modules/router/index.js:297:9
      at processParams (node_modules/router/index.js:582:12)
      at Immediate.next (node_modules/router/index.js:291:5)
      at Immediate._onImmediate (node_modules/router/index.js:688:15)

    console.error
      ERROR ≡ƒÆÑ: {
        message: 'Meal not found',
        statusCode: 404,
        stack: undefined,
        timestamp: '2026-03-03T08:23:43.981Z',
        path: '/meals/99999',
        method: 'DELETE'
      }

    [0m [90m 18 |[39m 		err[33m.[39mcode [33m||[39m 
(err[33m.[39mstatusCode [33m===[39m [35m500[39m [33m?[39m 
[32m"INTERNAL_ERROR"[39m [33m:[39m [32m"UNKNOWN_ERROR"[39m)[33m;[39m
     [90m 19 |[39m
    [31m[1m>[22m[39m[90m 20 |[39m 	console[33m.[39merror([32m"ERROR 
≡ƒÆÑ:"[39m[33m,[39m {
     [90m    |[39m 	        [31m[1m^[22m[39m
     [90m 21 |[39m 		message[33m:[39m err[33m.[39mmessage[33m,[39m
     [90m 22 |[39m 		statusCode[33m:[39m 
err[33m.[39mstatusCode[33m,[39m
     [90m 23 |[39m 		stack[33m:[39m 
process[33m.[39menv[33m.[39m[33mNODE_ENV[39m [33m===[39m 
[32m"development"[39m [33m?[39m err[33m.[39mstack [33m:[39m 
undefined[33m,[39m[0m

      at error (src/middleware/errorHandler.js:20:10)
      at Layer.handleError (node_modules/router/lib/layer.js:116:17)
      at trimPrefix (node_modules/router/index.js:340:13)
      at node_modules/router/index.js:297:9
      at processParams (node_modules/router/index.js:582:12)
      at next (node_modules/router/index.js:291:5)
      at next (src/middleware/errorHandler.js:181:2)
      at Layer.handleError (node_modules/router/lib/layer.js:116:17)
      at trimPrefix (node_modules/router/index.js:340:13)
      at node_modules/router/index.js:297:9
      at processParams (node_modules/router/index.js:582:12)
      at next (node_modules/router/index.js:291:5)
      at Layer.handleError (node_modules/router/lib/layer.js:111:12)
      at trimPrefix (node_modules/router/index.js:340:13)
      at node_modules/router/index.js:297:9
      at processParams (node_modules/router/index.js:582:12)
      at Immediate.next (node_modules/router/index.js:291:5)
      at Immediate._onImmediate (node_modules/router/index.js:688:15)

(node:24604) Warning: `--localstorage-file` was provided without a valid path
(node:24748) Warning: `--localstorage-file` was provided without a valid path
FAIL tests/admin.test.js (6.431 s)
  ΓùÅ Console

    console.log
      [dotenv@17.3.1] injecting env (5) from .env.test -- tip: ≡ƒöÉ prevent 
committing .env to code: https://dotenvx.com/precommit

      at _log (node_modules/dotenv/lib/main.js:139:11)

    console.log
      ≡ƒöì App DB_NAME: sharemeal_test

      at Object.log (src/app.js:5:9)

    console.log
      Γ£à ShareAMeal Backend Starting...

      at Object.log (src/app.js:32:9)

    console.log
      ≡ƒô¥ NODE_ENV: test

      at Object.log (src/app.js:33:9)

    console.log
      ≡ƒöù API_URL configured

      at Object.log (src/app.js:34:9)

    console.error
      ERROR ≡ƒÆÑ: {
        message: 'No token provided',
        statusCode: 401,
        stack: undefined,
        timestamp: '2026-03-03T08:23:43.118Z',
        path: '/admin/users/pending',
        method: 'GET'
      }

    [0m [90m 18 |[39m 		err[33m.[39mcode [33m||[39m 
(err[33m.[39mstatusCode [33m===[39m [35m500[39m [33m?[39m 
[32m"INTERNAL_ERROR"[39m [33m:[39m [32m"UNKNOWN_ERROR"[39m)[33m;[39m
     [90m 19 |[39m
    [31m[1m>[22m[39m[90m 20 |[39m 	console[33m.[39merror([32m"ERROR 
≡ƒÆÑ:"[39m[33m,[39m {
     [90m    |[39m 	        [31m[1m^[22m[39m
     [90m 21 |[39m 		message[33m:[39m err[33m.[39mmessage[33m,[39m
     [90m 22 |[39m 		statusCode[33m:[39m 
err[33m.[39mstatusCode[33m,[39m
     [90m 23 |[39m 		stack[33m:[39m 
process[33m.[39menv[33m.[39m[33mNODE_ENV[39m [33m===[39m 
[32m"development"[39m [33m?[39m err[33m.[39mstack [33m:[39m 
undefined[33m,[39m[0m

      at error (src/middleware/errorHandler.js:20:10)
      at Layer.handleError (node_modules/router/lib/layer.js:116:17)
      at trimPrefix (node_modules/router/index.js:340:13)
      at node_modules/router/index.js:297:9
      at processParams (node_modules/router/index.js:582:12)
      at next (node_modules/router/index.js:291:5)
      at next (src/middleware/errorHandler.js:181:2)
      at Layer.handleError (node_modules/router/lib/layer.js:116:17)
      at trimPrefix (node_modules/router/index.js:340:13)
      at node_modules/router/index.js:297:9
      at processParams (node_modules/router/index.js:582:12)
      at next (node_modules/router/index.js:291:5)
      at Layer.handleError (node_modules/router/lib/layer.js:111:12)
      at trimPrefix (node_modules/router/index.js:340:13)
      at node_modules/router/index.js:297:9
      at processParams (node_modules/router/index.js:582:12)
      at next (node_modules/router/index.js:291:5)
      at node_modules/router/index.js:688:15
      at next (node_modules/router/index.js:276:14)
      at next (node_modules/router/lib/route.js:132:14)
      at Layer.handleError (node_modules/router/lib/layer.js:111:12)
      at next (node_modules/router/lib/route.js:155:13)
      at Layer.handleError (node_modules/router/lib/layer.js:111:12)
      at next (node_modules/router/lib/route.js:155:13)
      at next (src/middleware/auth.js:13:10)
      at fn (src/utils/catchAsync.js:85:3)
      at Layer.handleRequest (node_modules/router/lib/layer.js:152:17)
      at next (node_modules/router/lib/route.js:157:13)
      at Route.dispatch (node_modules/router/lib/route.js:117:3)
      at handle (node_modules/router/index.js:435:11)
      at Layer.handleRequest (node_modules/router/lib/layer.js:152:17)
      at node_modules/router/index.js:295:15
      at processParams (node_modules/router/index.js:582:12)
      at next (node_modules/router/index.js:291:5)
      at router.handle (node_modules/router/index.js:186:3)
      at router (node_modules/router/index.js:60:12)
      at Layer.handleRequest (node_modules/router/lib/layer.js:152:17)
      at trimPrefix (node_modules/router/index.js:342:13)
      at node_modules/router/index.js:297:9
      at processParams (node_modules/router/index.js:582:12)
      at next (node_modules/router/index.js:291:5)
      at next (src/middleware/requestGuards.js:69:2)
      at Layer.handleRequest (node_modules/router/lib/layer.js:152:17)
      at trimPrefix (node_modules/router/index.js:342:13)
      at node_modules/router/index.js:297:9
      at processParams (node_modules/router/index.js:582:12)
      at next (node_modules/router/index.js:291:5)
      at node_modules/express-rate-limit/dist/index.cjs:942:7
      at node_modules/express-rate-limit/dist/index.cjs:825:5

    console.error
      ERROR ≡ƒÆÑ: {
        message: 'Access denied - insufficient permissions',
        statusCode: 403,
        stack: undefined,
        timestamp: '2026-03-03T08:23:43.235Z',
        path: '/admin/users/pending',
        method: 'GET'
      }

    [0m [90m 18 |[39m 		err[33m.[39mcode [33m||[39m 
(err[33m.[39mstatusCode [33m===[39m [35m500[39m [33m?[39m 
[32m"INTERNAL_ERROR"[39m [33m:[39m [32m"UNKNOWN_ERROR"[39m)[33m;[39m
     [90m 19 |[39m
    [31m[1m>[22m[39m[90m 20 |[39m 	console[33m.[39merror([32m"ERROR 
≡ƒÆÑ:"[39m[33m,[39m {
     [90m    |[39m 	        [31m[1m^[22m[39m
     [90m 21 |[39m 		message[33m:[39m err[33m.[39mmessage[33m,[39m
     [90m 22 |[39m 		statusCode[33m:[39m 
err[33m.[39mstatusCode[33m,[39m
     [90m 23 |[39m 		stack[33m:[39m 
process[33m.[39menv[33m.[39m[33mNODE_ENV[39m [33m===[39m 
[32m"development"[39m [33m?[39m err[33m.[39mstack [33m:[39m 
undefined[33m,[39m[0m

      at error (src/middleware/errorHandler.js:20:10)
      at Layer.handleError (node_modules/router/lib/layer.js:116:17)
      at trimPrefix (node_modules/router/index.js:340:13)
      at node_modules/router/index.js:297:9
      at processParams (node_modules/router/index.js:582:12)
      at next (node_modules/router/index.js:291:5)
      at next (src/middleware/errorHandler.js:181:2)
      at Layer.handleError (node_modules/router/lib/layer.js:116:17)
      at trimPrefix (node_modules/router/index.js:340:13)
      at node_modules/router/index.js:297:9
      at processParams (node_modules/router/index.js:582:12)
      at next (node_modules/router/index.js:291:5)
      at Layer.handleError (node_modules/router/lib/layer.js:111:12)
      at trimPrefix (node_modules/router/index.js:340:13)
      at node_modules/router/index.js:297:9
      at processParams (node_modules/router/index.js:582:12)
      at next (node_modules/router/index.js:291:5)
      at node_modules/router/index.js:688:15
      at next (node_modules/router/index.js:276:14)
      at next (node_modules/router/lib/route.js:132:14)
      at Layer.handleError (node_modules/router/lib/layer.js:111:12)
      at next (node_modules/router/lib/route.js:155:13)
      at next (src/middleware/auth.js:40:11)
      at Layer.handleRequest (node_modules/router/lib/layer.js:152:17)
      at next (node_modules/router/lib/route.js:157:13)
      at next (src/middleware/auth.js:31:2)

    console.error
      ERROR ≡ƒÆÑ: {
        message: 'No token provided',
        statusCode: 401,
        stack: undefined,
        timestamp: '2026-03-03T08:23:43.283Z',
        path: '/admin/users',
        method: 'GET'
      }

    [0m [90m 18 |[39m 		err[33m.[39mcode [33m||[39m 
(err[33m.[39mstatusCode [33m===[39m [35m500[39m [33m?[39m 
[32m"INTERNAL_ERROR"[39m [33m:[39m [32m"UNKNOWN_ERROR"[39m)[33m;[39m
     [90m 19 |[39m
    [31m[1m>[22m[39m[90m 20 |[39m 	console[33m.[39merror([32m"ERROR 
≡ƒÆÑ:"[39m[33m,[39m {
     [90m    |[39m 	        [31m[1m^[22m[39m
     [90m 21 |[39m 		message[33m:[39m err[33m.[39mmessage[33m,[39m
     [90m 22 |[39m 		statusCode[33m:[39m 
err[33m.[39mstatusCode[33m,[39m
     [90m 23 |[39m 		stack[33m:[39m 
process[33m.[39menv[33m.[39m[33mNODE_ENV[39m [33m===[39m 
[32m"development"[39m [33m?[39m err[33m.[39mstack [33m:[39m 
undefined[33m,[39m[0m

      at error (src/middleware/errorHandler.js:20:10)
      at Layer.handleError (node_modules/router/lib/layer.js:116:17)
      at trimPrefix (node_modules/router/index.js:340:13)
      at node_modules/router/index.js:297:9
      at processParams (node_modules/router/index.js:582:12)
      at next (node_modules/router/index.js:291:5)
      at next (src/middleware/errorHandler.js:181:2)
      at Layer.handleError (node_modules/router/lib/layer.js:116:17)
      at trimPrefix (node_modules/router/index.js:340:13)
      at node_modules/router/index.js:297:9
      at processParams (node_modules/router/index.js:582:12)
      at next (node_modules/router/index.js:291:5)
      at Layer.handleError (node_modules/router/lib/layer.js:111:12)
      at trimPrefix (node_modules/router/index.js:340:13)
      at node_modules/router/index.js:297:9
      at processParams (node_modules/router/index.js:582:12)
      at next (node_modules/router/index.js:291:5)
      at node_modules/router/index.js:688:15
      at next (node_modules/router/index.js:276:14)
      at next (node_modules/router/lib/route.js:132:14)
      at Layer.handleError (node_modules/router/lib/layer.js:111:12)
      at next (node_modules/router/lib/route.js:155:13)
      at Layer.handleError (node_modules/router/lib/layer.js:111:12)
      at next (node_modules/router/lib/route.js:155:13)
      at next (src/middleware/auth.js:13:10)
      at fn (src/utils/catchAsync.js:85:3)
      at Layer.handleRequest (node_modules/router/lib/layer.js:152:17)
      at next (node_modules/router/lib/route.js:157:13)
      at Route.dispatch (node_modules/router/lib/route.js:117:3)
      at handle (node_modules/router/index.js:435:11)
      at Layer.handleRequest (node_modules/router/lib/layer.js:152:17)
      at node_modules/router/index.js:295:15
      at processParams (node_modules/router/index.js:582:12)
      at next (node_modules/router/index.js:291:5)
      at router.handle (node_modules/router/index.js:186:3)
      at router (node_modules/router/index.js:60:12)
      at Layer.handleRequest (node_modules/router/lib/layer.js:152:17)
      at trimPrefix (node_modules/router/index.js:342:13)
      at node_modules/router/index.js:297:9
      at processParams (node_modules/router/index.js:582:12)
      at next (node_modules/router/index.js:291:5)
      at next (src/middleware/requestGuards.js:69:2)
      at Layer.handleRequest (node_modules/router/lib/layer.js:152:17)
      at trimPrefix (node_modules/router/index.js:342:13)
      at node_modules/router/index.js:297:9
      at processParams (node_modules/router/index.js:582:12)
      at next (node_modules/router/index.js:291:5)
      at node_modules/express-rate-limit/dist/index.cjs:942:7
      at node_modules/express-rate-limit/dist/index.cjs:825:5

    console.error
      ERROR ≡ƒÆÑ: {
        message: 'Access denied - insufficient permissions',
        statusCode: 403,
        stack: undefined,
        timestamp: '2026-03-03T08:23:43.320Z',
        path: '/admin/users',
        method: 'GET'
      }

    [0m [90m 18 |[39m 		err[33m.[39mcode [33m||[39m 
(err[33m.[39mstatusCode [33m===[39m [35m500[39m [33m?[39m 
[32m"INTERNAL_ERROR"[39m [33m:[39m [32m"UNKNOWN_ERROR"[39m)[33m;[39m
     [90m 19 |[39m
    [31m[1m>[22m[39m[90m 20 |[39m 	console[33m.[39merror([32m"ERROR 
≡ƒÆÑ:"[39m[33m,[39m {
     [90m    |[39m 	        [31m[1m^[22m[39m
     [90m 21 |[39m 		message[33m:[39m err[33m.[39mmessage[33m,[39m
     [90m 22 |[39m 		statusCode[33m:[39m 
err[33m.[39mstatusCode[33m,[39m
     [90m 23 |[39m 		stack[33m:[39m 
process[33m.[39menv[33m.[39m[33mNODE_ENV[39m [33m===[39m 
[32m"development"[39m [33m?[39m err[33m.[39mstack [33m:[39m 
undefined[33m,[39m[0m

      at error (src/middleware/errorHandler.js:20:10)
      at Layer.handleError (node_modules/router/lib/layer.js:116:17)
      at trimPrefix (node_modules/router/index.js:340:13)
      at node_modules/router/index.js:297:9
      at processParams (node_modules/router/index.js:582:12)
      at next (node_modules/router/index.js:291:5)
      at next (src/middleware/errorHandler.js:181:2)
      at Layer.handleError (node_modules/router/lib/layer.js:116:17)
      at trimPrefix (node_modules/router/index.js:340:13)
      at node_modules/router/index.js:297:9
      at processParams (node_modules/router/index.js:582:12)
      at next (node_modules/router/index.js:291:5)
      at Layer.handleError (node_modules/router/lib/layer.js:111:12)
      at trimPrefix (node_modules/router/index.js:340:13)
      at node_modules/router/index.js:297:9
      at processParams (node_modules/router/index.js:582:12)
      at next (node_modules/router/index.js:291:5)
      at node_modules/router/index.js:688:15
      at next (node_modules/router/index.js:276:14)
      at next (node_modules/router/lib/route.js:132:14)
      at Layer.handleError (node_modules/router/lib/layer.js:111:12)
      at next (node_modules/router/lib/route.js:155:13)
      at next (src/middleware/auth.js:40:11)
      at Layer.handleRequest (node_modules/router/lib/layer.js:152:17)
      at next (node_modules/router/lib/route.js:157:13)
      at next (src/middleware/auth.js:31:2)

    console.error
      ERROR ≡ƒÆÑ: {
        message: 'No token provided',
        statusCode: 401,
        stack: undefined,
        timestamp: '2026-03-03T08:23:43.456Z',
        path: '/admin/verify/2',
        method: 'PATCH'
      }

    [0m [90m 18 |[39m 		err[33m.[39mcode [33m||[39m 
(err[33m.[39mstatusCode [33m===[39m [35m500[39m [33m?[39m 
[32m"INTERNAL_ERROR"[39m [33m:[39m [32m"UNKNOWN_ERROR"[39m)[33m;[39m
     [90m 19 |[39m
    [31m[1m>[22m[39m[90m 20 |[39m 	console[33m.[39merror([32m"ERROR 
≡ƒÆÑ:"[39m[33m,[39m {
     [90m    |[39m 	        [31m[1m^[22m[39m
     [90m 21 |[39m 		message[33m:[39m err[33m.[39mmessage[33m,[39m
     [90m 22 |[39m 		statusCode[33m:[39m 
err[33m.[39mstatusCode[33m,[39m
     [90m 23 |[39m 		stack[33m:[39m 
process[33m.[39menv[33m.[39m[33mNODE_ENV[39m [33m===[39m 
[32m"development"[39m [33m?[39m err[33m.[39mstack [33m:[39m 
undefined[33m,[39m[0m

      at error (src/middleware/errorHandler.js:20:10)
      at Layer.handleError (node_modules/router/lib/layer.js:116:17)
      at trimPrefix (node_modules/router/index.js:340:13)
      at node_modules/router/index.js:297:9
      at processParams (node_modules/router/index.js:582:12)
      at next (node_modules/router/index.js:291:5)
      at next (src/middleware/errorHandler.js:181:2)
      at Layer.handleError (node_modules/router/lib/layer.js:116:17)
      at trimPrefix (node_modules/router/index.js:340:13)
      at node_modules/router/index.js:297:9
      at processParams (node_modules/router/index.js:582:12)
      at next (node_modules/router/index.js:291:5)
      at Layer.handleError (node_modules/router/lib/layer.js:111:12)
      at trimPrefix (node_modules/router/index.js:340:13)
      at node_modules/router/index.js:297:9
      at processParams (node_modules/router/index.js:582:12)
      at next (node_modules/router/index.js:291:5)
      at node_modules/router/index.js:688:15
      at next (node_modules/router/index.js:276:14)
      at next (node_modules/router/lib/route.js:132:14)
      at Layer.handleError (node_modules/router/lib/layer.js:111:12)
      at next (node_modules/router/lib/route.js:155:13)
      at Layer.handleError (node_modules/router/lib/layer.js:111:12)
      at next (node_modules/router/lib/route.js:155:13)
      at next (src/middleware/auth.js:13:10)
      at fn (src/utils/catchAsync.js:85:3)
      at Layer.handleRequest (node_modules/router/lib/layer.js:152:17)
      at next (node_modules/router/lib/route.js:157:13)
      at next (src/middleware/validate.js:225:9)
      at Layer.handleRequest (node_modules/router/lib/layer.js:152:17)
      at next (node_modules/router/lib/route.js:157:13)
      at Route.dispatch (node_modules/router/lib/route.js:117:3)
      at handle (node_modules/router/index.js:435:11)
      at Layer.handleRequest (node_modules/router/lib/layer.js:152:17)
      at node_modules/router/index.js:295:15
      at param (node_modules/router/index.js:600:14)
      at param (node_modules/router/index.js:610:14)
      at processParams (node_modules/router/index.js:664:3)
      at next (node_modules/router/index.js:291:5)
      at router.handle (node_modules/router/index.js:186:3)
      at router (node_modules/router/index.js:60:12)
      at Layer.handleRequest (node_modules/router/lib/layer.js:152:17)
      at trimPrefix (node_modules/router/index.js:342:13)
      at node_modules/router/index.js:297:9
      at processParams (node_modules/router/index.js:582:12)
      at next (node_modules/router/index.js:291:5)
      at next (src/middleware/requestGuards.js:69:2)
      at Layer.handleRequest (node_modules/router/lib/layer.js:152:17)
      at trimPrefix (node_modules/router/index.js:342:13)
      at node_modules/router/index.js:297:9
      at processParams (node_modules/router/index.js:582:12)
      at next (node_modules/router/index.js:291:5)
      at node_modules/express-rate-limit/dist/index.cjs:942:7
      at node_modules/express-rate-limit/dist/index.cjs:825:5

    console.error
      ERROR ≡ƒÆÑ: {
        message: 'Access denied - insufficient permissions',
        statusCode: 403,
        stack: undefined,
        timestamp: '2026-03-03T08:23:43.516Z',
        path: '/admin/verify/2',
        method: 'PATCH'
      }

    [0m [90m 18 |[39m 		err[33m.[39mcode [33m||[39m 
(err[33m.[39mstatusCode [33m===[39m [35m500[39m [33m?[39m 
[32m"INTERNAL_ERROR"[39m [33m:[39m [32m"UNKNOWN_ERROR"[39m)[33m;[39m
     [90m 19 |[39m
    [31m[1m>[22m[39m[90m 20 |[39m 	console[33m.[39merror([32m"ERROR 
≡ƒÆÑ:"[39m[33m,[39m {
     [90m    |[39m 	        [31m[1m^[22m[39m
     [90m 21 |[39m 		message[33m:[39m err[33m.[39mmessage[33m,[39m
     [90m 22 |[39m 		statusCode[33m:[39m 
err[33m.[39mstatusCode[33m,[39m
     [90m 23 |[39m 		stack[33m:[39m 
process[33m.[39menv[33m.[39m[33mNODE_ENV[39m [33m===[39m 
[32m"development"[39m [33m?[39m err[33m.[39mstack [33m:[39m 
undefined[33m,[39m[0m

      at error (src/middleware/errorHandler.js:20:10)
      at Layer.handleError (node_modules/router/lib/layer.js:116:17)
      at trimPrefix (node_modules/router/index.js:340:13)
      at node_modules/router/index.js:297:9
      at processParams (node_modules/router/index.js:582:12)
      at next (node_modules/router/index.js:291:5)
      at next (src/middleware/errorHandler.js:181:2)
      at Layer.handleError (node_modules/router/lib/layer.js:116:17)
      at trimPrefix (node_modules/router/index.js:340:13)
      at node_modules/router/index.js:297:9
      at processParams (node_modules/router/index.js:582:12)
      at next (node_modules/router/index.js:291:5)
      at Layer.handleError (node_modules/router/lib/layer.js:111:12)
      at trimPrefix (node_modules/router/index.js:340:13)
      at node_modules/router/index.js:297:9
      at processParams (node_modules/router/index.js:582:12)
      at next (node_modules/router/index.js:291:5)
      at node_modules/router/index.js:688:15
      at next (node_modules/router/index.js:276:14)
      at next (node_modules/router/lib/route.js:132:14)
      at Layer.handleError (node_modules/router/lib/layer.js:111:12)
      at next (node_modules/router/lib/route.js:155:13)
      at next (src/middleware/auth.js:40:11)
      at Layer.handleRequest (node_modules/router/lib/layer.js:152:17)
      at next (node_modules/router/lib/route.js:157:13)
      at next (src/middleware/auth.js:31:2)

    console.error
      ERROR ≡ƒÆÑ: {
        message: 'Invalid userId. Must be a positive integer.',
        statusCode: 400,
        stack: undefined,
        timestamp: '2026-03-03T08:23:43.563Z',
        path: '/admin/verify/invalid',
        method: 'PATCH'
      }

    [0m [90m 18 |[39m 		err[33m.[39mcode [33m||[39m 
(err[33m.[39mstatusCode [33m===[39m [35m500[39m [33m?[39m 
[32m"INTERNAL_ERROR"[39m [33m:[39m [32m"UNKNOWN_ERROR"[39m)[33m;[39m
     [90m 19 |[39m
    [31m[1m>[22m[39m[90m 20 |[39m 	console[33m.[39merror([32m"ERROR 
≡ƒÆÑ:"[39m[33m,[39m {
     [90m    |[39m 	        [31m[1m^[22m[39m
     [90m 21 |[39m 		message[33m:[39m err[33m.[39mmessage[33m,[39m
     [90m 22 |[39m 		statusCode[33m:[39m 
err[33m.[39mstatusCode[33m,[39m
     [90m 23 |[39m 		stack[33m:[39m 
process[33m.[39menv[33m.[39m[33mNODE_ENV[39m [33m===[39m 
[32m"development"[39m [33m?[39m err[33m.[39mstack [33m:[39m 
undefined[33m,[39m[0m

      at error (src/middleware/errorHandler.js:20:10)
      at Layer.handleError (node_modules/router/lib/layer.js:116:17)
      at trimPrefix (node_modules/router/index.js:340:13)
      at node_modules/router/index.js:297:9
      at processParams (node_modules/router/index.js:582:12)
      at next (node_modules/router/index.js:291:5)
      at next (src/middleware/errorHandler.js:181:2)
      at Layer.handleError (node_modules/router/lib/layer.js:116:17)
      at trimPrefix (node_modules/router/index.js:340:13)
      at node_modules/router/index.js:297:9
      at processParams (node_modules/router/index.js:582:12)
      at next (node_modules/router/index.js:291:5)
      at Layer.handleError (node_modules/router/lib/layer.js:111:12)
      at trimPrefix (node_modules/router/index.js:340:13)
      at node_modules/router/index.js:297:9
      at processParams (node_modules/router/index.js:582:12)
      at next (node_modules/router/index.js:291:5)
      at node_modules/router/index.js:688:15
      at next (node_modules/router/index.js:276:14)
      at next (node_modules/router/lib/route.js:132:14)
      at Layer.handleError (node_modules/router/lib/layer.js:111:12)
      at next (node_modules/router/lib/route.js:155:13)
      at Layer.handleError (node_modules/router/lib/layer.js:111:12)
      at next (node_modules/router/lib/route.js:155:13)
      at Layer.handleError (node_modules/router/lib/layer.js:111:12)
      at next (node_modules/router/lib/route.js:155:13)
      at next (src/middleware/validate.js:215:10)
      at Layer.handleRequest (node_modules/router/lib/layer.js:152:17)
      at next (node_modules/router/lib/route.js:157:13)
      at Route.dispatch (node_modules/router/lib/route.js:117:3)
      at handle (node_modules/router/index.js:435:11)
      at Layer.handleRequest (node_modules/router/lib/layer.js:152:17)
      at node_modules/router/index.js:295:15
      at param (node_modules/router/index.js:600:14)
      at param (node_modules/router/index.js:610:14)
      at processParams (node_modules/router/index.js:664:3)
      at next (node_modules/router/index.js:291:5)
      at router.handle (node_modules/router/index.js:186:3)
      at router (node_modules/router/index.js:60:12)
      at Layer.handleRequest (node_modules/router/lib/layer.js:152:17)
      at trimPrefix (node_modules/router/index.js:342:13)
      at node_modules/router/index.js:297:9
      at processParams (node_modules/router/index.js:582:12)
      at next (node_modules/router/index.js:291:5)
      at next (src/middleware/requestGuards.js:69:2)
      at Layer.handleRequest (node_modules/router/lib/layer.js:152:17)
      at trimPrefix (node_modules/router/index.js:342:13)
      at node_modules/router/index.js:297:9
      at processParams (node_modules/router/index.js:582:12)
      at next (node_modules/router/index.js:291:5)
      at node_modules/express-rate-limit/dist/index.cjs:942:7
      at node_modules/express-rate-limit/dist/index.cjs:825:5

    console.error
      ERROR ≡ƒÆÑ: {
        message: 'User is not verified',
        statusCode: 400,
        stack: undefined,
        timestamp: '2026-03-03T08:23:43.586Z',
        path: '/admin/revoke/3',
        method: 'PATCH'
      }

    [0m [90m 18 |[39m 		err[33m.[39mcode [33m||[39m 
(err[33m.[39mstatusCode [33m===[39m [35m500[39m [33m?[39m 
[32m"INTERNAL_ERROR"[39m [33m:[39m [32m"UNKNOWN_ERROR"[39m)[33m;[39m
     [90m 19 |[39m
    [31m[1m>[22m[39m[90m 20 |[39m 	console[33m.[39merror([32m"ERROR 
≡ƒÆÑ:"[39m[33m,[39m {
     [90m    |[39m 	        [31m[1m^[22m[39m
     [90m 21 |[39m 		message[33m:[39m err[33m.[39mmessage[33m,[39m
     [90m 22 |[39m 		statusCode[33m:[39m 
err[33m.[39mstatusCode[33m,[39m
     [90m 23 |[39m 		stack[33m:[39m 
process[33m.[39menv[33m.[39m[33mNODE_ENV[39m [33m===[39m 
[32m"development"[39m [33m?[39m err[33m.[39mstack [33m:[39m 
undefined[33m,[39m[0m

      at error (src/middleware/errorHandler.js:20:10)
      at Layer.handleError (node_modules/router/lib/layer.js:116:17)
      at trimPrefix (node_modules/router/index.js:340:13)
      at node_modules/router/index.js:297:9
      at processParams (node_modules/router/index.js:582:12)
      at next (node_modules/router/index.js:291:5)
      at next (src/middleware/errorHandler.js:181:2)
      at Layer.handleError (node_modules/router/lib/layer.js:116:17)
      at trimPrefix (node_modules/router/index.js:340:13)
      at node_modules/router/index.js:297:9
      at processParams (node_modules/router/index.js:582:12)
      at next (node_modules/router/index.js:291:5)
      at Layer.handleError (node_modules/router/lib/layer.js:111:12)
      at trimPrefix (node_modules/router/index.js:340:13)
      at node_modules/router/index.js:297:9
      at processParams (node_modules/router/index.js:582:12)
      at Immediate.next (node_modules/router/index.js:291:5)
      at Immediate._onImmediate (node_modules/router/index.js:688:15)

    console.error
      ERROR ≡ƒÆÑ: {
        message: 'Organization name is required for SME and NGO accounts',
        statusCode: 400,
        stack: undefined,
        timestamp: '2026-03-03T08:23:43.712Z',
        path: '/auth/register',
        method: 'POST'
      }

    [0m [90m 18 |[39m 		err[33m.[39mcode [33m||[39m 
(err[33m.[39mstatusCode [33m===[39m [35m500[39m [33m?[39m 
[32m"INTERNAL_ERROR"[39m [33m:[39m [32m"UNKNOWN_ERROR"[39m)[33m;[39m
     [90m 19 |[39m
    [31m[1m>[22m[39m[90m 20 |[39m 	console[33m.[39merror([32m"ERROR 
≡ƒÆÑ:"[39m[33m,[39m {
     [90m    |[39m 	        [31m[1m^[22m[39m
     [90m 21 |[39m 		message[33m:[39m err[33m.[39mmessage[33m,[39m
     [90m 22 |[39m 		statusCode[33m:[39m 
err[33m.[39mstatusCode[33m,[39m
     [90m 23 |[39m 		stack[33m:[39m 
process[33m.[39menv[33m.[39m[33mNODE_ENV[39m [33m===[39m 
[32m"development"[39m [33m?[39m err[33m.[39mstack [33m:[39m 
undefined[33m,[39m[0m

      at error (src/middleware/errorHandler.js:20:10)
      at Layer.handleError (node_modules/router/lib/layer.js:116:17)
      at trimPrefix (node_modules/router/index.js:340:13)
      at node_modules/router/index.js:297:9
      at processParams (node_modules/router/index.js:582:12)
      at next (node_modules/router/index.js:291:5)
      at next (src/middleware/errorHandler.js:181:2)
      at Layer.handleError (node_modules/router/lib/layer.js:116:17)
      at trimPrefix (node_modules/router/index.js:340:13)
      at node_modules/router/index.js:297:9
      at processParams (node_modules/router/index.js:582:12)
      at next (node_modules/router/index.js:291:5)
      at Layer.handleError (node_modules/router/lib/layer.js:111:12)
      at trimPrefix (node_modules/router/index.js:340:13)
      at node_modules/router/index.js:297:9
      at processParams (node_modules/router/index.js:582:12)
      at next (node_modules/router/index.js:291:5)
      at node_modules/router/index.js:688:15
      at next (node_modules/router/index.js:276:14)
      at next (node_modules/router/lib/route.js:132:14)
      at Layer.handleError (node_modules/router/lib/layer.js:111:12)
      at next (node_modules/router/lib/route.js:155:13)
      at next (src/middleware/validate.js:82:10)
      at Layer.handleRequest (node_modules/router/lib/layer.js:152:17)
      at next (node_modules/router/lib/route.js:157:13)
      at next (src/middleware/validate.js:25:9)
      at Layer.handleRequest (node_modules/router/lib/layer.js:152:17)
      at next (node_modules/router/lib/route.js:157:13)
      at Route.dispatch (node_modules/router/lib/route.js:117:3)
      at handle (node_modules/router/index.js:435:11)
      at Layer.handleRequest (node_modules/router/lib/layer.js:152:17)
      at node_modules/router/index.js:295:15
      at processParams (node_modules/router/index.js:582:12)
      at next (node_modules/router/index.js:291:5)
      at router.handle (node_modules/router/index.js:186:3)
      at router (node_modules/router/index.js:60:12)
      at Layer.handleRequest (node_modules/router/lib/layer.js:152:17)
      at trimPrefix (node_modules/router/index.js:342:13)
      at node_modules/router/index.js:297:9
      at processParams (node_modules/router/index.js:582:12)
      at next (node_modules/router/index.js:291:5)
      at next (src/middleware/requestGuards.js:69:2)
      at Layer.handleRequest (node_modules/router/lib/layer.js:152:17)
      at trimPrefix (node_modules/router/index.js:342:13)
      at node_modules/router/index.js:297:9
      at processParams (node_modules/router/index.js:582:12)
      at next (node_modules/router/index.js:291:5)
      at node_modules/express-rate-limit/dist/index.cjs:942:7
      at node_modules/express-rate-limit/dist/index.cjs:825:5

    console.error
      ERROR ≡ƒÆÑ: {
        message: 'Invalid userId. Must be a positive integer.',
        statusCode: 400,
        stack: undefined,
        timestamp: '2026-03-03T08:23:43.728Z',
        path: '/admin/revoke/undefined',
        method: 'PATCH'
      }

    [0m [90m 18 |[39m 		err[33m.[39mcode [33m||[39m 
(err[33m.[39mstatusCode [33m===[39m [35m500[39m [33m?[39m 
[32m"INTERNAL_ERROR"[39m [33m:[39m [32m"UNKNOWN_ERROR"[39m)[33m;[39m
     [90m 19 |[39m
    [31m[1m>[22m[39m[90m 20 |[39m 	console[33m.[39merror([32m"ERROR 
≡ƒÆÑ:"[39m[33m,[39m {
     [90m    |[39m 	        [31m[1m^[22m[39m
     [90m 21 |[39m 		message[33m:[39m err[33m.[39mmessage[33m,[39m
     [90m 22 |[39m 		statusCode[33m:[39m 
err[33m.[39mstatusCode[33m,[39m
     [90m 23 |[39m 		stack[33m:[39m 
process[33m.[39menv[33m.[39m[33mNODE_ENV[39m [33m===[39m 
[32m"development"[39m [33m?[39m err[33m.[39mstack [33m:[39m 
undefined[33m,[39m[0m

      at error (src/middleware/errorHandler.js:20:10)
      at Layer.handleError (node_modules/router/lib/layer.js:116:17)
      at trimPrefix (node_modules/router/index.js:340:13)
      at node_modules/router/index.js:297:9
      at processParams (node_modules/router/index.js:582:12)
      at next (node_modules/router/index.js:291:5)
      at next (src/middleware/errorHandler.js:181:2)
      at Layer.handleError (node_modules/router/lib/layer.js:116:17)
      at trimPrefix (node_modules/router/index.js:340:13)
      at node_modules/router/index.js:297:9
      at processParams (node_modules/router/index.js:582:12)
      at next (node_modules/router/index.js:291:5)
      at Layer.handleError (node_modules/router/lib/layer.js:111:12)
      at trimPrefix (node_modules/router/index.js:340:13)
      at node_modules/router/index.js:297:9
      at processParams (node_modules/router/index.js:582:12)
      at Immediate.next (node_modules/router/index.js:291:5)
      at Immediate._onImmediate (node_modules/router/index.js:688:15)

    console.error
      ERROR ≡ƒÆÑ: {
        message: 'No token provided',
        statusCode: 401,
        stack: undefined,
        timestamp: '2026-03-03T08:23:43.767Z',
        path: '/admin/revoke/3',
        method: 'PATCH'
      }

    [0m [90m 18 |[39m 		err[33m.[39mcode [33m||[39m 
(err[33m.[39mstatusCode [33m===[39m [35m500[39m [33m?[39m 
[32m"INTERNAL_ERROR"[39m [33m:[39m [32m"UNKNOWN_ERROR"[39m)[33m;[39m
     [90m 19 |[39m
    [31m[1m>[22m[39m[90m 20 |[39m 	console[33m.[39merror([32m"ERROR 
≡ƒÆÑ:"[39m[33m,[39m {
     [90m    |[39m 	        [31m[1m^[22m[39m
     [90m 21 |[39m 		message[33m:[39m err[33m.[39mmessage[33m,[39m
     [90m 22 |[39m 		statusCode[33m:[39m 
err[33m.[39mstatusCode[33m,[39m
     [90m 23 |[39m 		stack[33m:[39m 
process[33m.[39menv[33m.[39m[33mNODE_ENV[39m [33m===[39m 
[32m"development"[39m [33m?[39m err[33m.[39mstack [33m:[39m 
undefined[33m,[39m[0m

      at error (src/middleware/errorHandler.js:20:10)
      at Layer.handleError (node_modules/router/lib/layer.js:116:17)
      at trimPrefix (node_modules/router/index.js:340:13)
      at node_modules/router/index.js:297:9
      at processParams (node_modules/router/index.js:582:12)
      at next (node_modules/router/index.js:291:5)
      at next (src/middleware/errorHandler.js:181:2)
      at Layer.handleError (node_modules/router/lib/layer.js:116:17)
      at trimPrefix (node_modules/router/index.js:340:13)
      at node_modules/router/index.js:297:9
      at processParams (node_modules/router/index.js:582:12)
      at next (node_modules/router/index.js:291:5)
      at Layer.handleError (node_modules/router/lib/layer.js:111:12)
      at trimPrefix (node_modules/router/index.js:340:13)
      at node_modules/router/index.js:297:9
      at processParams (node_modules/router/index.js:582:12)
      at Immediate.next (node_modules/router/index.js:291:5)
      at Immediate._onImmediate (node_modules/router/index.js:688:15)

    console.error
      ERROR ≡ƒÆÑ: {
        message: 'Access denied - insufficient permissions',
        statusCode: 403,
        stack: undefined,
        timestamp: '2026-03-03T08:23:43.797Z',
        path: '/admin/revoke/3',
        method: 'PATCH'
      }

    [0m [90m 18 |[39m 		err[33m.[39mcode [33m||[39m 
(err[33m.[39mstatusCode [33m===[39m [35m500[39m [33m?[39m 
[32m"INTERNAL_ERROR"[39m [33m:[39m [32m"UNKNOWN_ERROR"[39m)[33m;[39m
     [90m 19 |[39m
    [31m[1m>[22m[39m[90m 20 |[39m 	console[33m.[39merror([32m"ERROR 
≡ƒÆÑ:"[39m[33m,[39m {
     [90m    |[39m 	        [31m[1m^[22m[39m
     [90m 21 |[39m 		message[33m:[39m err[33m.[39mmessage[33m,[39m
     [90m 22 |[39m 		statusCode[33m:[39m 
err[33m.[39mstatusCode[33m,[39m
     [90m 23 |[39m 		stack[33m:[39m 
process[33m.[39menv[33m.[39m[33mNODE_ENV[39m [33m===[39m 
[32m"development"[39m [33m?[39m err[33m.[39mstack [33m:[39m 
undefined[33m,[39m[0m

      at error (src/middleware/errorHandler.js:20:10)
      at Layer.handleError (node_modules/router/lib/layer.js:116:17)
      at trimPrefix (node_modules/router/index.js:340:13)
      at node_modules/router/index.js:297:9
      at processParams (node_modules/router/index.js:582:12)
      at next (node_modules/router/index.js:291:5)
      at next (src/middleware/errorHandler.js:181:2)
      at Layer.handleError (node_modules/router/lib/layer.js:116:17)
      at trimPrefix (node_modules/router/index.js:340:13)
      at node_modules/router/index.js:297:9
      at processParams (node_modules/router/index.js:582:12)
      at next (node_modules/router/index.js:291:5)
      at Layer.handleError (node_modules/router/lib/layer.js:111:12)
      at trimPrefix (node_modules/router/index.js:340:13)
      at node_modules/router/index.js:297:9
      at processParams (node_modules/router/index.js:582:12)
      at Immediate.next (node_modules/router/index.js:291:5)
      at Immediate._onImmediate (node_modules/router/index.js:688:15)

    console.error
      ERROR ≡ƒÆÑ: {
        message: 'User is not verified',
        statusCode: 400,
        stack: undefined,
        timestamp: '2026-03-03T08:23:43.837Z',
        path: '/admin/revoke/99999',
        method: 'PATCH'
      }

    [0m [90m 18 |[39m 		err[33m.[39mcode [33m||[39m 
(err[33m.[39mstatusCode [33m===[39m [35m500[39m [33m?[39m 
[32m"INTERNAL_ERROR"[39m [33m:[39m [32m"UNKNOWN_ERROR"[39m)[33m;[39m
     [90m 19 |[39m
    [31m[1m>[22m[39m[90m 20 |[39m 	console[33m.[39merror([32m"ERROR 
≡ƒÆÑ:"[39m[33m,[39m {
     [90m    |[39m 	        [31m[1m^[22m[39m
     [90m 21 |[39m 		message[33m:[39m err[33m.[39mmessage[33m,[39m
     [90m 22 |[39m 		statusCode[33m:[39m 
err[33m.[39mstatusCode[33m,[39m
     [90m 23 |[39m 		stack[33m:[39m 
process[33m.[39menv[33m.[39m[33mNODE_ENV[39m [33m===[39m 
[32m"development"[39m [33m?[39m err[33m.[39mstack [33m:[39m 
undefined[33m,[39m[0m

      at error (src/middleware/errorHandler.js:20:10)
      at Layer.handleError (node_modules/router/lib/layer.js:116:17)
      at trimPrefix (node_modules/router/index.js:340:13)
      at node_modules/router/index.js:297:9
      at processParams (node_modules/router/index.js:582:12)
      at next (node_modules/router/index.js:291:5)
      at next (src/middleware/errorHandler.js:181:2)
      at Layer.handleError (node_modules/router/lib/layer.js:116:17)
      at trimPrefix (node_modules/router/index.js:340:13)
      at node_modules/router/index.js:297:9
      at processParams (node_modules/router/index.js:582:12)
      at next (node_modules/router/index.js:291:5)
      at Layer.handleError (node_modules/router/lib/layer.js:111:12)
      at trimPrefix (node_modules/router/index.js:340:13)
      at node_modules/router/index.js:297:9
      at processParams (node_modules/router/index.js:582:12)
      at Immediate.next (node_modules/router/index.js:291:5)
      at Immediate._onImmediate (node_modules/router/index.js:688:15)

    console.error
      ERROR ≡ƒÆÑ: {
        message: 'Invalid userId. Must be a positive integer.',
        statusCode: 400,
        stack: undefined,
        timestamp: '2026-03-03T08:23:43.882Z',
        path: '/admin/revoke/invalid',
        method: 'PATCH'
      }

    [0m [90m 18 |[39m 		err[33m.[39mcode [33m||[39m 
(err[33m.[39mstatusCode [33m===[39m [35m500[39m [33m?[39m 
[32m"INTERNAL_ERROR"[39m [33m:[39m [32m"UNKNOWN_ERROR"[39m)[33m;[39m
     [90m 19 |[39m
    [31m[1m>[22m[39m[90m 20 |[39m 	console[33m.[39merror([32m"ERROR 
≡ƒÆÑ:"[39m[33m,[39m {
     [90m    |[39m 	        [31m[1m^[22m[39m
     [90m 21 |[39m 		message[33m:[39m err[33m.[39mmessage[33m,[39m
     [90m 22 |[39m 		statusCode[33m:[39m 
err[33m.[39mstatusCode[33m,[39m
     [90m 23 |[39m 		stack[33m:[39m 
process[33m.[39menv[33m.[39m[33mNODE_ENV[39m [33m===[39m 
[32m"development"[39m [33m?[39m err[33m.[39mstack [33m:[39m 
undefined[33m,[39m[0m

      at error (src/middleware/errorHandler.js:20:10)
      at Layer.handleError (node_modules/router/lib/layer.js:116:17)
      at trimPrefix (node_modules/router/index.js:340:13)
      at node_modules/router/index.js:297:9
      at processParams (node_modules/router/index.js:582:12)
      at next (node_modules/router/index.js:291:5)
      at next (src/middleware/errorHandler.js:181:2)
      at Layer.handleError (node_modules/router/lib/layer.js:116:17)
      at trimPrefix (node_modules/router/index.js:340:13)
      at node_modules/router/index.js:297:9
      at processParams (node_modules/router/index.js:582:12)
      at next (node_modules/router/index.js:291:5)
      at Layer.handleError (node_modules/router/lib/layer.js:111:12)
      at trimPrefix (node_modules/router/index.js:340:13)
      at node_modules/router/index.js:297:9
      at processParams (node_modules/router/index.js:582:12)
      at Immediate.next (node_modules/router/index.js:291:5)
      at Immediate._onImmediate (node_modules/router/index.js:688:15)

    console.error
      ERROR ≡ƒÆÑ: {
        message: 'Access denied - insufficient permissions',
        statusCode: 403,
        stack: undefined,
        timestamp: '2026-03-03T08:23:43.904Z',
        path: '/admin/users/pending',
        method: 'GET'
      }

    [0m [90m 18 |[39m 		err[33m.[39mcode [33m||[39m 
(err[33m.[39mstatusCode [33m===[39m [35m500[39m [33m?[39m 
[32m"INTERNAL_ERROR"[39m [33m:[39m [32m"UNKNOWN_ERROR"[39m)[33m;[39m
     [90m 19 |[39m
    [31m[1m>[22m[39m[90m 20 |[39m 	console[33m.[39merror([32m"ERROR 
≡ƒÆÑ:"[39m[33m,[39m {
     [90m    |[39m 	        [31m[1m^[22m[39m
     [90m 21 |[39m 		message[33m:[39m err[33m.[39mmessage[33m,[39m
     [90m 22 |[39m 		statusCode[33m:[39m 
err[33m.[39mstatusCode[33m,[39m
     [90m 23 |[39m 		stack[33m:[39m 
process[33m.[39menv[33m.[39m[33mNODE_ENV[39m [33m===[39m 
[32m"development"[39m [33m?[39m err[33m.[39mstack [33m:[39m 
undefined[33m,[39m[0m

      at error (src/middleware/errorHandler.js:20:10)
      at Layer.handleError (node_modules/router/lib/layer.js:116:17)
      at trimPrefix (node_modules/router/index.js:340:13)
      at node_modules/router/index.js:297:9
      at processParams (node_modules/router/index.js:582:12)
      at next (node_modules/router/index.js:291:5)
      at next (src/middleware/errorHandler.js:181:2)
      at Layer.handleError (node_modules/router/lib/layer.js:116:17)
      at trimPrefix (node_modules/router/index.js:340:13)
      at node_modules/router/index.js:297:9
      at processParams (node_modules/router/index.js:582:12)
      at next (node_modules/router/index.js:291:5)
      at Layer.handleError (node_modules/router/lib/layer.js:111:12)
      at trimPrefix (node_modules/router/index.js:340:13)
      at node_modules/router/index.js:297:9
      at processParams (node_modules/router/index.js:582:12)
      at next (node_modules/router/index.js:291:5)
      at node_modules/router/index.js:688:15
      at next (node_modules/router/index.js:276:14)
      at next (node_modules/router/lib/route.js:132:14)
      at Layer.handleError (node_modules/router/lib/layer.js:111:12)
      at next (node_modules/router/lib/route.js:155:13)
      at next (src/middleware/auth.js:40:11)
      at Layer.handleRequest (node_modules/router/lib/layer.js:152:17)
      at next (node_modules/router/lib/route.js:157:13)
      at next (src/middleware/auth.js:31:2)

    console.error
      ERROR ≡ƒÆÑ: {
        message: 'Access denied - insufficient permissions',
        statusCode: 403,
        stack: undefined,
        timestamp: '2026-03-03T08:23:43.936Z',
        path: '/admin/users',
        method: 'GET'
      }

    [0m [90m 18 |[39m 		err[33m.[39mcode [33m||[39m 
(err[33m.[39mstatusCode [33m===[39m [35m500[39m [33m?[39m 
[32m"INTERNAL_ERROR"[39m [33m:[39m [32m"UNKNOWN_ERROR"[39m)[33m;[39m
     [90m 19 |[39m
    [31m[1m>[22m[39m[90m 20 |[39m 	console[33m.[39merror([32m"ERROR 
≡ƒÆÑ:"[39m[33m,[39m {
     [90m    |[39m 	        [31m[1m^[22m[39m
     [90m 21 |[39m 		message[33m:[39m err[33m.[39mmessage[33m,[39m
     [90m 22 |[39m 		statusCode[33m:[39m 
err[33m.[39mstatusCode[33m,[39m
     [90m 23 |[39m 		stack[33m:[39m 
process[33m.[39menv[33m.[39m[33mNODE_ENV[39m [33m===[39m 
[32m"development"[39m [33m?[39m err[33m.[39mstack [33m:[39m 
undefined[33m,[39m[0m

      at error (src/middleware/errorHandler.js:20:10)
      at Layer.handleError (node_modules/router/lib/layer.js:116:17)
      at trimPrefix (node_modules/router/index.js:340:13)
      at node_modules/router/index.js:297:9
      at processParams (node_modules/router/index.js:582:12)
      at next (node_modules/router/index.js:291:5)
      at next (src/middleware/errorHandler.js:181:2)
      at Layer.handleError (node_modules/router/lib/layer.js:116:17)
      at trimPrefix (node_modules/router/index.js:340:13)
      at node_modules/router/index.js:297:9
      at processParams (node_modules/router/index.js:582:12)
      at next (node_modules/router/index.js:291:5)
      at Layer.handleError (node_modules/router/lib/layer.js:111:12)
      at trimPrefix (node_modules/router/index.js:340:13)
      at node_modules/router/index.js:297:9
      at processParams (node_modules/router/index.js:582:12)
      at next (node_modules/router/index.js:291:5)
      at node_modules/router/index.js:688:15
      at next (node_modules/router/index.js:276:14)
      at next (node_modules/router/lib/route.js:132:14)
      at Layer.handleError (node_modules/router/lib/layer.js:111:12)
      at next (node_modules/router/lib/route.js:155:13)
      at next (src/middleware/auth.js:40:11)
      at Layer.handleRequest (node_modules/router/lib/layer.js:152:17)
      at next (node_modules/router/lib/route.js:157:13)
      at next (src/middleware/auth.js:31:2)

    console.error
      ERROR ≡ƒÆÑ: {
        message: 'Access denied - insufficient permissions',
        statusCode: 403,
        stack: undefined,
        timestamp: '2026-03-03T08:23:43.967Z',
        path: '/admin/verify/2',
        method: 'PATCH'
      }

    [0m [90m 18 |[39m 		err[33m.[39mcode [33m||[39m 
(err[33m.[39mstatusCode [33m===[39m [35m500[39m [33m?[39m 
[32m"INTERNAL_ERROR"[39m [33m:[39m [32m"UNKNOWN_ERROR"[39m)[33m;[39m
     [90m 19 |[39m
    [31m[1m>[22m[39m[90m 20 |[39m 	console[33m.[39merror([32m"ERROR 
≡ƒÆÑ:"[39m[33m,[39m {
     [90m    |[39m 	        [31m[1m^[22m[39m
     [90m 21 |[39m 		message[33m:[39m err[33m.[39mmessage[33m,[39m
     [90m 22 |[39m 		statusCode[33m:[39m 
err[33m.[39mstatusCode[33m,[39m
     [90m 23 |[39m 		stack[33m:[39m 
process[33m.[39menv[33m.[39m[33mNODE_ENV[39m [33m===[39m 
[32m"development"[39m [33m?[39m err[33m.[39mstack [33m:[39m 
undefined[33m,[39m[0m

      at error (src/middleware/errorHandler.js:20:10)
      at Layer.handleError (node_modules/router/lib/layer.js:116:17)
      at trimPrefix (node_modules/router/index.js:340:13)
      at node_modules/router/index.js:297:9
      at processParams (node_modules/router/index.js:582:12)
      at next (node_modules/router/index.js:291:5)
      at next (src/middleware/errorHandler.js:181:2)
      at Layer.handleError (node_modules/router/lib/layer.js:116:17)
      at trimPrefix (node_modules/router/index.js:340:13)
      at node_modules/router/index.js:297:9
      at processParams (node_modules/router/index.js:582:12)
      at next (node_modules/router/index.js:291:5)
      at Layer.handleError (node_modules/router/lib/layer.js:111:12)
      at trimPrefix (node_modules/router/index.js:340:13)
      at node_modules/router/index.js:297:9
      at processParams (node_modules/router/index.js:582:12)
      at next (node_modules/router/index.js:291:5)
      at node_modules/router/index.js:688:15
      at next (node_modules/router/index.js:276:14)
      at next (node_modules/router/lib/route.js:132:14)
      at Layer.handleError (node_modules/router/lib/layer.js:111:12)
      at next (node_modules/router/lib/route.js:155:13)
      at next (src/middleware/auth.js:40:11)
      at Layer.handleRequest (node_modules/router/lib/layer.js:152:17)
      at next (node_modules/router/lib/route.js:157:13)
      at next (src/middleware/auth.js:31:2)

    console.error
      ERROR ≡ƒÆÑ: {
        message: 'Access denied - insufficient permissions',
        statusCode: 403,
        stack: undefined,
        timestamp: '2026-03-03T08:23:44.021Z',
        path: '/admin/revoke/3',
        method: 'PATCH'
      }

    [0m [90m 18 |[39m 		err[33m.[39mcode [33m||[39m 
(err[33m.[39mstatusCode [33m===[39m [35m500[39m [33m?[39m 
[32m"INTERNAL_ERROR"[39m [33m:[39m [32m"UNKNOWN_ERROR"[39m)[33m;[39m
     [90m 19 |[39m
    [31m[1m>[22m[39m[90m 20 |[39m 	console[33m.[39merror([32m"ERROR 
≡ƒÆÑ:"[39m[33m,[39m {
     [90m    |[39m 	        [31m[1m^[22m[39m
     [90m 21 |[39m 		message[33m:[39m err[33m.[39mmessage[33m,[39m
     [90m 22 |[39m 		statusCode[33m:[39m 
err[33m.[39mstatusCode[33m,[39m
     [90m 23 |[39m 		stack[33m:[39m 
process[33m.[39menv[33m.[39m[33mNODE_ENV[39m [33m===[39m 
[32m"development"[39m [33m?[39m err[33m.[39mstack [33m:[39m 
undefined[33m,[39m[0m

      at error (src/middleware/errorHandler.js:20:10)
      at Layer.handleError (node_modules/router/lib/layer.js:116:17)
      at trimPrefix (node_modules/router/index.js:340:13)
      at node_modules/router/index.js:297:9
      at processParams (node_modules/router/index.js:582:12)
      at next (node_modules/router/index.js:291:5)
      at next (src/middleware/errorHandler.js:181:2)
      at Layer.handleError (node_modules/router/lib/layer.js:116:17)
      at trimPrefix (node_modules/router/index.js:340:13)
      at node_modules/router/index.js:297:9
      at processParams (node_modules/router/index.js:582:12)
      at next (node_modules/router/index.js:291:5)
      at Layer.handleError (node_modules/router/lib/layer.js:111:12)
      at trimPrefix (node_modules/router/index.js:340:13)
      at node_modules/router/index.js:297:9
      at processParams (node_modules/router/index.js:582:12)
      at Immediate.next (node_modules/router/index.js:291:5)
      at Immediate._onImmediate (node_modules/router/index.js:688:15)

    console.error
      ERROR ≡ƒÆÑ: {
        message: 'No token provided',
        statusCode: 401,
        stack: undefined,
        timestamp: '2026-03-03T08:23:44.040Z',
        path: '/admin/users/pending',
        method: 'GET'
      }

    [0m [90m 18 |[39m 		err[33m.[39mcode [33m||[39m 
(err[33m.[39mstatusCode [33m===[39m [35m500[39m [33m?[39m 
[32m"INTERNAL_ERROR"[39m [33m:[39m [32m"UNKNOWN_ERROR"[39m)[33m;[39m
     [90m 19 |[39m
    [31m[1m>[22m[39m[90m 20 |[39m 	console[33m.[39merror([32m"ERROR 
≡ƒÆÑ:"[39m[33m,[39m {
     [90m    |[39m 	        [31m[1m^[22m[39m
     [90m 21 |[39m 		message[33m:[39m err[33m.[39mmessage[33m,[39m
     [90m 22 |[39m 		statusCode[33m:[39m 
err[33m.[39mstatusCode[33m,[39m
     [90m 23 |[39m 		stack[33m:[39m 
process[33m.[39menv[33m.[39m[33mNODE_ENV[39m [33m===[39m 
[32m"development"[39m [33m?[39m err[33m.[39mstack [33m:[39m 
undefined[33m,[39m[0m

      at error (src/middleware/errorHandler.js:20:10)
      at Layer.handleError (node_modules/router/lib/layer.js:116:17)
      at trimPrefix (node_modules/router/index.js:340:13)
      at node_modules/router/index.js:297:9
      at processParams (node_modules/router/index.js:582:12)
      at next (node_modules/router/index.js:291:5)
      at next (src/middleware/errorHandler.js:181:2)
      at Layer.handleError (node_modules/router/lib/layer.js:116:17)
      at trimPrefix (node_modules/router/index.js:340:13)
      at node_modules/router/index.js:297:9
      at processParams (node_modules/router/index.js:582:12)
      at next (node_modules/router/index.js:291:5)
      at Layer.handleError (node_modules/router/lib/layer.js:111:12)
      at trimPrefix (node_modules/router/index.js:340:13)
      at node_modules/router/index.js:297:9
      at processParams (node_modules/router/index.js:582:12)
      at next (node_modules/router/index.js:291:5)
      at node_modules/router/index.js:688:15
      at next (node_modules/router/index.js:276:14)
      at next (node_modules/router/lib/route.js:132:14)
      at Layer.handleError (node_modules/router/lib/layer.js:111:12)
      at next (node_modules/router/lib/route.js:155:13)
      at Layer.handleError (node_modules/router/lib/layer.js:111:12)
      at next (node_modules/router/lib/route.js:155:13)
      at next (src/middleware/auth.js:13:10)
      at fn (src/utils/catchAsync.js:85:3)
      at Layer.handleRequest (node_modules/router/lib/layer.js:152:17)
      at next (node_modules/router/lib/route.js:157:13)
      at Route.dispatch (node_modules/router/lib/route.js:117:3)
      at handle (node_modules/router/index.js:435:11)
      at Layer.handleRequest (node_modules/router/lib/layer.js:152:17)
      at node_modules/router/index.js:295:15
      at processParams (node_modules/router/index.js:582:12)
      at next (node_modules/router/index.js:291:5)
      at router.handle (node_modules/router/index.js:186:3)
      at router (node_modules/router/index.js:60:12)
      at Layer.handleRequest (node_modules/router/lib/layer.js:152:17)
      at trimPrefix (node_modules/router/index.js:342:13)
      at node_modules/router/index.js:297:9
      at processParams (node_modules/router/index.js:582:12)
      at next (node_modules/router/index.js:291:5)
      at next (src/middleware/requestGuards.js:69:2)
      at Layer.handleRequest (node_modules/router/lib/layer.js:152:17)
      at trimPrefix (node_modules/router/index.js:342:13)
      at node_modules/router/index.js:297:9
      at processParams (node_modules/router/index.js:582:12)
      at next (node_modules/router/index.js:291:5)
      at node_modules/express-rate-limit/dist/index.cjs:942:7
      at node_modules/express-rate-limit/dist/index.cjs:825:5

    console.error
      ERROR ≡ƒÆÑ: {
        message: 'No token provided',
        statusCode: 401,
        stack: undefined,
        timestamp: '2026-03-03T08:23:44.060Z',
        path: '/admin/users',
        method: 'GET'
      }

    [0m [90m 18 |[39m 		err[33m.[39mcode [33m||[39m 
(err[33m.[39mstatusCode [33m===[39m [35m500[39m [33m?[39m 
[32m"INTERNAL_ERROR"[39m [33m:[39m [32m"UNKNOWN_ERROR"[39m)[33m;[39m
     [90m 19 |[39m
    [31m[1m>[22m[39m[90m 20 |[39m 	console[33m.[39merror([32m"ERROR 
≡ƒÆÑ:"[39m[33m,[39m {
     [90m    |[39m 	        [31m[1m^[22m[39m
     [90m 21 |[39m 		message[33m:[39m err[33m.[39mmessage[33m,[39m
     [90m 22 |[39m 		statusCode[33m:[39m 
err[33m.[39mstatusCode[33m,[39m
     [90m 23 |[39m 		stack[33m:[39m 
process[33m.[39menv[33m.[39m[33mNODE_ENV[39m [33m===[39m 
[32m"development"[39m [33m?[39m err[33m.[39mstack [33m:[39m 
undefined[33m,[39m[0m

      at error (src/middleware/errorHandler.js:20:10)
      at Layer.handleError (node_modules/router/lib/layer.js:116:17)
      at trimPrefix (node_modules/router/index.js:340:13)
      at node_modules/router/index.js:297:9
      at processParams (node_modules/router/index.js:582:12)
      at next (node_modules/router/index.js:291:5)
      at next (src/middleware/errorHandler.js:181:2)
      at Layer.handleError (node_modules/router/lib/layer.js:116:17)
      at trimPrefix (node_modules/router/index.js:340:13)
      at node_modules/router/index.js:297:9
      at processParams (node_modules/router/index.js:582:12)
      at next (node_modules/router/index.js:291:5)
      at Layer.handleError (node_modules/router/lib/layer.js:111:12)
      at trimPrefix (node_modules/router/index.js:340:13)
      at node_modules/router/index.js:297:9
      at processParams (node_modules/router/index.js:582:12)
      at next (node_modules/router/index.js:291:5)
      at node_modules/router/index.js:688:15
      at next (node_modules/router/index.js:276:14)
      at next (node_modules/router/lib/route.js:132:14)
      at Layer.handleError (node_modules/router/lib/layer.js:111:12)
      at next (node_modules/router/lib/route.js:155:13)
      at Layer.handleError (node_modules/router/lib/layer.js:111:12)
      at next (node_modules/router/lib/route.js:155:13)
      at next (src/middleware/auth.js:13:10)
      at fn (src/utils/catchAsync.js:85:3)
      at Layer.handleRequest (node_modules/router/lib/layer.js:152:17)
      at next (node_modules/router/lib/route.js:157:13)
      at Route.dispatch (node_modules/router/lib/route.js:117:3)
      at handle (node_modules/router/index.js:435:11)
      at Layer.handleRequest (node_modules/router/lib/layer.js:152:17)
      at node_modules/router/index.js:295:15
      at processParams (node_modules/router/index.js:582:12)
      at next (node_modules/router/index.js:291:5)
      at router.handle (node_modules/router/index.js:186:3)
      at router (node_modules/router/index.js:60:12)
      at Layer.handleRequest (node_modules/router/lib/layer.js:152:17)
      at trimPrefix (node_modules/router/index.js:342:13)
      at node_modules/router/index.js:297:9
      at processParams (node_modules/router/index.js:582:12)
      at next (node_modules/router/index.js:291:5)
      at next (src/middleware/requestGuards.js:69:2)
      at Layer.handleRequest (node_modules/router/lib/layer.js:152:17)
      at trimPrefix (node_modules/router/index.js:342:13)
      at node_modules/router/index.js:297:9
      at processParams (node_modules/router/index.js:582:12)
      at next (node_modules/router/index.js:291:5)
      at node_modules/express-rate-limit/dist/index.cjs:942:7
      at node_modules/express-rate-limit/dist/index.cjs:825:5

    console.error
      ERROR ≡ƒÆÑ: {
        message: 'No token provided',
        statusCode: 401,
        stack: undefined,
        timestamp: '2026-03-03T08:23:44.074Z',
        path: '/admin/verify/2',
        method: 'PATCH'
      }

    [0m [90m 18 |[39m 		err[33m.[39mcode [33m||[39m 
(err[33m.[39mstatusCode [33m===[39m [35m500[39m [33m?[39m 
[32m"INTERNAL_ERROR"[39m [33m:[39m [32m"UNKNOWN_ERROR"[39m)[33m;[39m
     [90m 19 |[39m
    [31m[1m>[22m[39m[90m 20 |[39m 	console[33m.[39merror([32m"ERROR 
≡ƒÆÑ:"[39m[33m,[39m {
     [90m    |[39m 	        [31m[1m^[22m[39m
     [90m 21 |[39m 		message[33m:[39m err[33m.[39mmessage[33m,[39m
     [90m 22 |[39m 		statusCode[33m:[39m 
err[33m.[39mstatusCode[33m,[39m
     [90m 23 |[39m 		stack[33m:[39m 
process[33m.[39menv[33m.[39m[33mNODE_ENV[39m [33m===[39m 
[32m"development"[39m [33m?[39m err[33m.[39mstack [33m:[39m 
undefined[33m,[39m[0m

      at error (src/middleware/errorHandler.js:20:10)
      at Layer.handleError (node_modules/router/lib/layer.js:116:17)
      at trimPrefix (node_modules/router/index.js:340:13)
      at node_modules/router/index.js:297:9
      at processParams (node_modules/router/index.js:582:12)
      at next (node_modules/router/index.js:291:5)
      at next (src/middleware/errorHandler.js:181:2)
      at Layer.handleError (node_modules/router/lib/layer.js:116:17)
      at trimPrefix (node_modules/router/index.js:340:13)
      at node_modules/router/index.js:297:9
      at processParams (node_modules/router/index.js:582:12)
      at next (node_modules/router/index.js:291:5)
      at Layer.handleError (node_modules/router/lib/layer.js:111:12)
      at trimPrefix (node_modules/router/index.js:340:13)
      at node_modules/router/index.js:297:9
      at processParams (node_modules/router/index.js:582:12)
      at next (node_modules/router/index.js:291:5)
      at node_modules/router/index.js:688:15
      at next (node_modules/router/index.js:276:14)
      at next (node_modules/router/lib/route.js:132:14)
      at Layer.handleError (node_modules/router/lib/layer.js:111:12)
      at next (node_modules/router/lib/route.js:155:13)
      at Layer.handleError (node_modules/router/lib/layer.js:111:12)
      at next (node_modules/router/lib/route.js:155:13)
      at next (src/middleware/auth.js:13:10)
      at fn (src/utils/catchAsync.js:85:3)
      at Layer.handleRequest (node_modules/router/lib/layer.js:152:17)
      at next (node_modules/router/lib/route.js:157:13)
      at next (src/middleware/validate.js:225:9)
      at Layer.handleRequest (node_modules/router/lib/layer.js:152:17)
      at next (node_modules/router/lib/route.js:157:13)
      at Route.dispatch (node_modules/router/lib/route.js:117:3)
      at handle (node_modules/router/index.js:435:11)
      at Layer.handleRequest (node_modules/router/lib/layer.js:152:17)
      at node_modules/router/index.js:295:15
      at param (node_modules/router/index.js:600:14)
      at param (node_modules/router/index.js:610:14)
      at processParams (node_modules/router/index.js:664:3)
      at next (node_modules/router/index.js:291:5)
      at router.handle (node_modules/router/index.js:186:3)
      at router (node_modules/router/index.js:60:12)
      at Layer.handleRequest (node_modules/router/lib/layer.js:152:17)
      at trimPrefix (node_modules/router/index.js:342:13)
      at node_modules/router/index.js:297:9
      at processParams (node_modules/router/index.js:582:12)
      at next (node_modules/router/index.js:291:5)
      at next (src/middleware/requestGuards.js:69:2)
      at Layer.handleRequest (node_modules/router/lib/layer.js:152:17)
      at trimPrefix (node_modules/router/index.js:342:13)
      at node_modules/router/index.js:297:9
      at processParams (node_modules/router/index.js:582:12)
      at next (node_modules/router/index.js:291:5)
      at node_modules/express-rate-limit/dist/index.cjs:942:7
      at node_modules/express-rate-limit/dist/index.cjs:825:5

    console.error
      ERROR ≡ƒÆÑ: {
        message: 'No token provided',
        statusCode: 401,
        stack: undefined,
        timestamp: '2026-03-03T08:23:44.096Z',
        path: '/admin/revoke/3',
        method: 'PATCH'
      }

    [0m [90m 18 |[39m 		err[33m.[39mcode [33m||[39m 
(err[33m.[39mstatusCode [33m===[39m [35m500[39m [33m?[39m 
[32m"INTERNAL_ERROR"[39m [33m:[39m [32m"UNKNOWN_ERROR"[39m)[33m;[39m
     [90m 19 |[39m
    [31m[1m>[22m[39m[90m 20 |[39m 	console[33m.[39merror([32m"ERROR 
≡ƒÆÑ:"[39m[33m,[39m {
     [90m    |[39m 	        [31m[1m^[22m[39m
     [90m 21 |[39m 		message[33m:[39m err[33m.[39mmessage[33m,[39m
     [90m 22 |[39m 		statusCode[33m:[39m 
err[33m.[39mstatusCode[33m,[39m
     [90m 23 |[39m 		stack[33m:[39m 
process[33m.[39menv[33m.[39m[33mNODE_ENV[39m [33m===[39m 
[32m"development"[39m [33m?[39m err[33m.[39mstack [33m:[39m 
undefined[33m,[39m[0m

      at error (src/middleware/errorHandler.js:20:10)
      at Layer.handleError (node_modules/router/lib/layer.js:116:17)
      at trimPrefix (node_modules/router/index.js:340:13)
      at node_modules/router/index.js:297:9
      at processParams (node_modules/router/index.js:582:12)
      at next (node_modules/router/index.js:291:5)
      at next (src/middleware/errorHandler.js:181:2)
      at Layer.handleError (node_modules/router/lib/layer.js:116:17)
      at trimPrefix (node_modules/router/index.js:340:13)
      at node_modules/router/index.js:297:9
      at processParams (node_modules/router/index.js:582:12)
      at next (node_modules/router/index.js:291:5)
      at Layer.handleError (node_modules/router/lib/layer.js:111:12)
      at trimPrefix (node_modules/router/index.js:340:13)
      at node_modules/router/index.js:297:9
      at processParams (node_modules/router/index.js:582:12)
      at Immediate.next (node_modules/router/index.js:291:5)
      at Immediate._onImmediate (node_modules/router/index.js:688:15)

    console.error
      ERROR ≡ƒÆÑ: {
        message: 'Organization name is required for SME and NGO accounts',
        statusCode: 400,
        stack: undefined,
        timestamp: '2026-03-03T08:23:44.123Z',
        path: '/auth/register',
        method: 'POST'
      }

    [0m [90m 18 |[39m 		err[33m.[39mcode [33m||[39m 
(err[33m.[39mstatusCode [33m===[39m [35m500[39m [33m?[39m 
[32m"INTERNAL_ERROR"[39m [33m:[39m [32m"UNKNOWN_ERROR"[39m)[33m;[39m
     [90m 19 |[39m
    [31m[1m>[22m[39m[90m 20 |[39m 	console[33m.[39merror([32m"ERROR 
≡ƒÆÑ:"[39m[33m,[39m {
     [90m    |[39m 	        [31m[1m^[22m[39m
     [90m 21 |[39m 		message[33m:[39m err[33m.[39mmessage[33m,[39m
     [90m 22 |[39m 		statusCode[33m:[39m 
err[33m.[39mstatusCode[33m,[39m
     [90m 23 |[39m 		stack[33m:[39m 
process[33m.[39menv[33m.[39m[33mNODE_ENV[39m [33m===[39m 
[32m"development"[39m [33m?[39m err[33m.[39mstack [33m:[39m 
undefined[33m,[39m[0m

      at error (src/middleware/errorHandler.js:20:10)
      at Layer.handleError (node_modules/router/lib/layer.js:116:17)
      at trimPrefix (node_modules/router/index.js:340:13)
      at node_modules/router/index.js:297:9
      at processParams (node_modules/router/index.js:582:12)
      at next (node_modules/router/index.js:291:5)
      at next (src/middleware/errorHandler.js:181:2)
      at Layer.handleError (node_modules/router/lib/layer.js:116:17)
      at trimPrefix (node_modules/router/index.js:340:13)
      at node_modules/router/index.js:297:9
      at processParams (node_modules/router/index.js:582:12)
      at next (node_modules/router/index.js:291:5)
      at Layer.handleError (node_modules/router/lib/layer.js:111:12)
      at trimPrefix (node_modules/router/index.js:340:13)
      at node_modules/router/index.js:297:9
      at processParams (node_modules/router/index.js:582:12)
      at next (node_modules/router/index.js:291:5)
      at node_modules/router/index.js:688:15
      at next (node_modules/router/index.js:276:14)
      at next (node_modules/router/lib/route.js:132:14)
      at Layer.handleError (node_modules/router/lib/layer.js:111:12)
      at next (node_modules/router/lib/route.js:155:13)
      at next (src/middleware/validate.js:82:10)
      at Layer.handleRequest (node_modules/router/lib/layer.js:152:17)
      at next (node_modules/router/lib/route.js:157:13)
      at next (src/middleware/validate.js:25:9)
      at Layer.handleRequest (node_modules/router/lib/layer.js:152:17)
      at next (node_modules/router/lib/route.js:157:13)
      at Route.dispatch (node_modules/router/lib/route.js:117:3)
      at handle (node_modules/router/index.js:435:11)
      at Layer.handleRequest (node_modules/router/lib/layer.js:152:17)
      at node_modules/router/index.js:295:15
      at processParams (node_modules/router/index.js:582:12)
      at next (node_modules/router/index.js:291:5)
      at router.handle (node_modules/router/index.js:186:3)
      at router (node_modules/router/index.js:60:12)
      at Layer.handleRequest (node_modules/router/lib/layer.js:152:17)
      at trimPrefix (node_modules/router/index.js:342:13)
      at node_modules/router/index.js:297:9
      at processParams (node_modules/router/index.js:582:12)
      at next (node_modules/router/index.js:291:5)
      at next (src/middleware/requestGuards.js:69:2)
      at Layer.handleRequest (node_modules/router/lib/layer.js:152:17)
      at trimPrefix (node_modules/router/index.js:342:13)
      at node_modules/router/index.js:297:9
      at processParams (node_modules/router/index.js:582:12)
      at next (node_modules/router/index.js:291:5)
      at node_modules/express-rate-limit/dist/index.cjs:942:7
      at node_modules/express-rate-limit/dist/index.cjs:825:5

  ΓùÅ Admin Endpoints ΓÇ║ PATCH /admin/verify/:userId ΓÇ║ Should fail to 
verify already verified user

    expect(received).toBe(expected) // Object.is equality

    Expected: 400
    Received: 200

    [0m [90m 179 |[39m 				
[33m.[39m[36mset[39m([32m"Authorization"[39m[33m,[39m [32m`Bearer 
${adminToken}`[39m)[33m;[39m
     [90m 180 |[39m
    [31m[1m>[22m[39m[90m 181 |[39m 			
expect(response[33m.[39mstatus)[33m.[39mtoBe([35m400[39m)[33m;[39m
     [90m     |[39m 			                        [31m[1m^[22m[39m
     [90m 182 |[39m 			expect(response[33m.[39mbody[33m.[39mcode)[33m.[
39mtoBe([32m"INVALID_STATE"[39m)[33m;[39m
     [90m 183 |[39m 		})[33m;[39m
     [90m 184 |[39m[0m

      at Object.toBe (tests/admin.test.js:181:28)

  ΓùÅ Admin Endpoints ΓÇ║ PATCH /admin/verify/:userId ΓÇ║ Should fail with 
invalid user ID

    expect(received).toBe(expected) // Object.is equality

    Expected: 404
    Received: 200

    [0m [90m 205 |[39m 				
[33m.[39m[36mset[39m([32m"Authorization"[39m[33m,[39m [32m`Bearer 
${adminToken}`[39m)[33m;[39m
     [90m 206 |[39m
    [31m[1m>[22m[39m[90m 207 |[39m 			
expect(response[33m.[39mstatus)[33m.[39mtoBe([35m404[39m)[33m;[39m
     [90m     |[39m 			                        [31m[1m^[22m[39m
     [90m 208 |[39m 			expect(response[33m.[39mbody[33m.[39mcode)[33m.[
39mtoBe([32m"NOT_FOUND"[39m)[33m;[39m
     [90m 209 |[39m 		})[33m;[39m
     [90m 210 |[39m[0m

      at Object.toBe (tests/admin.test.js:207:28)

  ΓùÅ Admin Endpoints ΓÇ║ PATCH /admin/revoke/:userId ΓÇ║ Should revoke 
verification as admin

    expect(received).toBe(expected) // Object.is equality

    Expected: 200
    Received: 400

    [0m [90m 225 |[39m 				
[33m.[39m[36mset[39m([32m"Authorization"[39m[33m,[39m [32m`Bearer 
${adminToken}`[39m)[33m;[39m
     [90m 226 |[39m
    [31m[1m>[22m[39m[90m 227 |[39m 			
expect(response[33m.[39mstatus)[33m.[39mtoBe([35m200[39m)[33m;[39m
     [90m     |[39m 			                        [31m[1m^[22m[39m
     [90m 228 |[39m 			expect(response[33m.[39mbody[33m.[39mmessage)[33m
.[39mtoContain([32m"revoked"[39m)[33m;[39m
     [90m 229 |[39m 		})[33m;[39m
     [90m 230 |[39m[0m

      at Object.toBe (tests/admin.test.js:227:28)

  ΓùÅ Admin Endpoints ΓÇ║ PATCH /admin/revoke/:userId ΓÇ║ Should fail to 
revoke unverified user

    expect(received).toBe(expected) // Object.is equality

    Expected: "INVALID_STATE"
    Received: "INVALID_PARAM"

    [0m [90m 246 |[39m
     [90m 247 |[39m 			
expect(response[33m.[39mstatus)[33m.[39mtoBe([35m400[39m)[33m;[39m
    [31m[1m>[22m[39m[90m 248 |[39m 			expect(response[33m.[39mbody[33m
.[39mcode)[33m.[39mtoBe([32m"INVALID_STATE"[39m)[33m;[39m
     [90m     |[39m 			                           [31m[1m^[22m[39m
     [90m 249 |[39m 		})[33m;[39m
     [90m 250 |[39m
     [90m 251 |[39m 		test([32m"Should fail without 
authentication"[39m[33m,[39m [36masync[39m () [33m=>[39m {[0m

      at Object.toBe (tests/admin.test.js:248:31)

  ΓùÅ Admin Endpoints ΓÇ║ PATCH /admin/revoke/:userId ΓÇ║ Should fail with 
invalid user ID

    expect(received).toBe(expected) // Object.is equality

    Expected: 404
    Received: 400

    [0m [90m 271 |[39m 				
[33m.[39m[36mset[39m([32m"Authorization"[39m[33m,[39m [32m`Bearer 
${adminToken}`[39m)[33m;[39m
     [90m 272 |[39m
    [31m[1m>[22m[39m[90m 273 |[39m 			
expect(response[33m.[39mstatus)[33m.[39mtoBe([35m404[39m)[33m;[39m
     [90m     |[39m 			                        [31m[1m^[22m[39m
     [90m 274 |[39m 			expect(response[33m.[39mbody[33m.[39mcode)[33m.[
39mtoBe([32m"NOT_FOUND"[39m)[33m;[39m
     [90m 275 |[39m 		})[33m;[39m
     [90m 276 |[39m[0m

      at Object.toBe (tests/admin.test.js:273:28)

  ΓùÅ Admin Endpoints ΓÇ║ Admin Verification Flow ΓÇ║ Should complete full 
verification flow

    expect(received).toBe(expected) // Object.is equality

    Expected: 201
    Received: 400

    [0m [90m 341 |[39m 			})[33m;[39m
     [90m 342 |[39m
    [31m[1m>[22m[39m[90m 343 |[39m 			expect(registerResponse[33m.[39ms
tatus)[33m.[39mtoBe([35m201[39m)[33m;[39m
     [90m     |[39m 			                                [31m[1m^[22m[39m
     [90m 344 |[39m 			[36mconst[39m userId [33m=[39m 
registerResponse[33m.[39mbody[33m.[39muserId[33m;[39m
     [90m 345 |[39m
     [90m 346 |[39m 			[36mconst[39m pendingResponse [33m=[39m 
[36mawait[39m request(app)[0m

      at Object.toBe (tests/admin.test.js:343:36)

(node:26476) Warning: `--localstorage-file` was provided without a valid path
FAIL tests/claims.test.js (6.584 s)
  ΓùÅ Console

    console.log
      [dotenv@17.3.1] injecting env (5) from .env.test -- tip: ≡ƒöÉ prevent 
building .env in docker: https://dotenvx.com/prebuild

      at _log (node_modules/dotenv/lib/main.js:139:11)

    console.log
      ≡ƒöì App DB_NAME: sharemeal_test

      at Object.log (src/app.js:5:9)

    console.log
      Γ£à ShareAMeal Backend Starting...

      at Object.log (src/app.js:32:9)

    console.log
      ≡ƒô¥ NODE_ENV: test

      at Object.log (src/app.js:33:9)

    console.log
      ≡ƒöù API_URL configured

      at Object.log (src/app.js:34:9)

    console.error
      ERROR ≡ƒÆÑ: {
        message: 'Meal is undefined. Only AVAILABLE meals can be claimed.',
        statusCode: 400,
        stack: undefined,
        timestamp: '2026-03-03T08:23:43.048Z',
        path: '/claims/meal/100',
        method: 'POST'
      }

    [0m [90m 18 |[39m 		err[33m.[39mcode [33m||[39m 
(err[33m.[39mstatusCode [33m===[39m [35m500[39m [33m?[39m 
[32m"INTERNAL_ERROR"[39m [33m:[39m [32m"UNKNOWN_ERROR"[39m)[33m;[39m
     [90m 19 |[39m
    [31m[1m>[22m[39m[90m 20 |[39m 	console[33m.[39merror([32m"ERROR 
≡ƒÆÑ:"[39m[33m,[39m {
     [90m    |[39m 	        [31m[1m^[22m[39m
     [90m 21 |[39m 		message[33m:[39m err[33m.[39mmessage[33m,[39m
     [90m 22 |[39m 		statusCode[33m:[39m 
err[33m.[39mstatusCode[33m,[39m
     [90m 23 |[39m 		stack[33m:[39m 
process[33m.[39menv[33m.[39m[33mNODE_ENV[39m [33m===[39m 
[32m"development"[39m [33m?[39m err[33m.[39mstack [33m:[39m 
undefined[33m,[39m[0m

      at error (src/middleware/errorHandler.js:20:10)
      at Layer.handleError (node_modules/router/lib/layer.js:116:17)
      at trimPrefix (node_modules/router/index.js:340:13)
      at node_modules/router/index.js:297:9
      at processParams (node_modules/router/index.js:582:12)
      at next (node_modules/router/index.js:291:5)
      at next (src/middleware/errorHandler.js:181:2)
      at Layer.handleError (node_modules/router/lib/layer.js:116:17)
      at trimPrefix (node_modules/router/index.js:340:13)
      at node_modules/router/index.js:297:9
      at processParams (node_modules/router/index.js:582:12)
      at next (node_modules/router/index.js:291:5)
      at Layer.handleError (node_modules/router/lib/layer.js:111:12)
      at trimPrefix (node_modules/router/index.js:340:13)
      at node_modules/router/index.js:297:9
      at processParams (node_modules/router/index.js:582:12)
      at next (node_modules/router/index.js:291:5)
      at node_modules/router/index.js:688:15
      at next (node_modules/router/index.js:276:14)
      at next (node_modules/router/lib/route.js:132:14)
      at next (src/controllers/claimController.js:104:3)

    console.error
      ERROR ≡ƒÆÑ: {
        message: 'No token provided',
        statusCode: 401,
        stack: undefined,
        timestamp: '2026-03-03T08:23:43.116Z',
        path: '/claims/meal/100',
        method: 'POST'
      }

    [0m [90m 18 |[39m 		err[33m.[39mcode [33m||[39m 
(err[33m.[39mstatusCode [33m===[39m [35m500[39m [33m?[39m 
[32m"INTERNAL_ERROR"[39m [33m:[39m [32m"UNKNOWN_ERROR"[39m)[33m;[39m
     [90m 19 |[39m
    [31m[1m>[22m[39m[90m 20 |[39m 	console[33m.[39merror([32m"ERROR 
≡ƒÆÑ:"[39m[33m,[39m {
     [90m    |[39m 	        [31m[1m^[22m[39m
     [90m 21 |[39m 		message[33m:[39m err[33m.[39mmessage[33m,[39m
     [90m 22 |[39m 		statusCode[33m:[39m 
err[33m.[39mstatusCode[33m,[39m
     [90m 23 |[39m 		stack[33m:[39m 
process[33m.[39menv[33m.[39m[33mNODE_ENV[39m [33m===[39m 
[32m"development"[39m [33m?[39m err[33m.[39mstack [33m:[39m 
undefined[33m,[39m[0m

      at error (src/middleware/errorHandler.js:20:10)
      at Layer.handleError (node_modules/router/lib/layer.js:116:17)
      at trimPrefix (node_modules/router/index.js:340:13)
      at node_modules/router/index.js:297:9
      at processParams (node_modules/router/index.js:582:12)
      at next (node_modules/router/index.js:291:5)
      at next (src/middleware/errorHandler.js:181:2)
      at Layer.handleError (node_modules/router/lib/layer.js:116:17)
      at trimPrefix (node_modules/router/index.js:340:13)
      at node_modules/router/index.js:297:9
      at processParams (node_modules/router/index.js:582:12)
      at next (node_modules/router/index.js:291:5)
      at Layer.handleError (node_modules/router/lib/layer.js:111:12)
      at trimPrefix (node_modules/router/index.js:340:13)
      at node_modules/router/index.js:297:9
      at processParams (node_modules/router/index.js:582:12)
      at next (node_modules/router/index.js:291:5)
      at node_modules/router/index.js:688:15
      at next (node_modules/router/index.js:276:14)
      at next (node_modules/router/lib/route.js:132:14)
      at Layer.handleError (node_modules/router/lib/layer.js:111:12)
      at next (node_modules/router/lib/route.js:155:13)
      at Layer.handleError (node_modules/router/lib/layer.js:111:12)
      at next (node_modules/router/lib/route.js:155:13)
      at Layer.handleError (node_modules/router/lib/layer.js:111:12)
      at next (node_modules/router/lib/route.js:155:13)
      at next (src/middleware/auth.js:13:10)
      at fn (src/utils/catchAsync.js:85:3)
      at Layer.handleRequest (node_modules/router/lib/layer.js:152:17)
      at next (node_modules/router/lib/route.js:157:13)
      at next (src/middleware/validate.js:225:9)
      at Layer.handleRequest (node_modules/router/lib/layer.js:152:17)
      at next (node_modules/router/lib/route.js:157:13)
      at Route.dispatch (node_modules/router/lib/route.js:117:3)
      at handle (node_modules/router/index.js:435:11)
      at Layer.handleRequest (node_modules/router/lib/layer.js:152:17)
      at node_modules/router/index.js:295:15
      at param (node_modules/router/index.js:600:14)
      at param (node_modules/router/index.js:610:14)
      at processParams (node_modules/router/index.js:664:3)
      at next (node_modules/router/index.js:291:5)
      at router.handle (node_modules/router/index.js:186:3)
      at router (node_modules/router/index.js:60:12)
      at Layer.handleRequest (node_modules/router/lib/layer.js:152:17)
      at trimPrefix (node_modules/router/index.js:342:13)
      at node_modules/router/index.js:297:9
      at processParams (node_modules/router/index.js:582:12)
      at next (node_modules/router/index.js:291:5)
      at next (src/middleware/requestGuards.js:69:2)
      at Layer.handleRequest (node_modules/router/lib/layer.js:152:17)
      at trimPrefix (node_modules/router/index.js:342:13)
      at node_modules/router/index.js:297:9
      at processParams (node_modules/router/index.js:582:12)
      at next (node_modules/router/index.js:291:5)
      at node_modules/express-rate-limit/dist/index.cjs:942:7
      at node_modules/express-rate-limit/dist/index.cjs:825:5

    console.error
      ERROR ≡ƒÆÑ: {
        message: 'Access denied - insufficient permissions',
        statusCode: 403,
        stack: undefined,
        timestamp: '2026-03-03T08:23:43.171Z',
        path: '/claims/meal/101',
        method: 'POST'
      }

    [0m [90m 18 |[39m 		err[33m.[39mcode [33m||[39m 
(err[33m.[39mstatusCode [33m===[39m [35m500[39m [33m?[39m 
[32m"INTERNAL_ERROR"[39m [33m:[39m [32m"UNKNOWN_ERROR"[39m)[33m;[39m
     [90m 19 |[39m
    [31m[1m>[22m[39m[90m 20 |[39m 	console[33m.[39merror([32m"ERROR 
≡ƒÆÑ:"[39m[33m,[39m {
     [90m    |[39m 	        [31m[1m^[22m[39m
     [90m 21 |[39m 		message[33m:[39m err[33m.[39mmessage[33m,[39m
     [90m 22 |[39m 		statusCode[33m:[39m 
err[33m.[39mstatusCode[33m,[39m
     [90m 23 |[39m 		stack[33m:[39m 
process[33m.[39menv[33m.[39m[33mNODE_ENV[39m [33m===[39m 
[32m"development"[39m [33m?[39m err[33m.[39mstack [33m:[39m 
undefined[33m,[39m[0m

      at error (src/middleware/errorHandler.js:20:10)
      at Layer.handleError (node_modules/router/lib/layer.js:116:17)
      at trimPrefix (node_modules/router/index.js:340:13)
      at node_modules/router/index.js:297:9
      at processParams (node_modules/router/index.js:582:12)
      at next (node_modules/router/index.js:291:5)
      at next (src/middleware/errorHandler.js:181:2)
      at Layer.handleError (node_modules/router/lib/layer.js:116:17)
      at trimPrefix (node_modules/router/index.js:340:13)
      at node_modules/router/index.js:297:9
      at processParams (node_modules/router/index.js:582:12)
      at next (node_modules/router/index.js:291:5)
      at Layer.handleError (node_modules/router/lib/layer.js:111:12)
      at trimPrefix (node_modules/router/index.js:340:13)
      at node_modules/router/index.js:297:9
      at processParams (node_modules/router/index.js:582:12)
      at next (node_modules/router/index.js:291:5)
      at node_modules/router/index.js:688:15
      at next (node_modules/router/index.js:276:14)
      at next (node_modules/router/lib/route.js:132:14)
      at Layer.handleError (node_modules/router/lib/layer.js:111:12)
      at next (node_modules/router/lib/route.js:155:13)
      at Layer.handleError (node_modules/router/lib/layer.js:111:12)
      at next (node_modules/router/lib/route.js:155:13)
      at next (src/middleware/auth.js:40:11)
      at Layer.handleRequest (node_modules/router/lib/layer.js:152:17)
      at next (node_modules/router/lib/route.js:157:13)
      at next (src/middleware/auth.js:31:2)

    console.error
      ERROR ≡ƒÆÑ: {
        message: 'Meal is undefined. Only AVAILABLE meals can be claimed.',
        statusCode: 400,
        stack: undefined,
        timestamp: '2026-03-03T08:23:43.197Z',
        path: '/claims/meal/100',
        method: 'POST'
      }

    [0m [90m 18 |[39m 		err[33m.[39mcode [33m||[39m 
(err[33m.[39mstatusCode [33m===[39m [35m500[39m [33m?[39m 
[32m"INTERNAL_ERROR"[39m [33m:[39m [32m"UNKNOWN_ERROR"[39m)[33m;[39m
     [90m 19 |[39m
    [31m[1m>[22m[39m[90m 20 |[39m 	console[33m.[39merror([32m"ERROR 
≡ƒÆÑ:"[39m[33m,[39m {
     [90m    |[39m 	        [31m[1m^[22m[39m
     [90m 21 |[39m 		message[33m:[39m err[33m.[39mmessage[33m,[39m
     [90m 22 |[39m 		statusCode[33m:[39m 
err[33m.[39mstatusCode[33m,[39m
     [90m 23 |[39m 		stack[33m:[39m 
process[33m.[39menv[33m.[39m[33mNODE_ENV[39m [33m===[39m 
[32m"development"[39m [33m?[39m err[33m.[39mstack [33m:[39m 
undefined[33m,[39m[0m

      at error (src/middleware/errorHandler.js:20:10)
      at Layer.handleError (node_modules/router/lib/layer.js:116:17)
      at trimPrefix (node_modules/router/index.js:340:13)
      at node_modules/router/index.js:297:9
      at processParams (node_modules/router/index.js:582:12)
      at next (node_modules/router/index.js:291:5)
      at next (src/middleware/errorHandler.js:181:2)
      at Layer.handleError (node_modules/router/lib/layer.js:116:17)
      at trimPrefix (node_modules/router/index.js:340:13)
      at node_modules/router/index.js:297:9
      at processParams (node_modules/router/index.js:582:12)
      at next (node_modules/router/index.js:291:5)
      at Layer.handleError (node_modules/router/lib/layer.js:111:12)
      at trimPrefix (node_modules/router/index.js:340:13)
      at node_modules/router/index.js:297:9
      at processParams (node_modules/router/index.js:582:12)
      at next (node_modules/router/index.js:291:5)
      at node_modules/router/index.js:688:15
      at next (node_modules/router/index.js:276:14)
      at next (node_modules/router/lib/route.js:132:14)
      at next (src/controllers/claimController.js:104:3)

    console.error
      ERROR ≡ƒÆÑ: {
        message: 'Meal is undefined. Only AVAILABLE meals can be claimed.',
        statusCode: 400,
        stack: undefined,
        timestamp: '2026-03-03T08:23:43.222Z',
        path: '/claims/meal/99999',
        method: 'POST'
      }

    [0m [90m 18 |[39m 		err[33m.[39mcode [33m||[39m 
(err[33m.[39mstatusCode [33m===[39m [35m500[39m [33m?[39m 
[32m"INTERNAL_ERROR"[39m [33m:[39m [32m"UNKNOWN_ERROR"[39m)[33m;[39m
     [90m 19 |[39m
    [31m[1m>[22m[39m[90m 20 |[39m 	console[33m.[39merror([32m"ERROR 
≡ƒÆÑ:"[39m[33m,[39m {
     [90m    |[39m 	        [31m[1m^[22m[39m
     [90m 21 |[39m 		message[33m:[39m err[33m.[39mmessage[33m,[39m
     [90m 22 |[39m 		statusCode[33m:[39m 
err[33m.[39mstatusCode[33m,[39m
     [90m 23 |[39m 		stack[33m:[39m 
process[33m.[39menv[33m.[39m[33mNODE_ENV[39m [33m===[39m 
[32m"development"[39m [33m?[39m err[33m.[39mstack [33m:[39m 
undefined[33m,[39m[0m

      at error (src/middleware/errorHandler.js:20:10)
      at Layer.handleError (node_modules/router/lib/layer.js:116:17)
      at trimPrefix (node_modules/router/index.js:340:13)
      at node_modules/router/index.js:297:9
      at processParams (node_modules/router/index.js:582:12)
      at next (node_modules/router/index.js:291:5)
      at next (src/middleware/errorHandler.js:181:2)
      at Layer.handleError (node_modules/router/lib/layer.js:116:17)
      at trimPrefix (node_modules/router/index.js:340:13)
      at node_modules/router/index.js:297:9
      at processParams (node_modules/router/index.js:582:12)
      at next (node_modules/router/index.js:291:5)
      at Layer.handleError (node_modules/router/lib/layer.js:111:12)
      at trimPrefix (node_modules/router/index.js:340:13)
      at node_modules/router/index.js:297:9
      at processParams (node_modules/router/index.js:582:12)
      at next (node_modules/router/index.js:291:5)
      at node_modules/router/index.js:688:15
      at next (node_modules/router/index.js:276:14)
      at next (node_modules/router/lib/route.js:132:14)
      at next (src/controllers/claimController.js:104:3)

    console.error
      ERROR ≡ƒÆÑ: {
        message: 'Invalid mealId. Must be a positive integer.',
        statusCode: 400,
        stack: undefined,
        timestamp: '2026-03-03T08:23:43.258Z',
        path: '/claims/meal/invalid',
        method: 'POST'
      }

    [0m [90m 18 |[39m 		err[33m.[39mcode [33m||[39m 
(err[33m.[39mstatusCode [33m===[39m [35m500[39m [33m?[39m 
[32m"INTERNAL_ERROR"[39m [33m:[39m [32m"UNKNOWN_ERROR"[39m)[33m;[39m
     [90m 19 |[39m
    [31m[1m>[22m[39m[90m 20 |[39m 	console[33m.[39merror([32m"ERROR 
≡ƒÆÑ:"[39m[33m,[39m {
     [90m    |[39m 	        [31m[1m^[22m[39m
     [90m 21 |[39m 		message[33m:[39m err[33m.[39mmessage[33m,[39m
     [90m 22 |[39m 		statusCode[33m:[39m 
err[33m.[39mstatusCode[33m,[39m
     [90m 23 |[39m 		stack[33m:[39m 
process[33m.[39menv[33m.[39m[33mNODE_ENV[39m [33m===[39m 
[32m"development"[39m [33m?[39m err[33m.[39mstack [33m:[39m 
undefined[33m,[39m[0m

      at error (src/middleware/errorHandler.js:20:10)
      at Layer.handleError (node_modules/router/lib/layer.js:116:17)
      at trimPrefix (node_modules/router/index.js:340:13)
      at node_modules/router/index.js:297:9
      at processParams (node_modules/router/index.js:582:12)
      at next (node_modules/router/index.js:291:5)
      at next (src/middleware/errorHandler.js:181:2)
      at Layer.handleError (node_modules/router/lib/layer.js:116:17)
      at trimPrefix (node_modules/router/index.js:340:13)
      at node_modules/router/index.js:297:9
      at processParams (node_modules/router/index.js:582:12)
      at next (node_modules/router/index.js:291:5)
      at Layer.handleError (node_modules/router/lib/layer.js:111:12)
      at trimPrefix (node_modules/router/index.js:340:13)
      at node_modules/router/index.js:297:9
      at processParams (node_modules/router/index.js:582:12)
      at next (node_modules/router/index.js:291:5)
      at node_modules/router/index.js:688:15
      at next (node_modules/router/index.js:276:14)
      at next (node_modules/router/lib/route.js:132:14)
      at Layer.handleError (node_modules/router/lib/layer.js:111:12)
      at next (node_modules/router/lib/route.js:155:13)
      at Layer.handleError (node_modules/router/lib/layer.js:111:12)
      at next (node_modules/router/lib/route.js:155:13)
      at Layer.handleError (node_modules/router/lib/layer.js:111:12)
      at next (node_modules/router/lib/route.js:155:13)
      at Layer.handleError (node_modules/router/lib/layer.js:111:12)
      at next (node_modules/router/lib/route.js:155:13)
      at next (src/middleware/validate.js:215:10)
      at Layer.handleRequest (node_modules/router/lib/layer.js:152:17)
      at next (node_modules/router/lib/route.js:157:13)
      at Route.dispatch (node_modules/router/lib/route.js:117:3)
      at handle (node_modules/router/index.js:435:11)
      at Layer.handleRequest (node_modules/router/lib/layer.js:152:17)
      at node_modules/router/index.js:295:15
      at param (node_modules/router/index.js:600:14)
      at param (node_modules/router/index.js:610:14)
      at processParams (node_modules/router/index.js:664:3)
      at next (node_modules/router/index.js:291:5)
      at router.handle (node_modules/router/index.js:186:3)
      at router (node_modules/router/index.js:60:12)
      at Layer.handleRequest (node_modules/router/lib/layer.js:152:17)
      at trimPrefix (node_modules/router/index.js:342:13)
      at node_modules/router/index.js:297:9
      at processParams (node_modules/router/index.js:582:12)
      at next (node_modules/router/index.js:291:5)
      at next (src/middleware/requestGuards.js:69:2)
      at Layer.handleRequest (node_modules/router/lib/layer.js:152:17)
      at trimPrefix (node_modules/router/index.js:342:13)
      at node_modules/router/index.js:297:9
      at processParams (node_modules/router/index.js:582:12)
      at next (node_modules/router/index.js:291:5)
      at node_modules/express-rate-limit/dist/index.cjs:942:7
      at node_modules/express-rate-limit/dist/index.cjs:825:5

    console.error
      ERROR ≡ƒÆÑ: {
        message: 'No token provided',
        statusCode: 401,
        stack: undefined,
        timestamp: '2026-03-03T08:23:43.320Z',
        path: '/claims/my',
        method: 'GET'
      }

    [0m [90m 18 |[39m 		err[33m.[39mcode [33m||[39m 
(err[33m.[39mstatusCode [33m===[39m [35m500[39m [33m?[39m 
[32m"INTERNAL_ERROR"[39m [33m:[39m [32m"UNKNOWN_ERROR"[39m)[33m;[39m
     [90m 19 |[39m
    [31m[1m>[22m[39m[90m 20 |[39m 	console[33m.[39merror([32m"ERROR 
≡ƒÆÑ:"[39m[33m,[39m {
     [90m    |[39m 	        [31m[1m^[22m[39m
     [90m 21 |[39m 		message[33m:[39m err[33m.[39mmessage[33m,[39m
     [90m 22 |[39m 		statusCode[33m:[39m 
err[33m.[39mstatusCode[33m,[39m
     [90m 23 |[39m 		stack[33m:[39m 
process[33m.[39menv[33m.[39m[33mNODE_ENV[39m [33m===[39m 
[32m"development"[39m [33m?[39m err[33m.[39mstack [33m:[39m 
undefined[33m,[39m[0m

      at error (src/middleware/errorHandler.js:20:10)
      at Layer.handleError (node_modules/router/lib/layer.js:116:17)
      at trimPrefix (node_modules/router/index.js:340:13)
      at node_modules/router/index.js:297:9
      at processParams (node_modules/router/index.js:582:12)
      at next (node_modules/router/index.js:291:5)
      at next (src/middleware/errorHandler.js:181:2)
      at Layer.handleError (node_modules/router/lib/layer.js:116:17)
      at trimPrefix (node_modules/router/index.js:340:13)
      at node_modules/router/index.js:297:9
      at processParams (node_modules/router/index.js:582:12)
      at next (node_modules/router/index.js:291:5)
      at Layer.handleError (node_modules/router/lib/layer.js:111:12)
      at trimPrefix (node_modules/router/index.js:340:13)
      at node_modules/router/index.js:297:9
      at processParams (node_modules/router/index.js:582:12)
      at next (node_modules/router/index.js:291:5)
      at node_modules/router/index.js:688:15
      at next (node_modules/router/index.js:276:14)
      at next (node_modules/router/lib/route.js:132:14)
      at Layer.handleError (node_modules/router/lib/layer.js:111:12)
      at next (node_modules/router/lib/route.js:155:13)
      at Layer.handleError (node_modules/router/lib/layer.js:111:12)
      at next (node_modules/router/lib/route.js:155:13)
      at next (src/middleware/auth.js:13:10)
      at fn (src/utils/catchAsync.js:85:3)
      at Layer.handleRequest (node_modules/router/lib/layer.js:152:17)
      at next (node_modules/router/lib/route.js:157:13)
      at Route.dispatch (node_modules/router/lib/route.js:117:3)
      at handle (node_modules/router/index.js:435:11)
      at Layer.handleRequest (node_modules/router/lib/layer.js:152:17)
      at node_modules/router/index.js:295:15
      at processParams (node_modules/router/index.js:582:12)
      at next (node_modules/router/index.js:291:5)
      at router.handle (node_modules/router/index.js:186:3)
      at router (node_modules/router/index.js:60:12)
      at Layer.handleRequest (node_modules/router/lib/layer.js:152:17)
      at trimPrefix (node_modules/router/index.js:342:13)
      at node_modules/router/index.js:297:9
      at processParams (node_modules/router/index.js:582:12)
      at next (node_modules/router/index.js:291:5)
      at next (src/middleware/requestGuards.js:69:2)
      at Layer.handleRequest (node_modules/router/lib/layer.js:152:17)
      at trimPrefix (node_modules/router/index.js:342:13)
      at node_modules/router/index.js:297:9
      at processParams (node_modules/router/index.js:582:12)
      at next (node_modules/router/index.js:291:5)
      at node_modules/express-rate-limit/dist/index.cjs:942:7
      at node_modules/express-rate-limit/dist/index.cjs:825:5

    console.error
      ERROR ≡ƒÆÑ: {
        message: 'Access denied - insufficient permissions',
        statusCode: 403,
        stack: undefined,
        timestamp: '2026-03-03T08:23:43.339Z',
        path: '/claims/my',
        method: 'GET'
      }

    [0m [90m 18 |[39m 		err[33m.[39mcode [33m||[39m 
(err[33m.[39mstatusCode [33m===[39m [35m500[39m [33m?[39m 
[32m"INTERNAL_ERROR"[39m [33m:[39m [32m"UNKNOWN_ERROR"[39m)[33m;[39m
     [90m 19 |[39m
    [31m[1m>[22m[39m[90m 20 |[39m 	console[33m.[39merror([32m"ERROR 
≡ƒÆÑ:"[39m[33m,[39m {
     [90m    |[39m 	        [31m[1m^[22m[39m
     [90m 21 |[39m 		message[33m:[39m err[33m.[39mmessage[33m,[39m
     [90m 22 |[39m 		statusCode[33m:[39m 
err[33m.[39mstatusCode[33m,[39m
     [90m 23 |[39m 		stack[33m:[39m 
process[33m.[39menv[33m.[39m[33mNODE_ENV[39m [33m===[39m 
[32m"development"[39m [33m?[39m err[33m.[39mstack [33m:[39m 
undefined[33m,[39m[0m

      at error (src/middleware/errorHandler.js:20:10)
      at Layer.handleError (node_modules/router/lib/layer.js:116:17)
      at trimPrefix (node_modules/router/index.js:340:13)
      at node_modules/router/index.js:297:9
      at processParams (node_modules/router/index.js:582:12)
      at next (node_modules/router/index.js:291:5)
      at next (src/middleware/errorHandler.js:181:2)
      at Layer.handleError (node_modules/router/lib/layer.js:116:17)
      at trimPrefix (node_modules/router/index.js:340:13)
      at node_modules/router/index.js:297:9
      at processParams (node_modules/router/index.js:582:12)
      at next (node_modules/router/index.js:291:5)
      at Layer.handleError (node_modules/router/lib/layer.js:111:12)
      at trimPrefix (node_modules/router/index.js:340:13)
      at node_modules/router/index.js:297:9
      at processParams (node_modules/router/index.js:582:12)
      at next (node_modules/router/index.js:291:5)
      at node_modules/router/index.js:688:15
      at next (node_modules/router/index.js:276:14)
      at next (node_modules/router/lib/route.js:132:14)
      at Layer.handleError (node_modules/router/lib/layer.js:111:12)
      at next (node_modules/router/lib/route.js:155:13)
      at next (src/middleware/auth.js:40:11)
      at Layer.handleRequest (node_modules/router/lib/layer.js:152:17)
      at next (node_modules/router/lib/route.js:157:13)
      at next (src/middleware/auth.js:31:2)

    console.error
      ERROR ≡ƒÆÑ: {
        message: 'You can only update your own meals',
        statusCode: 403,
        stack: undefined,
        timestamp: '2026-03-03T08:23:43.367Z',
        path: '/claims/meal/100/ready',
        method: 'PATCH'
      }

    [0m [90m 18 |[39m 		err[33m.[39mcode [33m||[39m 
(err[33m.[39mstatusCode [33m===[39m [35m500[39m [33m?[39m 
[32m"INTERNAL_ERROR"[39m [33m:[39m [32m"UNKNOWN_ERROR"[39m)[33m;[39m
     [90m 19 |[39m
    [31m[1m>[22m[39m[90m 20 |[39m 	console[33m.[39merror([32m"ERROR 
≡ƒÆÑ:"[39m[33m,[39m {
     [90m    |[39m 	        [31m[1m^[22m[39m
     [90m 21 |[39m 		message[33m:[39m err[33m.[39mmessage[33m,[39m
     [90m 22 |[39m 		statusCode[33m:[39m 
err[33m.[39mstatusCode[33m,[39m
     [90m 23 |[39m 		stack[33m:[39m 
process[33m.[39menv[33m.[39m[33mNODE_ENV[39m [33m===[39m 
[32m"development"[39m [33m?[39m err[33m.[39mstack [33m:[39m 
undefined[33m,[39m[0m

      at error (src/middleware/errorHandler.js:20:10)
      at Layer.handleError (node_modules/router/lib/layer.js:116:17)
      at trimPrefix (node_modules/router/index.js:340:13)
      at node_modules/router/index.js:297:9
      at processParams (node_modules/router/index.js:582:12)
      at next (node_modules/router/index.js:291:5)
      at next (src/middleware/errorHandler.js:181:2)
      at Layer.handleError (node_modules/router/lib/layer.js:116:17)
      at trimPrefix (node_modules/router/index.js:340:13)
      at node_modules/router/index.js:297:9
      at processParams (node_modules/router/index.js:582:12)
      at next (node_modules/router/index.js:291:5)
      at Layer.handleError (node_modules/router/lib/layer.js:111:12)
      at trimPrefix (node_modules/router/index.js:340:13)
      at node_modules/router/index.js:297:9
      at processParams (node_modules/router/index.js:582:12)
      at next (node_modules/router/index.js:291:5)
      at node_modules/router/index.js:688:15
      at next (node_modules/router/index.js:276:14)
      at next (node_modules/router/lib/route.js:132:14)
      at next (src/controllers/claimController.js:267:3)

    console.error
      ERROR ≡ƒÆÑ: {
        message: 'Access denied - insufficient permissions',
        statusCode: 403,
        stack: undefined,
        timestamp: '2026-03-03T08:23:43.424Z',
        path: '/claims/meal/100/ready',
        method: 'PATCH'
      }

    [0m [90m 18 |[39m 		err[33m.[39mcode [33m||[39m 
(err[33m.[39mstatusCode [33m===[39m [35m500[39m [33m?[39m 
[32m"INTERNAL_ERROR"[39m [33m:[39m [32m"UNKNOWN_ERROR"[39m)[33m;[39m
     [90m 19 |[39m
    [31m[1m>[22m[39m[90m 20 |[39m 	console[33m.[39merror([32m"ERROR 
≡ƒÆÑ:"[39m[33m,[39m {
     [90m    |[39m 	        [31m[1m^[22m[39m
     [90m 21 |[39m 		message[33m:[39m err[33m.[39mmessage[33m,[39m
     [90m 22 |[39m 		statusCode[33m:[39m 
err[33m.[39mstatusCode[33m,[39m
     [90m 23 |[39m 		stack[33m:[39m 
process[33m.[39menv[33m.[39m[33mNODE_ENV[39m [33m===[39m 
[32m"development"[39m [33m?[39m err[33m.[39mstack [33m:[39m 
undefined[33m,[39m[0m

      at error (src/middleware/errorHandler.js:20:10)
      at Layer.handleError (node_modules/router/lib/layer.js:116:17)
      at trimPrefix (node_modules/router/index.js:340:13)
      at node_modules/router/index.js:297:9
      at processParams (node_modules/router/index.js:582:12)
      at next (node_modules/router/index.js:291:5)
      at next (src/middleware/errorHandler.js:181:2)
      at Layer.handleError (node_modules/router/lib/layer.js:116:17)
      at trimPrefix (node_modules/router/index.js:340:13)
      at node_modules/router/index.js:297:9
      at processParams (node_modules/router/index.js:582:12)
      at next (node_modules/router/index.js:291:5)
      at Layer.handleError (node_modules/router/lib/layer.js:111:12)
      at trimPrefix (node_modules/router/index.js:340:13)
      at node_modules/router/index.js:297:9
      at processParams (node_modules/router/index.js:582:12)
      at next (node_modules/router/index.js:291:5)
      at node_modules/router/index.js:688:15
      at next (node_modules/router/index.js:276:14)
      at next (node_modules/router/lib/route.js:132:14)
      at Layer.handleError (node_modules/router/lib/layer.js:111:12)
      at next (node_modules/router/lib/route.js:155:13)
      at next (src/middleware/auth.js:40:11)
      at Layer.handleRequest (node_modules/router/lib/layer.js:152:17)
      at next (node_modules/router/lib/route.js:157:13)
      at next (src/middleware/auth.js:31:2)

    console.error
      ERROR ≡ƒÆÑ: {
        message: 'No token provided',
        statusCode: 401,
        stack: undefined,
        timestamp: '2026-03-03T08:23:43.471Z',
        path: '/claims/meal/100/ready',
        method: 'PATCH'
      }

    [0m [90m 18 |[39m 		err[33m.[39mcode [33m||[39m 
(err[33m.[39mstatusCode [33m===[39m [35m500[39m [33m?[39m 
[32m"INTERNAL_ERROR"[39m [33m:[39m [32m"UNKNOWN_ERROR"[39m)[33m;[39m
     [90m 19 |[39m
    [31m[1m>[22m[39m[90m 20 |[39m 	console[33m.[39merror([32m"ERROR 
≡ƒÆÑ:"[39m[33m,[39m {
     [90m    |[39m 	        [31m[1m^[22m[39m
     [90m 21 |[39m 		message[33m:[39m err[33m.[39mmessage[33m,[39m
     [90m 22 |[39m 		statusCode[33m:[39m 
err[33m.[39mstatusCode[33m,[39m
     [90m 23 |[39m 		stack[33m:[39m 
process[33m.[39menv[33m.[39m[33mNODE_ENV[39m [33m===[39m 
[32m"development"[39m [33m?[39m err[33m.[39mstack [33m:[39m 
undefined[33m,[39m[0m

      at error (src/middleware/errorHandler.js:20:10)
      at Layer.handleError (node_modules/router/lib/layer.js:116:17)
      at trimPrefix (node_modules/router/index.js:340:13)
      at node_modules/router/index.js:297:9
      at processParams (node_modules/router/index.js:582:12)
      at next (node_modules/router/index.js:291:5)
      at next (src/middleware/errorHandler.js:181:2)
      at Layer.handleError (node_modules/router/lib/layer.js:116:17)
      at trimPrefix (node_modules/router/index.js:340:13)
      at node_modules/router/index.js:297:9
      at processParams (node_modules/router/index.js:582:12)
      at next (node_modules/router/index.js:291:5)
      at Layer.handleError (node_modules/router/lib/layer.js:111:12)
      at trimPrefix (node_modules/router/index.js:340:13)
      at node_modules/router/index.js:297:9
      at processParams (node_modules/router/index.js:582:12)
      at next (node_modules/router/index.js:291:5)
      at node_modules/router/index.js:688:15
      at next (node_modules/router/index.js:276:14)
      at next (node_modules/router/lib/route.js:132:14)
      at Layer.handleError (node_modules/router/lib/layer.js:111:12)
      at next (node_modules/router/lib/route.js:155:13)
      at Layer.handleError (node_modules/router/lib/layer.js:111:12)
      at next (node_modules/router/lib/route.js:155:13)
      at next (src/middleware/auth.js:13:10)
      at fn (src/utils/catchAsync.js:85:3)
      at Layer.handleRequest (node_modules/router/lib/layer.js:152:17)
      at next (node_modules/router/lib/route.js:157:13)
      at next (src/middleware/validate.js:225:9)
      at Layer.handleRequest (node_modules/router/lib/layer.js:152:17)
      at next (node_modules/router/lib/route.js:157:13)
      at Route.dispatch (node_modules/router/lib/route.js:117:3)
      at handle (node_modules/router/index.js:435:11)
      at Layer.handleRequest (node_modules/router/lib/layer.js:152:17)
      at node_modules/router/index.js:295:15
      at param (node_modules/router/index.js:600:14)
      at param (node_modules/router/index.js:610:14)
      at processParams (node_modules/router/index.js:664:3)
      at next (node_modules/router/index.js:291:5)
      at router.handle (node_modules/router/index.js:186:3)
      at router (node_modules/router/index.js:60:12)
      at Layer.handleRequest (node_modules/router/lib/layer.js:152:17)
      at trimPrefix (node_modules/router/index.js:342:13)
      at node_modules/router/index.js:297:9
      at processParams (node_modules/router/index.js:582:12)
      at next (node_modules/router/index.js:291:5)
      at next (src/middleware/requestGuards.js:69:2)
      at Layer.handleRequest (node_modules/router/lib/layer.js:152:17)
      at trimPrefix (node_modules/router/index.js:342:13)
      at node_modules/router/index.js:297:9
      at processParams (node_modules/router/index.js:582:12)
      at next (node_modules/router/index.js:291:5)
      at node_modules/express-rate-limit/dist/index.cjs:942:7
      at node_modules/express-rate-limit/dist/index.cjs:825:5

    console.error
      ERROR ≡ƒÆÑ: {
        message: 'You can only update your own meals',
        statusCode: 403,
        stack: undefined,
        timestamp: '2026-03-03T08:23:43.506Z',
        path: '/claims/meal/99999/ready',
        method: 'PATCH'
      }

    [0m [90m 18 |[39m 		err[33m.[39mcode [33m||[39m 
(err[33m.[39mstatusCode [33m===[39m [35m500[39m [33m?[39m 
[32m"INTERNAL_ERROR"[39m [33m:[39m [32m"UNKNOWN_ERROR"[39m)[33m;[39m
     [90m 19 |[39m
    [31m[1m>[22m[39m[90m 20 |[39m 	console[33m.[39merror([32m"ERROR 
≡ƒÆÑ:"[39m[33m,[39m {
     [90m    |[39m 	        [31m[1m^[22m[39m
     [90m 21 |[39m 		message[33m:[39m err[33m.[39mmessage[33m,[39m
     [90m 22 |[39m 		statusCode[33m:[39m 
err[33m.[39mstatusCode[33m,[39m
     [90m 23 |[39m 		stack[33m:[39m 
process[33m.[39menv[33m.[39m[33mNODE_ENV[39m [33m===[39m 
[32m"development"[39m [33m?[39m err[33m.[39mstack [33m:[39m 
undefined[33m,[39m[0m

      at error (src/middleware/errorHandler.js:20:10)
      at Layer.handleError (node_modules/router/lib/layer.js:116:17)
      at trimPrefix (node_modules/router/index.js:340:13)
      at node_modules/router/index.js:297:9
      at processParams (node_modules/router/index.js:582:12)
      at next (node_modules/router/index.js:291:5)
      at next (src/middleware/errorHandler.js:181:2)
      at Layer.handleError (node_modules/router/lib/layer.js:116:17)
      at trimPrefix (node_modules/router/index.js:340:13)
      at node_modules/router/index.js:297:9
      at processParams (node_modules/router/index.js:582:12)
      at next (node_modules/router/index.js:291:5)
      at Layer.handleError (node_modules/router/lib/layer.js:111:12)
      at trimPrefix (node_modules/router/index.js:340:13)
      at node_modules/router/index.js:297:9
      at processParams (node_modules/router/index.js:582:12)
      at next (node_modules/router/index.js:291:5)
      at node_modules/router/index.js:688:15
      at next (node_modules/router/index.js:276:14)
      at next (node_modules/router/lib/route.js:132:14)
      at next (src/controllers/claimController.js:267:3)

    console.error
      ERROR ≡ƒÆÑ: {
        message: 'You can only update your own meals',
        statusCode: 403,
        stack: undefined,
        timestamp: '2026-03-03T08:23:43.554Z',
        path: '/claims/meal/100/ready',
        method: 'PATCH'
      }

    [0m [90m 18 |[39m 		err[33m.[39mcode [33m||[39m 
(err[33m.[39mstatusCode [33m===[39m [35m500[39m [33m?[39m 
[32m"INTERNAL_ERROR"[39m [33m:[39m [32m"UNKNOWN_ERROR"[39m)[33m;[39m
     [90m 19 |[39m
    [31m[1m>[22m[39m[90m 20 |[39m 	console[33m.[39merror([32m"ERROR 
≡ƒÆÑ:"[39m[33m,[39m {
     [90m    |[39m 	        [31m[1m^[22m[39m
     [90m 21 |[39m 		message[33m:[39m err[33m.[39mmessage[33m,[39m
     [90m 22 |[39m 		statusCode[33m:[39m 
err[33m.[39mstatusCode[33m,[39m
     [90m 23 |[39m 		stack[33m:[39m 
process[33m.[39menv[33m.[39m[33mNODE_ENV[39m [33m===[39m 
[32m"development"[39m [33m?[39m err[33m.[39mstack [33m:[39m 
undefined[33m,[39m[0m

      at error (src/middleware/errorHandler.js:20:10)
      at Layer.handleError (node_modules/router/lib/layer.js:116:17)
      at trimPrefix (node_modules/router/index.js:340:13)
      at node_modules/router/index.js:297:9
      at processParams (node_modules/router/index.js:582:12)
      at next (node_modules/router/index.js:291:5)
      at next (src/middleware/errorHandler.js:181:2)
      at Layer.handleError (node_modules/router/lib/layer.js:116:17)
      at trimPrefix (node_modules/router/index.js:340:13)
      at node_modules/router/index.js:297:9
      at processParams (node_modules/router/index.js:582:12)
      at next (node_modules/router/index.js:291:5)
      at Layer.handleError (node_modules/router/lib/layer.js:111:12)
      at trimPrefix (node_modules/router/index.js:340:13)
      at node_modules/router/index.js:297:9
      at processParams (node_modules/router/index.js:582:12)
      at next (node_modules/router/index.js:291:5)
      at node_modules/router/index.js:688:15
      at next (node_modules/router/index.js:276:14)
      at next (node_modules/router/lib/route.js:132:14)
      at next (src/controllers/claimController.js:267:3)

    console.error
      ERROR ≡ƒÆÑ: {
        message: 'Meal must be PICKUP_READY. Current status: undefined',
        statusCode: 400,
        stack: undefined,
        timestamp: '2026-03-03T08:23:43.583Z',
        path: '/claims/201/pickup',
        method: 'PATCH'
      }

    [0m [90m 18 |[39m 		err[33m.[39mcode [33m||[39m 
(err[33m.[39mstatusCode [33m===[39m [35m500[39m [33m?[39m 
[32m"INTERNAL_ERROR"[39m [33m:[39m [32m"UNKNOWN_ERROR"[39m)[33m;[39m
     [90m 19 |[39m
    [31m[1m>[22m[39m[90m 20 |[39m 	console[33m.[39merror([32m"ERROR 
≡ƒÆÑ:"[39m[33m,[39m {
     [90m    |[39m 	        [31m[1m^[22m[39m
     [90m 21 |[39m 		message[33m:[39m err[33m.[39mmessage[33m,[39m
     [90m 22 |[39m 		statusCode[33m:[39m 
err[33m.[39mstatusCode[33m,[39m
     [90m 23 |[39m 		stack[33m:[39m 
process[33m.[39menv[33m.[39m[33mNODE_ENV[39m [33m===[39m 
[32m"development"[39m [33m?[39m err[33m.[39mstack [33m:[39m 
undefined[33m,[39m[0m

      at error (src/middleware/errorHandler.js:20:10)
      at Layer.handleError (node_modules/router/lib/layer.js:116:17)
      at trimPrefix (node_modules/router/index.js:340:13)
      at node_modules/router/index.js:297:9
      at processParams (node_modules/router/index.js:582:12)
      at next (node_modules/router/index.js:291:5)
      at next (src/middleware/errorHandler.js:181:2)
      at Layer.handleError (node_modules/router/lib/layer.js:116:17)
      at trimPrefix (node_modules/router/index.js:340:13)
      at node_modules/router/index.js:297:9
      at processParams (node_modules/router/index.js:582:12)
      at next (node_modules/router/index.js:291:5)
      at Layer.handleError (node_modules/router/lib/layer.js:111:12)
      at trimPrefix (node_modules/router/index.js:340:13)
      at node_modules/router/index.js:297:9
      at processParams (node_modules/router/index.js:582:12)
      at next (node_modules/router/index.js:291:5)
      at node_modules/router/index.js:688:15
      at next (node_modules/router/index.js:276:14)
      at next (node_modules/router/lib/route.js:132:14)
      at next (src/controllers/claimController.js:346:3)

    console.error
      ERROR ≡ƒÆÑ: {
        message: 'Access denied - insufficient permissions',
        statusCode: 403,
        stack: undefined,
        timestamp: '2026-03-03T08:23:43.672Z',
        path: '/claims/201/pickup',
        method: 'PATCH'
      }

    [0m [90m 18 |[39m 		err[33m.[39mcode [33m||[39m 
(err[33m.[39mstatusCode [33m===[39m [35m500[39m [33m?[39m 
[32m"INTERNAL_ERROR"[39m [33m:[39m [32m"UNKNOWN_ERROR"[39m)[33m;[39m
     [90m 19 |[39m
    [31m[1m>[22m[39m[90m 20 |[39m 	console[33m.[39merror([32m"ERROR 
≡ƒÆÑ:"[39m[33m,[39m {
     [90m    |[39m 	        [31m[1m^[22m[39m
     [90m 21 |[39m 		message[33m:[39m err[33m.[39mmessage[33m,[39m
     [90m 22 |[39m 		statusCode[33m:[39m 
err[33m.[39mstatusCode[33m,[39m
     [90m 23 |[39m 		stack[33m:[39m 
process[33m.[39menv[33m.[39m[33mNODE_ENV[39m [33m===[39m 
[32m"development"[39m [33m?[39m err[33m.[39mstack [33m:[39m 
undefined[33m,[39m[0m

      at error (src/middleware/errorHandler.js:20:10)
      at Layer.handleError (node_modules/router/lib/layer.js:116:17)
      at trimPrefix (node_modules/router/index.js:340:13)
      at node_modules/router/index.js:297:9
      at processParams (node_modules/router/index.js:582:12)
      at next (node_modules/router/index.js:291:5)
      at next (src/middleware/errorHandler.js:181:2)
      at Layer.handleError (node_modules/router/lib/layer.js:116:17)
      at trimPrefix (node_modules/router/index.js:340:13)
      at node_modules/router/index.js:297:9
      at processParams (node_modules/router/index.js:582:12)
      at next (node_modules/router/index.js:291:5)
      at Layer.handleError (node_modules/router/lib/layer.js:111:12)
      at trimPrefix (node_modules/router/index.js:340:13)
      at node_modules/router/index.js:297:9
      at processParams (node_modules/router/index.js:582:12)
      at next (node_modules/router/index.js:291:5)
      at node_modules/router/index.js:688:15
      at next (node_modules/router/index.js:276:14)
      at next (node_modules/router/lib/route.js:132:14)
      at Layer.handleError (node_modules/router/lib/layer.js:111:12)
      at next (node_modules/router/lib/route.js:155:13)
      at next (src/middleware/auth.js:40:11)
      at Layer.handleRequest (node_modules/router/lib/layer.js:152:17)
      at next (node_modules/router/lib/route.js:157:13)
      at next (src/middleware/auth.js:31:2)

    console.error
      ERROR ≡ƒÆÑ: {
        message: 'No token provided',
        statusCode: 401,
        stack: undefined,
        timestamp: '2026-03-03T08:23:43.705Z',
        path: '/claims/201/pickup',
        method: 'PATCH'
      }

    [0m [90m 18 |[39m 		err[33m.[39mcode [33m||[39m 
(err[33m.[39mstatusCode [33m===[39m [35m500[39m [33m?[39m 
[32m"INTERNAL_ERROR"[39m [33m:[39m [32m"UNKNOWN_ERROR"[39m)[33m;[39m
     [90m 19 |[39m
    [31m[1m>[22m[39m[90m 20 |[39m 	console[33m.[39merror([32m"ERROR 
≡ƒÆÑ:"[39m[33m,[39m {
     [90m    |[39m 	        [31m[1m^[22m[39m
     [90m 21 |[39m 		message[33m:[39m err[33m.[39mmessage[33m,[39m
     [90m 22 |[39m 		statusCode[33m:[39m 
err[33m.[39mstatusCode[33m,[39m
     [90m 23 |[39m 		stack[33m:[39m 
process[33m.[39menv[33m.[39m[33mNODE_ENV[39m [33m===[39m 
[32m"development"[39m [33m?[39m err[33m.[39mstack [33m:[39m 
undefined[33m,[39m[0m

      at error (src/middleware/errorHandler.js:20:10)
      at Layer.handleError (node_modules/router/lib/layer.js:116:17)
      at trimPrefix (node_modules/router/index.js:340:13)
      at node_modules/router/index.js:297:9
      at processParams (node_modules/router/index.js:582:12)
      at next (node_modules/router/index.js:291:5)
      at next (src/middleware/errorHandler.js:181:2)
      at Layer.handleError (node_modules/router/lib/layer.js:116:17)
      at trimPrefix (node_modules/router/index.js:340:13)
      at node_modules/router/index.js:297:9
      at processParams (node_modules/router/index.js:582:12)
      at next (node_modules/router/index.js:291:5)
      at Layer.handleError (node_modules/router/lib/layer.js:111:12)
      at trimPrefix (node_modules/router/index.js:340:13)
      at node_modules/router/index.js:297:9
      at processParams (node_modules/router/index.js:582:12)
      at next (node_modules/router/index.js:291:5)
      at node_modules/router/index.js:688:15
      at next (node_modules/router/index.js:276:14)
      at next (node_modules/router/lib/route.js:132:14)
      at Layer.handleError (node_modules/router/lib/layer.js:111:12)
      at next (node_modules/router/lib/route.js:155:13)
      at Layer.handleError (node_modules/router/lib/layer.js:111:12)
      at next (node_modules/router/lib/route.js:155:13)
      at next (src/middleware/auth.js:13:10)
      at fn (src/utils/catchAsync.js:85:3)
      at Layer.handleRequest (node_modules/router/lib/layer.js:152:17)
      at next (node_modules/router/lib/route.js:157:13)
      at next (src/middleware/validate.js:225:9)
      at Layer.handleRequest (node_modules/router/lib/layer.js:152:17)
      at next (node_modules/router/lib/route.js:157:13)
      at Route.dispatch (node_modules/router/lib/route.js:117:3)
      at handle (node_modules/router/index.js:435:11)
      at Layer.handleRequest (node_modules/router/lib/layer.js:152:17)
      at node_modules/router/index.js:295:15
      at param (node_modules/router/index.js:600:14)
      at param (node_modules/router/index.js:610:14)
      at processParams (node_modules/router/index.js:664:3)
      at next (node_modules/router/index.js:291:5)
      at router.handle (node_modules/router/index.js:186:3)
      at router (node_modules/router/index.js:60:12)
      at Layer.handleRequest (node_modules/router/lib/layer.js:152:17)
      at trimPrefix (node_modules/router/index.js:342:13)
      at node_modules/router/index.js:297:9
      at processParams (node_modules/router/index.js:582:12)
      at next (node_modules/router/index.js:291:5)
      at next (src/middleware/requestGuards.js:69:2)
      at Layer.handleRequest (node_modules/router/lib/layer.js:152:17)
      at trimPrefix (node_modules/router/index.js:342:13)
      at node_modules/router/index.js:297:9
      at processParams (node_modules/router/index.js:582:12)
      at next (node_modules/router/index.js:291:5)
      at node_modules/express-rate-limit/dist/index.cjs:942:7
      at node_modules/express-rate-limit/dist/index.cjs:825:5

    console.error
      ERROR ≡ƒÆÑ: {
        message: 'Meal must be PICKUP_READY. Current status: undefined',
        statusCode: 400,
        stack: undefined,
        timestamp: '2026-03-03T08:23:43.725Z',
        path: '/claims/99999/pickup',
        method: 'PATCH'
      }

    [0m [90m 18 |[39m 		err[33m.[39mcode [33m||[39m 
(err[33m.[39mstatusCode [33m===[39m [35m500[39m [33m?[39m 
[32m"INTERNAL_ERROR"[39m [33m:[39m [32m"UNKNOWN_ERROR"[39m)[33m;[39m
     [90m 19 |[39m
    [31m[1m>[22m[39m[90m 20 |[39m 	console[33m.[39merror([32m"ERROR 
≡ƒÆÑ:"[39m[33m,[39m {
     [90m    |[39m 	        [31m[1m^[22m[39m
     [90m 21 |[39m 		message[33m:[39m err[33m.[39mmessage[33m,[39m
     [90m 22 |[39m 		statusCode[33m:[39m 
err[33m.[39mstatusCode[33m,[39m
     [90m 23 |[39m 		stack[33m:[39m 
process[33m.[39menv[33m.[39m[33mNODE_ENV[39m [33m===[39m 
[32m"development"[39m [33m?[39m err[33m.[39mstack [33m:[39m 
undefined[33m,[39m[0m

      at error (src/middleware/errorHandler.js:20:10)
      at Layer.handleError (node_modules/router/lib/layer.js:116:17)
      at trimPrefix (node_modules/router/index.js:340:13)
      at node_modules/router/index.js:297:9
      at processParams (node_modules/router/index.js:582:12)
      at next (node_modules/router/index.js:291:5)
      at next (src/middleware/errorHandler.js:181:2)
      at Layer.handleError (node_modules/router/lib/layer.js:116:17)
      at trimPrefix (node_modules/router/index.js:340:13)
      at node_modules/router/index.js:297:9
      at processParams (node_modules/router/index.js:582:12)
      at next (node_modules/router/index.js:291:5)
      at Layer.handleError (node_modules/router/lib/layer.js:111:12)
      at trimPrefix (node_modules/router/index.js:340:13)
      at node_modules/router/index.js:297:9
      at processParams (node_modules/router/index.js:582:12)
      at next (node_modules/router/index.js:291:5)
      at node_modules/router/index.js:688:15
      at next (node_modules/router/index.js:276:14)
      at next (node_modules/router/lib/route.js:132:14)
      at next (src/controllers/claimController.js:346:3)

    console.error
      ERROR ≡ƒÆÑ: {
        message: 'Invalid claimId. Must be a positive integer.',
        statusCode: 400,
        stack: undefined,
        timestamp: '2026-03-03T08:23:43.753Z',
        path: '/claims/invalid/pickup',
        method: 'PATCH'
      }

    [0m [90m 18 |[39m 		err[33m.[39mcode [33m||[39m 
(err[33m.[39mstatusCode [33m===[39m [35m500[39m [33m?[39m 
[32m"INTERNAL_ERROR"[39m [33m:[39m [32m"UNKNOWN_ERROR"[39m)[33m;[39m
     [90m 19 |[39m
    [31m[1m>[22m[39m[90m 20 |[39m 	console[33m.[39merror([32m"ERROR 
≡ƒÆÑ:"[39m[33m,[39m {
     [90m    |[39m 	        [31m[1m^[22m[39m
     [90m 21 |[39m 		message[33m:[39m err[33m.[39mmessage[33m,[39m
     [90m 22 |[39m 		statusCode[33m:[39m 
err[33m.[39mstatusCode[33m,[39m
     [90m 23 |[39m 		stack[33m:[39m 
process[33m.[39menv[33m.[39m[33mNODE_ENV[39m [33m===[39m 
[32m"development"[39m [33m?[39m err[33m.[39mstack [33m:[39m 
undefined[33m,[39m[0m

      at error (src/middleware/errorHandler.js:20:10)
      at Layer.handleError (node_modules/router/lib/layer.js:116:17)
      at trimPrefix (node_modules/router/index.js:340:13)
      at node_modules/router/index.js:297:9
      at processParams (node_modules/router/index.js:582:12)
      at next (node_modules/router/index.js:291:5)
      at next (src/middleware/errorHandler.js:181:2)
      at Layer.handleError (node_modules/router/lib/layer.js:116:17)
      at trimPrefix (node_modules/router/index.js:340:13)
      at node_modules/router/index.js:297:9
      at processParams (node_modules/router/index.js:582:12)
      at next (node_modules/router/index.js:291:5)
      at Layer.handleError (node_modules/router/lib/layer.js:111:12)
      at trimPrefix (node_modules/router/index.js:340:13)
      at node_modules/router/index.js:297:9
      at processParams (node_modules/router/index.js:582:12)
      at next (node_modules/router/index.js:291:5)
      at node_modules/router/index.js:688:15
      at next (node_modules/router/index.js:276:14)
      at next (node_modules/router/lib/route.js:132:14)
      at Layer.handleError (node_modules/router/lib/layer.js:111:12)
      at next (node_modules/router/lib/route.js:155:13)
      at Layer.handleError (node_modules/router/lib/layer.js:111:12)
      at next (node_modules/router/lib/route.js:155:13)
      at Layer.handleError (node_modules/router/lib/layer.js:111:12)
      at next (node_modules/router/lib/route.js:155:13)
      at next (src/middleware/validate.js:215:10)
      at Layer.handleRequest (node_modules/router/lib/layer.js:152:17)
      at next (node_modules/router/lib/route.js:157:13)
      at Route.dispatch (node_modules/router/lib/route.js:117:3)
      at handle (node_modules/router/index.js:435:11)
      at Layer.handleRequest (node_modules/router/lib/layer.js:152:17)
      at node_modules/router/index.js:295:15
      at param (node_modules/router/index.js:600:14)
      at param (node_modules/router/index.js:610:14)
      at processParams (node_modules/router/index.js:664:3)
      at next (node_modules/router/index.js:291:5)
      at router.handle (node_modules/router/index.js:186:3)
      at router (node_modules/router/index.js:60:12)
      at Layer.handleRequest (node_modules/router/lib/layer.js:152:17)
      at trimPrefix (node_modules/router/index.js:342:13)
      at node_modules/router/index.js:297:9
      at processParams (node_modules/router/index.js:582:12)
      at next (node_modules/router/index.js:291:5)
      at next (src/middleware/requestGuards.js:69:2)
      at Layer.handleRequest (node_modules/router/lib/layer.js:152:17)
      at trimPrefix (node_modules/router/index.js:342:13)
      at node_modules/router/index.js:297:9
      at processParams (node_modules/router/index.js:582:12)
      at next (node_modules/router/index.js:291:5)
      at node_modules/express-rate-limit/dist/index.cjs:942:7
      at node_modules/express-rate-limit/dist/index.cjs:825:5

    console.error
      ERROR ≡ƒÆÑ: {
        message: 'Meal must be PICKED_UP. Current status: undefined',
        statusCode: 400,
        stack: undefined,
        timestamp: '2026-03-03T08:23:43.837Z',
        path: '/claims/202/complete',
        method: 'PATCH'
      }

    [0m [90m 18 |[39m 		err[33m.[39mcode [33m||[39m 
(err[33m.[39mstatusCode [33m===[39m [35m500[39m [33m?[39m 
[32m"INTERNAL_ERROR"[39m [33m:[39m [32m"UNKNOWN_ERROR"[39m)[33m;[39m
     [90m 19 |[39m
    [31m[1m>[22m[39m[90m 20 |[39m 	console[33m.[39merror([32m"ERROR 
≡ƒÆÑ:"[39m[33m,[39m {
     [90m    |[39m 	        [31m[1m^[22m[39m
     [90m 21 |[39m 		message[33m:[39m err[33m.[39mmessage[33m,[39m
     [90m 22 |[39m 		statusCode[33m:[39m 
err[33m.[39mstatusCode[33m,[39m
     [90m 23 |[39m 		stack[33m:[39m 
process[33m.[39menv[33m.[39m[33mNODE_ENV[39m [33m===[39m 
[32m"development"[39m [33m?[39m err[33m.[39mstack [33m:[39m 
undefined[33m,[39m[0m

      at error (src/middleware/errorHandler.js:20:10)
      at Layer.handleError (node_modules/router/lib/layer.js:116:17)
      at trimPrefix (node_modules/router/index.js:340:13)
      at node_modules/router/index.js:297:9
      at processParams (node_modules/router/index.js:582:12)
      at next (node_modules/router/index.js:291:5)
      at next (src/middleware/errorHandler.js:181:2)
      at Layer.handleError (node_modules/router/lib/layer.js:116:17)
      at trimPrefix (node_modules/router/index.js:340:13)
      at node_modules/router/index.js:297:9
      at processParams (node_modules/router/index.js:582:12)
      at next (node_modules/router/index.js:291:5)
      at Layer.handleError (node_modules/router/lib/layer.js:111:12)
      at trimPrefix (node_modules/router/index.js:340:13)
      at node_modules/router/index.js:297:9
      at processParams (node_modules/router/index.js:582:12)
      at Immediate.next (node_modules/router/index.js:291:5)
      at Immediate._onImmediate (node_modules/router/index.js:688:15)

    console.error
      ERROR ≡ƒÆÑ: {
        message: 'Access denied - insufficient permissions',
        statusCode: 403,
        stack: undefined,
        timestamp: '2026-03-03T08:23:43.860Z',
        path: '/claims/202/complete',
        method: 'PATCH'
      }

    [0m [90m 18 |[39m 		err[33m.[39mcode [33m||[39m 
(err[33m.[39mstatusCode [33m===[39m [35m500[39m [33m?[39m 
[32m"INTERNAL_ERROR"[39m [33m:[39m [32m"UNKNOWN_ERROR"[39m)[33m;[39m
     [90m 19 |[39m
    [31m[1m>[22m[39m[90m 20 |[39m 	console[33m.[39merror([32m"ERROR 
≡ƒÆÑ:"[39m[33m,[39m {
     [90m    |[39m 	        [31m[1m^[22m[39m
     [90m 21 |[39m 		message[33m:[39m err[33m.[39mmessage[33m,[39m
     [90m 22 |[39m 		statusCode[33m:[39m 
err[33m.[39mstatusCode[33m,[39m
     [90m 23 |[39m 		stack[33m:[39m 
process[33m.[39menv[33m.[39m[33mNODE_ENV[39m [33m===[39m 
[32m"development"[39m [33m?[39m err[33m.[39mstack [33m:[39m 
undefined[33m,[39m[0m

      at error (src/middleware/errorHandler.js:20:10)
      at Layer.handleError (node_modules/router/lib/layer.js:116:17)
      at trimPrefix (node_modules/router/index.js:340:13)
      at node_modules/router/index.js:297:9
      at processParams (node_modules/router/index.js:582:12)
      at next (node_modules/router/index.js:291:5)
      at next (src/middleware/errorHandler.js:181:2)
      at Layer.handleError (node_modules/router/lib/layer.js:116:17)
      at trimPrefix (node_modules/router/index.js:340:13)
      at node_modules/router/index.js:297:9
      at processParams (node_modules/router/index.js:582:12)
      at next (node_modules/router/index.js:291:5)
      at Layer.handleError (node_modules/router/lib/layer.js:111:12)
      at trimPrefix (node_modules/router/index.js:340:13)
      at node_modules/router/index.js:297:9
      at processParams (node_modules/router/index.js:582:12)
      at Immediate.next (node_modules/router/index.js:291:5)
      at Immediate._onImmediate (node_modules/router/index.js:688:15)

    console.error
      ERROR ≡ƒÆÑ: {
        message: 'No token provided',
        statusCode: 401,
        stack: undefined,
        timestamp: '2026-03-03T08:23:43.878Z',
        path: '/claims/202/complete',
        method: 'PATCH'
      }

    [0m [90m 18 |[39m 		err[33m.[39mcode [33m||[39m 
(err[33m.[39mstatusCode [33m===[39m [35m500[39m [33m?[39m 
[32m"INTERNAL_ERROR"[39m [33m:[39m [32m"UNKNOWN_ERROR"[39m)[33m;[39m
     [90m 19 |[39m
    [31m[1m>[22m[39m[90m 20 |[39m 	console[33m.[39merror([32m"ERROR 
≡ƒÆÑ:"[39m[33m,[39m {
     [90m    |[39m 	        [31m[1m^[22m[39m
     [90m 21 |[39m 		message[33m:[39m err[33m.[39mmessage[33m,[39m
     [90m 22 |[39m 		statusCode[33m:[39m 
err[33m.[39mstatusCode[33m,[39m
     [90m 23 |[39m 		stack[33m:[39m 
process[33m.[39menv[33m.[39m[33mNODE_ENV[39m [33m===[39m 
[32m"development"[39m [33m?[39m err[33m.[39mstack [33m:[39m 
undefined[33m,[39m[0m

      at error (src/middleware/errorHandler.js:20:10)
      at Layer.handleError (node_modules/router/lib/layer.js:116:17)
      at trimPrefix (node_modules/router/index.js:340:13)
      at node_modules/router/index.js:297:9
      at processParams (node_modules/router/index.js:582:12)
      at next (node_modules/router/index.js:291:5)
      at next (src/middleware/errorHandler.js:181:2)
      at Layer.handleError (node_modules/router/lib/layer.js:116:17)
      at trimPrefix (node_modules/router/index.js:340:13)
      at node_modules/router/index.js:297:9
      at processParams (node_modules/router/index.js:582:12)
      at next (node_modules/router/index.js:291:5)
      at Layer.handleError (node_modules/router/lib/layer.js:111:12)
      at trimPrefix (node_modules/router/index.js:340:13)
      at node_modules/router/index.js:297:9
      at processParams (node_modules/router/index.js:582:12)
      at Immediate.next (node_modules/router/index.js:291:5)
      at Immediate._onImmediate (node_modules/router/index.js:688:15)

    console.error
      ERROR ≡ƒÆÑ: {
        message: 'Meal must be PICKED_UP. Current status: undefined',
        statusCode: 400,
        stack: undefined,
        timestamp: '2026-03-03T08:23:43.895Z',
        path: '/claims/99999/complete',
        method: 'PATCH'
      }

    [0m [90m 18 |[39m 		err[33m.[39mcode [33m||[39m 
(err[33m.[39mstatusCode [33m===[39m [35m500[39m [33m?[39m 
[32m"INTERNAL_ERROR"[39m [33m:[39m [32m"UNKNOWN_ERROR"[39m)[33m;[39m
     [90m 19 |[39m
    [31m[1m>[22m[39m[90m 20 |[39m 	console[33m.[39merror([32m"ERROR 
≡ƒÆÑ:"[39m[33m,[39m {
     [90m    |[39m 	        [31m[1m^[22m[39m
     [90m 21 |[39m 		message[33m:[39m err[33m.[39mmessage[33m,[39m
     [90m 22 |[39m 		statusCode[33m:[39m 
err[33m.[39mstatusCode[33m,[39m
     [90m 23 |[39m 		stack[33m:[39m 
process[33m.[39menv[33m.[39m[33mNODE_ENV[39m [33m===[39m 
[32m"development"[39m [33m?[39m err[33m.[39mstack [33m:[39m 
undefined[33m,[39m[0m

      at error (src/middleware/errorHandler.js:20:10)
      at Layer.handleError (node_modules/router/lib/layer.js:116:17)
      at trimPrefix (node_modules/router/index.js:340:13)
      at node_modules/router/index.js:297:9
      at processParams (node_modules/router/index.js:582:12)
      at next (node_modules/router/index.js:291:5)
      at next (src/middleware/errorHandler.js:181:2)
      at Layer.handleError (node_modules/router/lib/layer.js:116:17)
      at trimPrefix (node_modules/router/index.js:340:13)
      at node_modules/router/index.js:297:9
      at processParams (node_modules/router/index.js:582:12)
      at next (node_modules/router/index.js:291:5)
      at Layer.handleError (node_modules/router/lib/layer.js:111:12)
      at trimPrefix (node_modules/router/index.js:340:13)
      at node_modules/router/index.js:297:9
      at processParams (node_modules/router/index.js:582:12)
      at Immediate.next (node_modules/router/index.js:291:5)
      at Immediate._onImmediate (node_modules/router/index.js:688:15)

    console.error
      ERROR ≡ƒÆÑ: {
        message: 'Invalid beneficiaries count',
        statusCode: 400,
        stack: undefined,
        timestamp: '2026-03-03T08:23:43.991Z',
        path: '/claims/202/complete',
        method: 'PATCH'
      }

    [0m [90m 18 |[39m 		err[33m.[39mcode [33m||[39m 
(err[33m.[39mstatusCode [33m===[39m [35m500[39m [33m?[39m 
[32m"INTERNAL_ERROR"[39m [33m:[39m [32m"UNKNOWN_ERROR"[39m)[33m;[39m
     [90m 19 |[39m
    [31m[1m>[22m[39m[90m 20 |[39m 	console[33m.[39merror([32m"ERROR 
≡ƒÆÑ:"[39m[33m,[39m {
     [90m    |[39m 	        [31m[1m^[22m[39m
     [90m 21 |[39m 		message[33m:[39m err[33m.[39mmessage[33m,[39m
     [90m 22 |[39m 		statusCode[33m:[39m 
err[33m.[39mstatusCode[33m,[39m
     [90m 23 |[39m 		stack[33m:[39m 
process[33m.[39menv[33m.[39m[33mNODE_ENV[39m [33m===[39m 
[32m"development"[39m [33m?[39m err[33m.[39mstack [33m:[39m 
undefined[33m,[39m[0m

      at error (src/middleware/errorHandler.js:20:10)
      at Layer.handleError (node_modules/router/lib/layer.js:116:17)
      at trimPrefix (node_modules/router/index.js:340:13)
      at node_modules/router/index.js:297:9
      at processParams (node_modules/router/index.js:582:12)
      at next (node_modules/router/index.js:291:5)
      at next (src/middleware/errorHandler.js:181:2)
      at Layer.handleError (node_modules/router/lib/layer.js:116:17)
      at trimPrefix (node_modules/router/index.js:340:13)
      at node_modules/router/index.js:297:9
      at processParams (node_modules/router/index.js:582:12)
      at next (node_modules/router/index.js:291:5)
      at Layer.handleError (node_modules/router/lib/layer.js:111:12)
      at trimPrefix (node_modules/router/index.js:340:13)
      at node_modules/router/index.js:297:9
      at processParams (node_modules/router/index.js:582:12)
      at Immediate.next (node_modules/router/index.js:291:5)
      at Immediate._onImmediate (node_modules/router/index.js:688:15)

    console.error
      ERROR ≡ƒÆÑ: {
        message: 'Invalid mealId. Must be a positive integer.',
        statusCode: 400,
        stack: undefined,
        timestamp: '2026-03-03T08:23:44.030Z',
        path: '/claims/meal/undefined',
        method: 'POST'
      }

    [0m [90m 18 |[39m 		err[33m.[39mcode [33m||[39m 
(err[33m.[39mstatusCode [33m===[39m [35m500[39m [33m?[39m 
[32m"INTERNAL_ERROR"[39m [33m:[39m [32m"UNKNOWN_ERROR"[39m)[33m;[39m
     [90m 19 |[39m
    [31m[1m>[22m[39m[90m 20 |[39m 	console[33m.[39merror([32m"ERROR 
≡ƒÆÑ:"[39m[33m,[39m {
     [90m    |[39m 	        [31m[1m^[22m[39m
     [90m 21 |[39m 		message[33m:[39m err[33m.[39mmessage[33m,[39m
     [90m 22 |[39m 		statusCode[33m:[39m 
err[33m.[39mstatusCode[33m,[39m
     [90m 23 |[39m 		stack[33m:[39m 
process[33m.[39menv[33m.[39m[33mNODE_ENV[39m [33m===[39m 
[32m"development"[39m [33m?[39m err[33m.[39mstack [33m:[39m 
undefined[33m,[39m[0m

      at error (src/middleware/errorHandler.js:20:10)
      at Layer.handleError (node_modules/router/lib/layer.js:116:17)
      at trimPrefix (node_modules/router/index.js:340:13)
      at node_modules/router/index.js:297:9
      at processParams (node_modules/router/index.js:582:12)
      at next (node_modules/router/index.js:291:5)
      at next (src/middleware/errorHandler.js:181:2)
      at Layer.handleError (node_modules/router/lib/layer.js:116:17)
      at trimPrefix (node_modules/router/index.js:340:13)
      at node_modules/router/index.js:297:9
      at processParams (node_modules/router/index.js:582:12)
      at next (node_modules/router/index.js:291:5)
      at Layer.handleError (node_modules/router/lib/layer.js:111:12)
      at trimPrefix (node_modules/router/index.js:340:13)
      at node_modules/router/index.js:297:9
      at processParams (node_modules/router/index.js:582:12)
      at next (node_modules/router/index.js:291:5)
      at node_modules/router/index.js:688:15
      at next (node_modules/router/index.js:276:14)
      at next (node_modules/router/lib/route.js:132:14)
      at Layer.handleError (node_modules/router/lib/layer.js:111:12)
      at next (node_modules/router/lib/route.js:155:13)
      at Layer.handleError (node_modules/router/lib/layer.js:111:12)
      at next (node_modules/router/lib/route.js:155:13)
      at Layer.handleError (node_modules/router/lib/layer.js:111:12)
      at next (node_modules/router/lib/route.js:155:13)
      at Layer.handleError (node_modules/router/lib/layer.js:111:12)
      at next (node_modules/router/lib/route.js:155:13)
      at next (src/middleware/validate.js:215:10)
      at Layer.handleRequest (node_modules/router/lib/layer.js:152:17)
      at next (node_modules/router/lib/route.js:157:13)
      at Route.dispatch (node_modules/router/lib/route.js:117:3)
      at handle (node_modules/router/index.js:435:11)
      at Layer.handleRequest (node_modules/router/lib/layer.js:152:17)
      at node_modules/router/index.js:295:15
      at param (node_modules/router/index.js:600:14)
      at param (node_modules/router/index.js:610:14)
      at processParams (node_modules/router/index.js:664:3)
      at next (node_modules/router/index.js:291:5)
      at router.handle (node_modules/router/index.js:186:3)
      at router (node_modules/router/index.js:60:12)
      at Layer.handleRequest (node_modules/router/lib/layer.js:152:17)
      at trimPrefix (node_modules/router/index.js:342:13)
      at node_modules/router/index.js:297:9
      at processParams (node_modules/router/index.js:582:12)
      at next (node_modules/router/index.js:291:5)
      at next (src/middleware/requestGuards.js:69:2)
      at Layer.handleRequest (node_modules/router/lib/layer.js:152:17)
      at trimPrefix (node_modules/router/index.js:342:13)
      at node_modules/router/index.js:297:9
      at processParams (node_modules/router/index.js:582:12)
      at next (node_modules/router/index.js:291:5)
      at node_modules/express-rate-limit/dist/index.cjs:942:7
      at node_modules/express-rate-limit/dist/index.cjs:825:5

    console.error
      ERROR ≡ƒÆÑ: {
        message: 'Invalid claimId. Must be a positive integer.',
        statusCode: 400,
        stack: undefined,
        timestamp: '2026-03-03T08:23:44.047Z',
        path: '/claims/undefined/cancel',
        method: 'PATCH'
      }

    [0m [90m 18 |[39m 		err[33m.[39mcode [33m||[39m 
(err[33m.[39mstatusCode [33m===[39m [35m500[39m [33m?[39m 
[32m"INTERNAL_ERROR"[39m [33m:[39m [32m"UNKNOWN_ERROR"[39m)[33m;[39m
     [90m 19 |[39m
    [31m[1m>[22m[39m[90m 20 |[39m 	console[33m.[39merror([32m"ERROR 
≡ƒÆÑ:"[39m[33m,[39m {
     [90m    |[39m 	        [31m[1m^[22m[39m
     [90m 21 |[39m 		message[33m:[39m err[33m.[39mmessage[33m,[39m
     [90m 22 |[39m 		statusCode[33m:[39m 
err[33m.[39mstatusCode[33m,[39m
     [90m 23 |[39m 		stack[33m:[39m 
process[33m.[39menv[33m.[39m[33mNODE_ENV[39m [33m===[39m 
[32m"development"[39m [33m?[39m err[33m.[39mstack [33m:[39m 
undefined[33m,[39m[0m

      at error (src/middleware/errorHandler.js:20:10)
      at Layer.handleError (node_modules/router/lib/layer.js:116:17)
      at trimPrefix (node_modules/router/index.js:340:13)
      at node_modules/router/index.js:297:9
      at processParams (node_modules/router/index.js:582:12)
      at next (node_modules/router/index.js:291:5)
      at next (src/middleware/errorHandler.js:181:2)
      at Layer.handleError (node_modules/router/lib/layer.js:116:17)
      at trimPrefix (node_modules/router/index.js:340:13)
      at node_modules/router/index.js:297:9
      at processParams (node_modules/router/index.js:582:12)
      at next (node_modules/router/index.js:291:5)
      at Layer.handleError (node_modules/router/lib/layer.js:111:12)
      at trimPrefix (node_modules/router/index.js:340:13)
      at node_modules/router/index.js:297:9
      at processParams (node_modules/router/index.js:582:12)
      at next (node_modules/router/index.js:291:5)
      at node_modules/router/index.js:688:15
      at next (node_modules/router/index.js:276:14)
      at next (node_modules/router/lib/route.js:132:14)
      at Layer.handleError (node_modules/router/lib/layer.js:111:12)
      at next (node_modules/router/lib/route.js:155:13)
      at Layer.handleError (node_modules/router/lib/layer.js:111:12)
      at next (node_modules/router/lib/route.js:155:13)
      at Layer.handleError (node_modules/router/lib/layer.js:111:12)
      at next (node_modules/router/lib/route.js:155:13)
      at next (src/middleware/validate.js:215:10)
      at Layer.handleRequest (node_modules/router/lib/layer.js:152:17)
      at next (node_modules/router/lib/route.js:157:13)
      at Route.dispatch (node_modules/router/lib/route.js:117:3)
      at handle (node_modules/router/index.js:435:11)
      at Layer.handleRequest (node_modules/router/lib/layer.js:152:17)
      at node_modules/router/index.js:295:15
      at param (node_modules/router/index.js:600:14)
      at param (node_modules/router/index.js:610:14)
      at processParams (node_modules/router/index.js:664:3)
      at next (node_modules/router/index.js:291:5)
      at router.handle (node_modules/router/index.js:186:3)
      at router (node_modules/router/index.js:60:12)
      at Layer.handleRequest (node_modules/router/lib/layer.js:152:17)
      at trimPrefix (node_modules/router/index.js:342:13)
      at node_modules/router/index.js:297:9
      at processParams (node_modules/router/index.js:582:12)
      at next (node_modules/router/index.js:291:5)
      at next (src/middleware/requestGuards.js:69:2)
      at Layer.handleRequest (node_modules/router/lib/layer.js:152:17)
      at trimPrefix (node_modules/router/index.js:342:13)
      at node_modules/router/index.js:297:9
      at processParams (node_modules/router/index.js:582:12)
      at next (node_modules/router/index.js:291:5)
      at node_modules/express-rate-limit/dist/index.cjs:942:7
      at node_modules/express-rate-limit/dist/index.cjs:825:5

    console.error
      ERROR ≡ƒÆÑ: {
        message: 'Invalid mealId. Must be a positive integer.',
        statusCode: 400,
        stack: undefined,
        timestamp: '2026-03-03T08:23:44.105Z',
        path: '/claims/meal/undefined',
        method: 'POST'
      }

    [0m [90m 18 |[39m 		err[33m.[39mcode [33m||[39m 
(err[33m.[39mstatusCode [33m===[39m [35m500[39m [33m?[39m 
[32m"INTERNAL_ERROR"[39m [33m:[39m [32m"UNKNOWN_ERROR"[39m)[33m;[39m
     [90m 19 |[39m
    [31m[1m>[22m[39m[90m 20 |[39m 	console[33m.[39merror([32m"ERROR 
≡ƒÆÑ:"[39m[33m,[39m {
     [90m    |[39m 	        [31m[1m^[22m[39m
     [90m 21 |[39m 		message[33m:[39m err[33m.[39mmessage[33m,[39m
     [90m 22 |[39m 		statusCode[33m:[39m 
err[33m.[39mstatusCode[33m,[39m
     [90m 23 |[39m 		stack[33m:[39m 
process[33m.[39menv[33m.[39m[33mNODE_ENV[39m [33m===[39m 
[32m"development"[39m [33m?[39m err[33m.[39mstack [33m:[39m 
undefined[33m,[39m[0m

      at error (src/middleware/errorHandler.js:20:10)
      at Layer.handleError (node_modules/router/lib/layer.js:116:17)
      at trimPrefix (node_modules/router/index.js:340:13)
      at node_modules/router/index.js:297:9
      at processParams (node_modules/router/index.js:582:12)
      at next (node_modules/router/index.js:291:5)
      at next (src/middleware/errorHandler.js:181:2)
      at Layer.handleError (node_modules/router/lib/layer.js:116:17)
      at trimPrefix (node_modules/router/index.js:340:13)
      at node_modules/router/index.js:297:9
      at processParams (node_modules/router/index.js:582:12)
      at next (node_modules/router/index.js:291:5)
      at Layer.handleError (node_modules/router/lib/layer.js:111:12)
      at trimPrefix (node_modules/router/index.js:340:13)
      at node_modules/router/index.js:297:9
      at processParams (node_modules/router/index.js:582:12)
      at next (node_modules/router/index.js:291:5)
      at node_modules/router/index.js:688:15
      at next (node_modules/router/index.js:276:14)
      at next (node_modules/router/lib/route.js:132:14)
      at Layer.handleError (node_modules/router/lib/layer.js:111:12)
      at next (node_modules/router/lib/route.js:155:13)
      at Layer.handleError (node_modules/router/lib/layer.js:111:12)
      at next (node_modules/router/lib/route.js:155:13)
      at Layer.handleError (node_modules/router/lib/layer.js:111:12)
      at next (node_modules/router/lib/route.js:155:13)
      at Layer.handleError (node_modules/router/lib/layer.js:111:12)
      at next (node_modules/router/lib/route.js:155:13)
      at next (src/middleware/validate.js:215:10)
      at Layer.handleRequest (node_modules/router/lib/layer.js:152:17)
      at next (node_modules/router/lib/route.js:157:13)
      at Route.dispatch (node_modules/router/lib/route.js:117:3)
      at handle (node_modules/router/index.js:435:11)
      at Layer.handleRequest (node_modules/router/lib/layer.js:152:17)
      at node_modules/router/index.js:295:15
      at param (node_modules/router/index.js:600:14)
      at param (node_modules/router/index.js:610:14)
      at processParams (node_modules/router/index.js:664:3)
      at next (node_modules/router/index.js:291:5)
      at router.handle (node_modules/router/index.js:186:3)
      at router (node_modules/router/index.js:60:12)
      at Layer.handleRequest (node_modules/router/lib/layer.js:152:17)
      at trimPrefix (node_modules/router/index.js:342:13)
      at node_modules/router/index.js:297:9
      at processParams (node_modules/router/index.js:582:12)
      at next (node_modules/router/index.js:291:5)
      at next (src/middleware/requestGuards.js:69:2)
      at Layer.handleRequest (node_modules/router/lib/layer.js:152:17)
      at trimPrefix (node_modules/router/index.js:342:13)
      at node_modules/router/index.js:297:9
      at processParams (node_modules/router/index.js:582:12)
      at next (node_modules/router/index.js:291:5)
      at node_modules/express-rate-limit/dist/index.cjs:942:7
      at node_modules/express-rate-limit/dist/index.cjs:825:5

    console.error
      ERROR ≡ƒÆÑ: {
        message: 'Invalid claimId. Must be a positive integer.',
        statusCode: 400,
        stack: undefined,
        timestamp: '2026-03-03T08:23:44.130Z',
        path: '/claims/undefined/cancel',
        method: 'PATCH'
      }

    [0m [90m 18 |[39m 		err[33m.[39mcode [33m||[39m 
(err[33m.[39mstatusCode [33m===[39m [35m500[39m [33m?[39m 
[32m"INTERNAL_ERROR"[39m [33m:[39m [32m"UNKNOWN_ERROR"[39m)[33m;[39m
     [90m 19 |[39m
    [31m[1m>[22m[39m[90m 20 |[39m 	console[33m.[39merror([32m"ERROR 
≡ƒÆÑ:"[39m[33m,[39m {
     [90m    |[39m 	        [31m[1m^[22m[39m
     [90m 21 |[39m 		message[33m:[39m err[33m.[39mmessage[33m,[39m
     [90m 22 |[39m 		statusCode[33m:[39m 
err[33m.[39mstatusCode[33m,[39m
     [90m 23 |[39m 		stack[33m:[39m 
process[33m.[39menv[33m.[39m[33mNODE_ENV[39m [33m===[39m 
[32m"development"[39m [33m?[39m err[33m.[39mstack [33m:[39m 
undefined[33m,[39m[0m

      at error (src/middleware/errorHandler.js:20:10)
      at Layer.handleError (node_modules/router/lib/layer.js:116:17)
      at trimPrefix (node_modules/router/index.js:340:13)
      at node_modules/router/index.js:297:9
      at processParams (node_modules/router/index.js:582:12)
      at next (node_modules/router/index.js:291:5)
      at next (src/middleware/errorHandler.js:181:2)
      at Layer.handleError (node_modules/router/lib/layer.js:116:17)
      at trimPrefix (node_modules/router/index.js:340:13)
      at node_modules/router/index.js:297:9
      at processParams (node_modules/router/index.js:582:12)
      at next (node_modules/router/index.js:291:5)
      at Layer.handleError (node_modules/router/lib/layer.js:111:12)
      at trimPrefix (node_modules/router/index.js:340:13)
      at node_modules/router/index.js:297:9
      at processParams (node_modules/router/index.js:582:12)
      at next (node_modules/router/index.js:291:5)
      at node_modules/router/index.js:688:15
      at next (node_modules/router/index.js:276:14)
      at next (node_modules/router/lib/route.js:132:14)
      at Layer.handleError (node_modules/router/lib/layer.js:111:12)
      at next (node_modules/router/lib/route.js:155:13)
      at Layer.handleError (node_modules/router/lib/layer.js:111:12)
      at next (node_modules/router/lib/route.js:155:13)
      at Layer.handleError (node_modules/router/lib/layer.js:111:12)
      at next (node_modules/router/lib/route.js:155:13)
      at next (src/middleware/validate.js:215:10)
      at Layer.handleRequest (node_modules/router/lib/layer.js:152:17)
      at next (node_modules/router/lib/route.js:157:13)
      at Route.dispatch (node_modules/router/lib/route.js:117:3)
      at handle (node_modules/router/index.js:435:11)
      at Layer.handleRequest (node_modules/router/lib/layer.js:152:17)
      at node_modules/router/index.js:295:15
      at param (node_modules/router/index.js:600:14)
      at param (node_modules/router/index.js:610:14)
      at processParams (node_modules/router/index.js:664:3)
      at next (node_modules/router/index.js:291:5)
      at router.handle (node_modules/router/index.js:186:3)
      at router (node_modules/router/index.js:60:12)
      at Layer.handleRequest (node_modules/router/lib/layer.js:152:17)
      at trimPrefix (node_modules/router/index.js:342:13)
      at node_modules/router/index.js:297:9
      at processParams (node_modules/router/index.js:582:12)
      at next (node_modules/router/index.js:291:5)
      at next (src/middleware/requestGuards.js:69:2)
      at Layer.handleRequest (node_modules/router/lib/layer.js:152:17)
      at trimPrefix (node_modules/router/index.js:342:13)
      at node_modules/router/index.js:297:9
      at processParams (node_modules/router/index.js:582:12)
      at next (node_modules/router/index.js:291:5)
      at node_modules/express-rate-limit/dist/index.cjs:942:7
      at node_modules/express-rate-limit/dist/index.cjs:825:5

    console.error
      ERROR ≡ƒÆÑ: {
        message: 'Invalid claimId. Must be a positive integer.',
        statusCode: 400,
        stack: undefined,
        timestamp: '2026-03-03T08:23:44.150Z',
        path: '/claims/undefined/cancel',
        method: 'PATCH'
      }

    [0m [90m 18 |[39m 		err[33m.[39mcode [33m||[39m 
(err[33m.[39mstatusCode [33m===[39m [35m500[39m [33m?[39m 
[32m"INTERNAL_ERROR"[39m [33m:[39m [32m"UNKNOWN_ERROR"[39m)[33m;[39m
     [90m 19 |[39m
    [31m[1m>[22m[39m[90m 20 |[39m 	console[33m.[39merror([32m"ERROR 
≡ƒÆÑ:"[39m[33m,[39m {
     [90m    |[39m 	        [31m[1m^[22m[39m
     [90m 21 |[39m 		message[33m:[39m err[33m.[39mmessage[33m,[39m
     [90m 22 |[39m 		statusCode[33m:[39m 
err[33m.[39mstatusCode[33m,[39m
     [90m 23 |[39m 		stack[33m:[39m 
process[33m.[39menv[33m.[39m[33mNODE_ENV[39m [33m===[39m 
[32m"development"[39m [33m?[39m err[33m.[39mstack [33m:[39m 
undefined[33m,[39m[0m

      at error (src/middleware/errorHandler.js:20:10)
      at Layer.handleError (node_modules/router/lib/layer.js:116:17)
      at trimPrefix (node_modules/router/index.js:340:13)
      at node_modules/router/index.js:297:9
      at processParams (node_modules/router/index.js:582:12)
      at next (node_modules/router/index.js:291:5)
      at next (src/middleware/errorHandler.js:181:2)
      at Layer.handleError (node_modules/router/lib/layer.js:116:17)
      at trimPrefix (node_modules/router/index.js:340:13)
      at node_modules/router/index.js:297:9
      at processParams (node_modules/router/index.js:582:12)
      at next (node_modules/router/index.js:291:5)
      at Layer.handleError (node_modules/router/lib/layer.js:111:12)
      at trimPrefix (node_modules/router/index.js:340:13)
      at node_modules/router/index.js:297:9
      at processParams (node_modules/router/index.js:582:12)
      at next (node_modules/router/index.js:291:5)
      at node_modules/router/index.js:688:15
      at next (node_modules/router/index.js:276:14)
      at next (node_modules/router/lib/route.js:132:14)
      at Layer.handleError (node_modules/router/lib/layer.js:111:12)
      at next (node_modules/router/lib/route.js:155:13)
      at Layer.handleError (node_modules/router/lib/layer.js:111:12)
      at next (node_modules/router/lib/route.js:155:13)
      at Layer.handleError (node_modules/router/lib/layer.js:111:12)
      at next (node_modules/router/lib/route.js:155:13)
      at next (src/middleware/validate.js:215:10)
      at Layer.handleRequest (node_modules/router/lib/layer.js:152:17)
      at next (node_modules/router/lib/route.js:157:13)
      at Route.dispatch (node_modules/router/lib/route.js:117:3)
      at handle (node_modules/router/index.js:435:11)
      at Layer.handleRequest (node_modules/router/lib/layer.js:152:17)
      at node_modules/router/index.js:295:15
      at param (node_modules/router/index.js:600:14)
      at param (node_modules/router/index.js:610:14)
      at processParams (node_modules/router/index.js:664:3)
      at next (node_modules/router/index.js:291:5)
      at router.handle (node_modules/router/index.js:186:3)
      at router (node_modules/router/index.js:60:12)
      at Layer.handleRequest (node_modules/router/lib/layer.js:152:17)
      at trimPrefix (node_modules/router/index.js:342:13)
      at node_modules/router/index.js:297:9
      at processParams (node_modules/router/index.js:582:12)
      at next (node_modules/router/index.js:291:5)
      at next (src/middleware/requestGuards.js:69:2)
      at Layer.handleRequest (node_modules/router/lib/layer.js:152:17)
      at trimPrefix (node_modules/router/index.js:342:13)
      at node_modules/router/index.js:297:9
      at processParams (node_modules/router/index.js:582:12)
      at next (node_modules/router/index.js:291:5)
      at node_modules/express-rate-limit/dist/index.cjs:942:7
      at node_modules/express-rate-limit/dist/index.cjs:825:5

    console.error
      ERROR ≡ƒÆÑ: {
        message: 'Cannot cancel claim with status CLAIMED',
        statusCode: 400,
        stack: undefined,
        timestamp: '2026-03-03T08:23:44.168Z',
        path: '/claims/99999/cancel',
        method: 'PATCH'
      }

    [0m [90m 18 |[39m 		err[33m.[39mcode [33m||[39m 
(err[33m.[39mstatusCode [33m===[39m [35m500[39m [33m?[39m 
[32m"INTERNAL_ERROR"[39m [33m:[39m [32m"UNKNOWN_ERROR"[39m)[33m;[39m
     [90m 19 |[39m
    [31m[1m>[22m[39m[90m 20 |[39m 	console[33m.[39merror([32m"ERROR 
≡ƒÆÑ:"[39m[33m,[39m {
     [90m    |[39m 	        [31m[1m^[22m[39m
     [90m 21 |[39m 		message[33m:[39m err[33m.[39mmessage[33m,[39m
     [90m 22 |[39m 		statusCode[33m:[39m 
err[33m.[39mstatusCode[33m,[39m
     [90m 23 |[39m 		stack[33m:[39m 
process[33m.[39menv[33m.[39m[33mNODE_ENV[39m [33m===[39m 
[32m"development"[39m [33m?[39m err[33m.[39mstack [33m:[39m 
undefined[33m,[39m[0m

      at error (src/middleware/errorHandler.js:20:10)
      at Layer.handleError (node_modules/router/lib/layer.js:116:17)
      at trimPrefix (node_modules/router/index.js:340:13)
      at node_modules/router/index.js:297:9
      at processParams (node_modules/router/index.js:582:12)
      at next (node_modules/router/index.js:291:5)
      at next (src/middleware/errorHandler.js:181:2)
      at Layer.handleError (node_modules/router/lib/layer.js:116:17)
      at trimPrefix (node_modules/router/index.js:340:13)
      at node_modules/router/index.js:297:9
      at processParams (node_modules/router/index.js:582:12)
      at next (node_modules/router/index.js:291:5)
      at Layer.handleError (node_modules/router/lib/layer.js:111:12)
      at trimPrefix (node_modules/router/index.js:340:13)
      at node_modules/router/index.js:297:9
      at processParams (node_modules/router/index.js:582:12)
      at next (node_modules/router/index.js:291:5)
      at node_modules/router/index.js:688:15
      at next (node_modules/router/index.js:276:14)
      at next (node_modules/router/lib/route.js:132:14)
      at next (src/controllers/claimController.js:198:3)

  ΓùÅ Claim Endpoints ΓÇ║ POST /claims/meal/:mealId ΓÇ║ Should claim meal as 
NGO

    expect(received).toBe(expected) // Object.is equality

    Expected: 201
    Received: 400

    [0m [90m 142 |[39m 				
[33m.[39m[36mset[39m([32m"Authorization"[39m[33m,[39m [32m`Bearer 
${ngoToken}`[39m)[33m;[39m
     [90m 143 |[39m
    [31m[1m>[22m[39m[90m 144 |[39m 			
expect(response[33m.[39mstatus)[33m.[39mtoBe([35m201[39m)[33m;[39m
     [90m     |[39m 			                        [31m[1m^[22m[39m
     [90m 145 |[39m 			expect(response[33m.[39mbody)[33m.[39mtoHaveProper
ty([32m"claimId"[39m)[33m;[39m
     [90m 146 |[39m 			expect(response[33m.[39mbody)[33m.[39mtoHaveProper
ty([32m"mealId"[39m)[33m;[39m
     [90m 147 |[39m 		})[33m;[39m[0m

      at Object.toBe (tests/claims.test.js:144:28)

  ΓùÅ Claim Endpoints ΓÇ║ POST /claims/meal/:mealId ΓÇ║ Should fail with 
invalid meal ID

    expect(received).toBe(expected) // Object.is equality

    Expected: 404
    Received: 400

    [0m [90m 179 |[39m 				
[33m.[39m[36mset[39m([32m"Authorization"[39m[33m,[39m [32m`Bearer 
${ngoToken}`[39m)[33m;[39m
     [90m 180 |[39m
    [31m[1m>[22m[39m[90m 181 |[39m 			
expect(response[33m.[39mstatus)[33m.[39mtoBe([35m404[39m)[33m;[39m
     [90m     |[39m 			                        [31m[1m^[22m[39m
     [90m 182 |[39m 			expect(response[33m.[39mbody[33m.[39mcode)[33m.[
39mtoBe([32m"NOT_FOUND"[39m)[33m;[39m
     [90m 183 |[39m 		})[33m;[39m
     [90m 184 |[39m[0m

      at Object.toBe (tests/claims.test.js:181:28)

  ΓùÅ Claim Endpoints ΓÇ║ PATCH /claims/meal/:mealId/ready ΓÇ║ Should mark 
meal as pickup ready by SME

    expect(received).toBe(expected) // Object.is equality

    Expected: 200
    Received: 403

    [0m [90m 227 |[39m 				
[33m.[39m[36mset[39m([32m"Authorization"[39m[33m,[39m [32m`Bearer 
${smeToken}`[39m)[33m;[39m
     [90m 228 |[39m
    [31m[1m>[22m[39m[90m 229 |[39m 			
expect(response[33m.[39mstatus)[33m.[39mtoBe([35m200[39m)[33m;[39m
     [90m     |[39m 			                        [31m[1m^[22m[39m
     [90m 230 |[39m 			expect(response[33m.[39mbody[33m.[39mmessage)[33m
.[39mtoContain([32m"ready"[39m)[33m;[39m
     [90m 231 |[39m 		})[33m;[39m
     [90m 232 |[39m[0m

      at Object.toBe (tests/claims.test.js:229:28)

  ΓùÅ Claim Endpoints ΓÇ║ PATCH /claims/meal/:mealId/ready ΓÇ║ Should fail 
with invalid meal ID

    expect(received).toBe(expected) // Object.is equality

    Expected: 404
    Received: 403

    [0m [90m 253 |[39m 				
[33m.[39m[36mset[39m([32m"Authorization"[39m[33m,[39m [32m`Bearer 
${smeToken}`[39m)[33m;[39m
     [90m 254 |[39m
    [31m[1m>[22m[39m[90m 255 |[39m 			
expect(response[33m.[39mstatus)[33m.[39mtoBe([35m404[39m)[33m;[39m
     [90m     |[39m 			                        [31m[1m^[22m[39m
     [90m 256 |[39m 			expect(response[33m.[39mbody[33m.[39mcode)[33m.[
39mtoBe([32m"NOT_FOUND"[39m)[33m;[39m
     [90m 257 |[39m 		})[33m;[39m
     [90m 258 |[39m[0m

      at Object.toBe (tests/claims.test.js:255:28)

  ΓùÅ Claim Endpoints ΓÇ║ PATCH /claims/meal/:mealId/ready ΓÇ║ Should fail to 
mark already ready meal

    expect(received).toBe(expected) // Object.is equality

    Expected: 400
    Received: 403

    [0m [90m 262 |[39m 				
[33m.[39m[36mset[39m([32m"Authorization"[39m[33m,[39m [32m`Bearer 
${smeToken}`[39m)[33m;[39m
     [90m 263 |[39m
    [31m[1m>[22m[39m[90m 264 |[39m 			
expect(response[33m.[39mstatus)[33m.[39mtoBe([35m400[39m)[33m;[39m
     [90m     |[39m 			                        [31m[1m^[22m[39m
     [90m 265 |[39m 			expect(response[33m.[39mbody[33m.[39mcode)[33m.[
39mtoBe([32m"INVALID_STATE"[39m)[33m;[39m
     [90m 266 |[39m 		})[33m;[39m
     [90m 267 |[39m 	})[33m;[39m[0m

      at Object.toBe (tests/claims.test.js:264:28)

  ΓùÅ Claim Endpoints ΓÇ║ PATCH /claims/:claimId/pickup ΓÇ║ Should confirm 
pickup by NGO

    expect(received).toBe(expected) // Object.is equality

    Expected: 200
    Received: 400

    [0m [90m 317 |[39m 				
[33m.[39m[36mset[39m([32m"Authorization"[39m[33m,[39m [32m`Bearer 
${ngoToken}`[39m)[33m;[39m
     [90m 318 |[39m
    [31m[1m>[22m[39m[90m 319 |[39m 			
expect(response[33m.[39mstatus)[33m.[39mtoBe([35m200[39m)[33m;[39m
     [90m     |[39m 			                        [31m[1m^[22m[39m
     [90m 320 |[39m 			expect(response[33m.[39mbody[33m.[39mmessage)[33m
.[39mtoContain([32m"Pickup"[39m)[33m;[39m
     [90m 321 |[39m 		})[33m;[39m
     [90m 322 |[39m[0m

      at Object.toBe (tests/claims.test.js:319:28)

  ΓùÅ Claim Endpoints ΓÇ║ PATCH /claims/:claimId/pickup ΓÇ║ Should fail with 
invalid claim ID

    expect(received).toBe(expected) // Object.is equality

    Expected: 404
    Received: 400

    [0m [90m 343 |[39m 				
[33m.[39m[36mset[39m([32m"Authorization"[39m[33m,[39m [32m`Bearer 
${ngoToken}`[39m)[33m;[39m
     [90m 344 |[39m
    [31m[1m>[22m[39m[90m 345 |[39m 			
expect(response[33m.[39mstatus)[33m.[39mtoBe([35m404[39m)[33m;[39m
     [90m     |[39m 			                        [31m[1m^[22m[39m
     [90m 346 |[39m 			expect(response[33m.[39mbody[33m.[39mcode)[33m.[
39mtoBe([32m"NOT_FOUND"[39m)[33m;[39m
     [90m 347 |[39m 		})[33m;[39m
     [90m 348 |[39m[0m

      at Object.toBe (tests/claims.test.js:345:28)

  ΓùÅ Claim Endpoints ΓÇ║ PATCH /claims/:claimId/complete ΓÇ║ Should confirm 
completion by NGO

    expect(received).toBe(expected) // Object.is equality

    Expected: 200
    Received: 400

    [0m [90m 410 |[39m 				})[33m;[39m
     [90m 411 |[39m
    [31m[1m>[22m[39m[90m 412 |[39m 			
expect(response[33m.[39mstatus)[33m.[39mtoBe([35m200[39m)[33m;[39m
     [90m     |[39m 			                        [31m[1m^[22m[39m
     [90m 413 |[39m 			expect(response[33m.[39mbody[33m.[39mmessage)[33m
.[39mtoContain([32m"completion"[39m)[33m;[39m
     [90m 414 |[39m 		})[33m;[39m
     [90m 415 |[39m[0m

      at Object.toBe (tests/claims.test.js:412:28)

  ΓùÅ Claim Endpoints ΓÇ║ PATCH /claims/:claimId/complete ΓÇ║ Should fail with 
invalid claim ID

    expect(received).toBe(expected) // Object.is equality

    Expected: 404
    Received: 400

    [0m [90m 444 |[39m 				})[33m;[39m
     [90m 445 |[39m
    [31m[1m>[22m[39m[90m 446 |[39m 			
expect(response[33m.[39mstatus)[33m.[39mtoBe([35m404[39m)[33m;[39m
     [90m     |[39m 			                        [31m[1m^[22m[39m
     [90m 447 |[39m 			expect(response[33m.[39mbody[33m.[39mcode)[33m.[
39mtoBe([32m"NOT_FOUND"[39m)[33m;[39m
     [90m 448 |[39m 		})[33m;[39m
     [90m 449 |[39m[0m

      at Object.toBe (tests/claims.test.js:446:28)

  ΓùÅ Claim Endpoints ΓÇ║ PATCH /claims/:claimId/cancel ΓÇ║ Should cancel 
claim by NGO

    expect(received).toBe(expected) // Object.is equality

    Expected: 200
    Received: 400

    [0m [90m 489 |[39m 				
[33m.[39m[36mset[39m([32m"Authorization"[39m[33m,[39m [32m`Bearer 
${ngoToken}`[39m)[33m;[39m
     [90m 490 |[39m
    [31m[1m>[22m[39m[90m 491 |[39m 			
expect(response[33m.[39mstatus)[33m.[39mtoBe([35m200[39m)[33m;[39m
     [90m     |[39m 			                        [31m[1m^[22m[39m
     [90m 492 |[39m 			expect(response[33m.[39mbody[33m.[39mmessage)[33m
.[39mtoContain([32m"cancelled"[39m)[33m;[39m
     [90m 493 |[39m 		})[33m;[39m
     [90m 494 |[39m[0m

      at Object.toBe (tests/claims.test.js:491:28)

  ΓùÅ Claim Endpoints ΓÇ║ PATCH /claims/:claimId/cancel ΓÇ║ Should fail when 
SME tries to cancel

    expect(received).toBe(expected) // Object.is equality

    Expected: 403
    Received: 400

    [0m [90m 513 |[39m 				
[33m.[39m[36mset[39m([32m"Authorization"[39m[33m,[39m [32m`Bearer 
${smeToken}`[39m)[33m;[39m
     [90m 514 |[39m
    [31m[1m>[22m[39m[90m 515 |[39m 			
expect(response[33m.[39mstatus)[33m.[39mtoBe([35m403[39m)[33m;[39m
     [90m     |[39m 			                        [31m[1m^[22m[39m
     [90m 516 |[39m 			expect(response[33m.[39mbody[33m.[39mcode)[33m.[
39mtoBe([32m"FORBIDDEN"[39m)[33m;[39m
     [90m 517 |[39m 		})[33m;[39m
     [90m 518 |[39m[0m

      at Object.toBe (tests/claims.test.js:515:28)

  ΓùÅ Claim Endpoints ΓÇ║ PATCH /claims/:claimId/cancel ΓÇ║ Should fail 
without authentication

    expect(received).toBe(expected) // Object.is equality

    Expected: 401
    Received: 400

    [0m [90m 522 |[39m 			)[33m;[39m
     [90m 523 |[39m
    [31m[1m>[22m[39m[90m 524 |[39m 			
expect(response[33m.[39mstatus)[33m.[39mtoBe([35m401[39m)[33m;[39m
     [90m     |[39m 			                        [31m[1m^[22m[39m
     [90m 525 |[39m 		})[33m;[39m
     [90m 526 |[39m
     [90m 527 |[39m 		test([32m"Should fail with invalid claim 
ID"[39m[33m,[39m [36masync[39m () [33m=>[39m {[0m

      at Object.toBe (tests/claims.test.js:524:28)

  ΓùÅ Claim Endpoints ΓÇ║ PATCH /claims/:claimId/cancel ΓÇ║ Should fail with 
invalid claim ID

    expect(received).toBe(expected) // Object.is equality

    Expected: 404
    Received: 400

    [0m [90m 530 |[39m 				
[33m.[39m[36mset[39m([32m"Authorization"[39m[33m,[39m [32m`Bearer 
${ngoToken}`[39m)[33m;[39m
     [90m 531 |[39m
    [31m[1m>[22m[39m[90m 532 |[39m 			
expect(response[33m.[39mstatus)[33m.[39mtoBe([35m404[39m)[33m;[39m
     [90m     |[39m 			                        [31m[1m^[22m[39m
     [90m 533 |[39m 			expect(response[33m.[39mbody[33m.[39mcode)[33m.[
39mtoBe([32m"NOT_FOUND"[39m)[33m;[39m
     [90m 534 |[39m 		})[33m;[39m
     [90m 535 |[39m 	})[33m;[39m[0m

      at Object.toBe (tests/claims.test.js:532:28)

FAIL tests/sponsorships.test.js (6.514 s)
  ΓùÅ Console

    console.log
      [dotenv@17.3.1] injecting env (5) from .env.test -- tip: ≡ƒöÉ prevent 
committing .env to code: https://dotenvx.com/precommit

      at _log (node_modules/dotenv/lib/main.js:139:11)

    console.log
      ≡ƒöì App DB_NAME: sharemeal_test

      at Object.log (src/app.js:5:9)

    console.log
      Γ£à ShareAMeal Backend Starting...

      at Object.log (src/app.js:32:9)

    console.log
      ≡ƒô¥ NODE_ENV: test

      at Object.log (src/app.js:33:9)

    console.log
      ≡ƒöù API_URL configured

      at Object.log (src/app.js:34:9)

    console.error
      ERROR ≡ƒÆÑ: {
        message: 'NGO not found',
        statusCode: 404,
        stack: undefined,
        timestamp: '2026-03-03T08:23:43.162Z',
        path: '/sponsorships',
        method: 'POST'
      }

    [0m [90m 18 |[39m 		err[33m.[39mcode [33m||[39m 
(err[33m.[39mstatusCode [33m===[39m [35m500[39m [33m?[39m 
[32m"INTERNAL_ERROR"[39m [33m:[39m [32m"UNKNOWN_ERROR"[39m)[33m;[39m
     [90m 19 |[39m
    [31m[1m>[22m[39m[90m 20 |[39m 	console[33m.[39merror([32m"ERROR 
≡ƒÆÑ:"[39m[33m,[39m {
     [90m    |[39m 	        [31m[1m^[22m[39m
     [90m 21 |[39m 		message[33m:[39m err[33m.[39mmessage[33m,[39m
     [90m 22 |[39m 		statusCode[33m:[39m 
err[33m.[39mstatusCode[33m,[39m
     [90m 23 |[39m 		stack[33m:[39m 
process[33m.[39menv[33m.[39m[33mNODE_ENV[39m [33m===[39m 
[32m"development"[39m [33m?[39m err[33m.[39mstack [33m:[39m 
undefined[33m,[39m[0m

      at error (src/middleware/errorHandler.js:20:10)
      at Layer.handleError (node_modules/router/lib/layer.js:116:17)
      at trimPrefix (node_modules/router/index.js:340:13)
      at node_modules/router/index.js:297:9
      at processParams (node_modules/router/index.js:582:12)
      at next (node_modules/router/index.js:291:5)
      at next (src/middleware/errorHandler.js:181:2)
      at Layer.handleError (node_modules/router/lib/layer.js:116:17)
      at trimPrefix (node_modules/router/index.js:340:13)
      at node_modules/router/index.js:297:9
      at processParams (node_modules/router/index.js:582:12)
      at next (node_modules/router/index.js:291:5)
      at Layer.handleError (node_modules/router/lib/layer.js:111:12)
      at trimPrefix (node_modules/router/index.js:340:13)
      at node_modules/router/index.js:297:9
      at processParams (node_modules/router/index.js:582:12)
      at next (node_modules/router/index.js:291:5)
      at node_modules/router/index.js:688:15
      at next (node_modules/router/index.js:276:14)
      at next (node_modules/router/lib/route.js:132:14)
      at next (src/controllers/sponsorshipController.js:77:3)

    console.error
      ERROR ≡ƒÆÑ: {
        message: 'Either meal_id or ngo_id must be provided',
        statusCode: 400,
        stack: undefined,
        timestamp: '2026-03-03T08:23:43.230Z',
        path: '/sponsorships',
        method: 'POST'
      }

    [0m [90m 18 |[39m 		err[33m.[39mcode [33m||[39m 
(err[33m.[39mstatusCode [33m===[39m [35m500[39m [33m?[39m 
[32m"INTERNAL_ERROR"[39m [33m:[39m [32m"UNKNOWN_ERROR"[39m)[33m;[39m
     [90m 19 |[39m
    [31m[1m>[22m[39m[90m 20 |[39m 	console[33m.[39merror([32m"ERROR 
≡ƒÆÑ:"[39m[33m,[39m {
     [90m    |[39m 	        [31m[1m^[22m[39m
     [90m 21 |[39m 		message[33m:[39m err[33m.[39mmessage[33m,[39m
     [90m 22 |[39m 		statusCode[33m:[39m 
err[33m.[39mstatusCode[33m,[39m
     [90m 23 |[39m 		stack[33m:[39m 
process[33m.[39menv[33m.[39m[33mNODE_ENV[39m [33m===[39m 
[32m"development"[39m [33m?[39m err[33m.[39mstack [33m:[39m 
undefined[33m,[39m[0m

      at error (src/middleware/errorHandler.js:20:10)
      at Layer.handleError (node_modules/router/lib/layer.js:116:17)
      at trimPrefix (node_modules/router/index.js:340:13)
      at node_modules/router/index.js:297:9
      at processParams (node_modules/router/index.js:582:12)
      at next (node_modules/router/index.js:291:5)
      at next (src/middleware/errorHandler.js:181:2)
      at Layer.handleError (node_modules/router/lib/layer.js:116:17)
      at trimPrefix (node_modules/router/index.js:340:13)
      at node_modules/router/index.js:297:9
      at processParams (node_modules/router/index.js:582:12)
      at next (node_modules/router/index.js:291:5)
      at Layer.handleError (node_modules/router/lib/layer.js:111:12)
      at trimPrefix (node_modules/router/index.js:340:13)
      at node_modules/router/index.js:297:9
      at processParams (node_modules/router/index.js:582:12)
      at next (node_modules/router/index.js:291:5)
      at node_modules/router/index.js:688:15
      at next (node_modules/router/index.js:276:14)
      at next (node_modules/router/lib/route.js:132:14)
      at next (src/controllers/sponsorshipController.js:77:3)
      at Layer.handleRequest (node_modules/router/lib/layer.js:152:17)
      at next (node_modules/router/lib/route.js:157:13)
      at next (src/middleware/auth.js:49:3)
      at Layer.handleRequest (node_modules/router/lib/layer.js:152:17)
      at next (node_modules/router/lib/route.js:157:13)
      at next (src/middleware/auth.js:31:2)

    console.error
      ERROR ≡ƒÆÑ: {
        message: 'Amount must be a positive number',
        statusCode: 400,
        stack: undefined,
        timestamp: '2026-03-03T08:23:43.269Z',
        path: '/sponsorships',
        method: 'POST'
      }

    [0m [90m 18 |[39m 		err[33m.[39mcode [33m||[39m 
(err[33m.[39mstatusCode [33m===[39m [35m500[39m [33m?[39m 
[32m"INTERNAL_ERROR"[39m [33m:[39m [32m"UNKNOWN_ERROR"[39m)[33m;[39m
     [90m 19 |[39m
    [31m[1m>[22m[39m[90m 20 |[39m 	console[33m.[39merror([32m"ERROR 
≡ƒÆÑ:"[39m[33m,[39m {
     [90m    |[39m 	        [31m[1m^[22m[39m
     [90m 21 |[39m 		message[33m:[39m err[33m.[39mmessage[33m,[39m
     [90m 22 |[39m 		statusCode[33m:[39m 
err[33m.[39mstatusCode[33m,[39m
     [90m 23 |[39m 		stack[33m:[39m 
process[33m.[39menv[33m.[39m[33mNODE_ENV[39m [33m===[39m 
[32m"development"[39m [33m?[39m err[33m.[39mstack [33m:[39m 
undefined[33m,[39m[0m

      at error (src/middleware/errorHandler.js:20:10)
      at Layer.handleError (node_modules/router/lib/layer.js:116:17)
      at trimPrefix (node_modules/router/index.js:340:13)
      at node_modules/router/index.js:297:9
      at processParams (node_modules/router/index.js:582:12)
      at next (node_modules/router/index.js:291:5)
      at next (src/middleware/errorHandler.js:181:2)
      at Layer.handleError (node_modules/router/lib/layer.js:116:17)
      at trimPrefix (node_modules/router/index.js:340:13)
      at node_modules/router/index.js:297:9
      at processParams (node_modules/router/index.js:582:12)
      at next (node_modules/router/index.js:291:5)
      at Layer.handleError (node_modules/router/lib/layer.js:111:12)
      at trimPrefix (node_modules/router/index.js:340:13)
      at node_modules/router/index.js:297:9
      at processParams (node_modules/router/index.js:582:12)
      at next (node_modules/router/index.js:291:5)
      at node_modules/router/index.js:688:15
      at next (node_modules/router/index.js:276:14)
      at next (node_modules/router/lib/route.js:132:14)
      at next (src/controllers/sponsorshipController.js:77:3)
      at Layer.handleRequest (node_modules/router/lib/layer.js:152:17)
      at next (node_modules/router/lib/route.js:157:13)
      at next (src/middleware/auth.js:49:3)
      at Layer.handleRequest (node_modules/router/lib/layer.js:152:17)
      at next (node_modules/router/lib/route.js:157:13)
      at next (src/middleware/auth.js:31:2)

    console.error
      ERROR ≡ƒÆÑ: {
        message: 'Amount must be a positive number',
        statusCode: 400,
        stack: undefined,
        timestamp: '2026-03-03T08:23:43.318Z',
        path: '/sponsorships',
        method: 'POST'
      }

    [0m [90m 18 |[39m 		err[33m.[39mcode [33m||[39m 
(err[33m.[39mstatusCode [33m===[39m [35m500[39m [33m?[39m 
[32m"INTERNAL_ERROR"[39m [33m:[39m [32m"UNKNOWN_ERROR"[39m)[33m;[39m
     [90m 19 |[39m
    [31m[1m>[22m[39m[90m 20 |[39m 	console[33m.[39merror([32m"ERROR 
≡ƒÆÑ:"[39m[33m,[39m {
     [90m    |[39m 	        [31m[1m^[22m[39m
     [90m 21 |[39m 		message[33m:[39m err[33m.[39mmessage[33m,[39m
     [90m 22 |[39m 		statusCode[33m:[39m 
err[33m.[39mstatusCode[33m,[39m
     [90m 23 |[39m 		stack[33m:[39m 
process[33m.[39menv[33m.[39m[33mNODE_ENV[39m [33m===[39m 
[32m"development"[39m [33m?[39m err[33m.[39mstack [33m:[39m 
undefined[33m,[39m[0m

      at error (src/middleware/errorHandler.js:20:10)
      at Layer.handleError (node_modules/router/lib/layer.js:116:17)
      at trimPrefix (node_modules/router/index.js:340:13)
      at node_modules/router/index.js:297:9
      at processParams (node_modules/router/index.js:582:12)
      at next (node_modules/router/index.js:291:5)
      at next (src/middleware/errorHandler.js:181:2)
      at Layer.handleError (node_modules/router/lib/layer.js:116:17)
      at trimPrefix (node_modules/router/index.js:340:13)
      at node_modules/router/index.js:297:9
      at processParams (node_modules/router/index.js:582:12)
      at next (node_modules/router/index.js:291:5)
      at Layer.handleError (node_modules/router/lib/layer.js:111:12)
      at trimPrefix (node_modules/router/index.js:340:13)
      at node_modules/router/index.js:297:9
      at processParams (node_modules/router/index.js:582:12)
      at next (node_modules/router/index.js:291:5)
      at node_modules/router/index.js:688:15
      at next (node_modules/router/index.js:276:14)
      at next (node_modules/router/lib/route.js:132:14)
      at next (src/controllers/sponsorshipController.js:77:3)
      at Layer.handleRequest (node_modules/router/lib/layer.js:152:17)
      at next (node_modules/router/lib/route.js:157:13)
      at next (src/middleware/auth.js:49:3)
      at Layer.handleRequest (node_modules/router/lib/layer.js:152:17)
      at next (node_modules/router/lib/route.js:157:13)
      at next (src/middleware/auth.js:31:2)

    console.error
      ERROR ≡ƒÆÑ: {
        message: 'Meal not found',
        statusCode: 404,
        stack: undefined,
        timestamp: '2026-03-03T08:23:43.352Z',
        path: '/sponsorships',
        method: 'POST'
      }

    [0m [90m 18 |[39m 		err[33m.[39mcode [33m||[39m 
(err[33m.[39mstatusCode [33m===[39m [35m500[39m [33m?[39m 
[32m"INTERNAL_ERROR"[39m [33m:[39m [32m"UNKNOWN_ERROR"[39m)[33m;[39m
     [90m 19 |[39m
    [31m[1m>[22m[39m[90m 20 |[39m 	console[33m.[39merror([32m"ERROR 
≡ƒÆÑ:"[39m[33m,[39m {
     [90m    |[39m 	        [31m[1m^[22m[39m
     [90m 21 |[39m 		message[33m:[39m err[33m.[39mmessage[33m,[39m
     [90m 22 |[39m 		statusCode[33m:[39m 
err[33m.[39mstatusCode[33m,[39m
     [90m 23 |[39m 		stack[33m:[39m 
process[33m.[39menv[33m.[39m[33mNODE_ENV[39m [33m===[39m 
[32m"development"[39m [33m?[39m err[33m.[39mstack [33m:[39m 
undefined[33m,[39m[0m

      at error (src/middleware/errorHandler.js:20:10)
      at Layer.handleError (node_modules/router/lib/layer.js:116:17)
      at trimPrefix (node_modules/router/index.js:340:13)
      at node_modules/router/index.js:297:9
      at processParams (node_modules/router/index.js:582:12)
      at next (node_modules/router/index.js:291:5)
      at next (src/middleware/errorHandler.js:181:2)
      at Layer.handleError (node_modules/router/lib/layer.js:116:17)
      at trimPrefix (node_modules/router/index.js:340:13)
      at node_modules/router/index.js:297:9
      at processParams (node_modules/router/index.js:582:12)
      at next (node_modules/router/index.js:291:5)
      at Layer.handleError (node_modules/router/lib/layer.js:111:12)
      at trimPrefix (node_modules/router/index.js:340:13)
      at node_modules/router/index.js:297:9
      at processParams (node_modules/router/index.js:582:12)
      at next (node_modules/router/index.js:291:5)
      at node_modules/router/index.js:688:15
      at next (node_modules/router/index.js:276:14)
      at next (node_modules/router/lib/route.js:132:14)
      at next (src/controllers/sponsorshipController.js:77:3)

    console.error
      ERROR ≡ƒÆÑ: {
        message: 'NGO not found',
        statusCode: 404,
        stack: undefined,
        timestamp: '2026-03-03T08:23:43.378Z',
        path: '/sponsorships',
        method: 'POST'
      }

    [0m [90m 18 |[39m 		err[33m.[39mcode [33m||[39m 
(err[33m.[39mstatusCode [33m===[39m [35m500[39m [33m?[39m 
[32m"INTERNAL_ERROR"[39m [33m:[39m [32m"UNKNOWN_ERROR"[39m)[33m;[39m
     [90m 19 |[39m
    [31m[1m>[22m[39m[90m 20 |[39m 	console[33m.[39merror([32m"ERROR 
≡ƒÆÑ:"[39m[33m,[39m {
     [90m    |[39m 	        [31m[1m^[22m[39m
     [90m 21 |[39m 		message[33m:[39m err[33m.[39mmessage[33m,[39m
     [90m 22 |[39m 		statusCode[33m:[39m 
err[33m.[39mstatusCode[33m,[39m
     [90m 23 |[39m 		stack[33m:[39m 
process[33m.[39menv[33m.[39m[33mNODE_ENV[39m [33m===[39m 
[32m"development"[39m [33m?[39m err[33m.[39mstack [33m:[39m 
undefined[33m,[39m[0m

      at error (src/middleware/errorHandler.js:20:10)
      at Layer.handleError (node_modules/router/lib/layer.js:116:17)
      at trimPrefix (node_modules/router/index.js:340:13)
      at node_modules/router/index.js:297:9
      at processParams (node_modules/router/index.js:582:12)
      at next (node_modules/router/index.js:291:5)
      at next (src/middleware/errorHandler.js:181:2)
      at Layer.handleError (node_modules/router/lib/layer.js:116:17)
      at trimPrefix (node_modules/router/index.js:340:13)
      at node_modules/router/index.js:297:9
      at processParams (node_modules/router/index.js:582:12)
      at next (node_modules/router/index.js:291:5)
      at Layer.handleError (node_modules/router/lib/layer.js:111:12)
      at trimPrefix (node_modules/router/index.js:340:13)
      at node_modules/router/index.js:297:9
      at processParams (node_modules/router/index.js:582:12)
      at next (node_modules/router/index.js:291:5)
      at node_modules/router/index.js:688:15
      at next (node_modules/router/index.js:276:14)
      at next (node_modules/router/lib/route.js:132:14)
      at next (src/controllers/sponsorshipController.js:77:3)

    console.error
      ERROR ≡ƒÆÑ: {
        message: 'No token provided',
        statusCode: 401,
        stack: undefined,
        timestamp: '2026-03-03T08:23:43.439Z',
        path: '/sponsorships',
        method: 'POST'
      }

    [0m [90m 18 |[39m 		err[33m.[39mcode [33m||[39m 
(err[33m.[39mstatusCode [33m===[39m [35m500[39m [33m?[39m 
[32m"INTERNAL_ERROR"[39m [33m:[39m [32m"UNKNOWN_ERROR"[39m)[33m;[39m
     [90m 19 |[39m
    [31m[1m>[22m[39m[90m 20 |[39m 	console[33m.[39merror([32m"ERROR 
≡ƒÆÑ:"[39m[33m,[39m {
     [90m    |[39m 	        [31m[1m^[22m[39m
     [90m 21 |[39m 		message[33m:[39m err[33m.[39mmessage[33m,[39m
     [90m 22 |[39m 		statusCode[33m:[39m 
err[33m.[39mstatusCode[33m,[39m
     [90m 23 |[39m 		stack[33m:[39m 
process[33m.[39menv[33m.[39m[33mNODE_ENV[39m [33m===[39m 
[32m"development"[39m [33m?[39m err[33m.[39mstack [33m:[39m 
undefined[33m,[39m[0m

      at error (src/middleware/errorHandler.js:20:10)
      at Layer.handleError (node_modules/router/lib/layer.js:116:17)
      at trimPrefix (node_modules/router/index.js:340:13)
      at node_modules/router/index.js:297:9
      at processParams (node_modules/router/index.js:582:12)
      at next (node_modules/router/index.js:291:5)
      at next (src/middleware/errorHandler.js:181:2)
      at Layer.handleError (node_modules/router/lib/layer.js:116:17)
      at trimPrefix (node_modules/router/index.js:340:13)
      at node_modules/router/index.js:297:9
      at processParams (node_modules/router/index.js:582:12)
      at next (node_modules/router/index.js:291:5)
      at Layer.handleError (node_modules/router/lib/layer.js:111:12)
      at trimPrefix (node_modules/router/index.js:340:13)
      at node_modules/router/index.js:297:9
      at processParams (node_modules/router/index.js:582:12)
      at next (node_modules/router/index.js:291:5)
      at node_modules/router/index.js:688:15
      at next (node_modules/router/index.js:276:14)
      at next (node_modules/router/lib/route.js:132:14)
      at Layer.handleError (node_modules/router/lib/layer.js:111:12)
      at next (node_modules/router/lib/route.js:155:13)
      at Layer.handleError (node_modules/router/lib/layer.js:111:12)
      at next (node_modules/router/lib/route.js:155:13)
      at next (src/middleware/auth.js:13:10)
      at fn (src/utils/catchAsync.js:85:3)
      at Layer.handleRequest (node_modules/router/lib/layer.js:152:17)
      at next (node_modules/router/lib/route.js:157:13)
      at Route.dispatch (node_modules/router/lib/route.js:117:3)
      at handle (node_modules/router/index.js:435:11)
      at Layer.handleRequest (node_modules/router/lib/layer.js:152:17)
      at node_modules/router/index.js:295:15
      at processParams (node_modules/router/index.js:582:12)
      at next (node_modules/router/index.js:291:5)
      at router.handle (node_modules/router/index.js:186:3)
      at router (node_modules/router/index.js:60:12)
      at Layer.handleRequest (node_modules/router/lib/layer.js:152:17)
      at trimPrefix (node_modules/router/index.js:342:13)
      at node_modules/router/index.js:297:9
      at processParams (node_modules/router/index.js:582:12)
      at next (node_modules/router/index.js:291:5)
      at next (src/middleware/requestGuards.js:69:2)
      at Layer.handleRequest (node_modules/router/lib/layer.js:152:17)
      at trimPrefix (node_modules/router/index.js:342:13)
      at node_modules/router/index.js:297:9
      at processParams (node_modules/router/index.js:582:12)
      at next (node_modules/router/index.js:291:5)
      at node_modules/express-rate-limit/dist/index.cjs:942:7
      at node_modules/express-rate-limit/dist/index.cjs:825:5

    console.error
      ERROR ≡ƒÆÑ: {
        message: 'Access denied - insufficient permissions',
        statusCode: 403,
        stack: undefined,
        timestamp: '2026-03-03T08:23:43.482Z',
        path: '/sponsorships',
        method: 'POST'
      }

    [0m [90m 18 |[39m 		err[33m.[39mcode [33m||[39m 
(err[33m.[39mstatusCode [33m===[39m [35m500[39m [33m?[39m 
[32m"INTERNAL_ERROR"[39m [33m:[39m [32m"UNKNOWN_ERROR"[39m)[33m;[39m
     [90m 19 |[39m
    [31m[1m>[22m[39m[90m 20 |[39m 	console[33m.[39merror([32m"ERROR 
≡ƒÆÑ:"[39m[33m,[39m {
     [90m    |[39m 	        [31m[1m^[22m[39m
     [90m 21 |[39m 		message[33m:[39m err[33m.[39mmessage[33m,[39m
     [90m 22 |[39m 		statusCode[33m:[39m 
err[33m.[39mstatusCode[33m,[39m
     [90m 23 |[39m 		stack[33m:[39m 
process[33m.[39menv[33m.[39m[33mNODE_ENV[39m [33m===[39m 
[32m"development"[39m [33m?[39m err[33m.[39mstack [33m:[39m 
undefined[33m,[39m[0m

      at error (src/middleware/errorHandler.js:20:10)
      at Layer.handleError (node_modules/router/lib/layer.js:116:17)
      at trimPrefix (node_modules/router/index.js:340:13)
      at node_modules/router/index.js:297:9
      at processParams (node_modules/router/index.js:582:12)
      at next (node_modules/router/index.js:291:5)
      at next (src/middleware/errorHandler.js:181:2)
      at Layer.handleError (node_modules/router/lib/layer.js:116:17)
      at trimPrefix (node_modules/router/index.js:340:13)
      at node_modules/router/index.js:297:9
      at processParams (node_modules/router/index.js:582:12)
      at next (node_modules/router/index.js:291:5)
      at Layer.handleError (node_modules/router/lib/layer.js:111:12)
      at trimPrefix (node_modules/router/index.js:340:13)
      at node_modules/router/index.js:297:9
      at processParams (node_modules/router/index.js:582:12)
      at next (node_modules/router/index.js:291:5)
      at node_modules/router/index.js:688:15
      at next (node_modules/router/index.js:276:14)
      at next (node_modules/router/lib/route.js:132:14)
      at Layer.handleError (node_modules/router/lib/layer.js:111:12)
      at next (node_modules/router/lib/route.js:155:13)
      at next (src/middleware/auth.js:40:11)
      at Layer.handleRequest (node_modules/router/lib/layer.js:152:17)
      at next (node_modules/router/lib/route.js:157:13)
      at next (src/middleware/auth.js:31:2)

    console.error
      ERROR ≡ƒÆÑ: {
        message: 'No token provided',
        statusCode: 401,
        stack: undefined,
        timestamp: '2026-03-03T08:23:43.675Z',
        path: '/sponsorships/my',
        method: 'GET'
      }

    [0m [90m 18 |[39m 		err[33m.[39mcode [33m||[39m 
(err[33m.[39mstatusCode [33m===[39m [35m500[39m [33m?[39m 
[32m"INTERNAL_ERROR"[39m [33m:[39m [32m"UNKNOWN_ERROR"[39m)[33m;[39m
     [90m 19 |[39m
    [31m[1m>[22m[39m[90m 20 |[39m 	console[33m.[39merror([32m"ERROR 
≡ƒÆÑ:"[39m[33m,[39m {
     [90m    |[39m 	        [31m[1m^[22m[39m
     [90m 21 |[39m 		message[33m:[39m err[33m.[39mmessage[33m,[39m
     [90m 22 |[39m 		statusCode[33m:[39m 
err[33m.[39mstatusCode[33m,[39m
     [90m 23 |[39m 		stack[33m:[39m 
process[33m.[39menv[33m.[39m[33mNODE_ENV[39m [33m===[39m 
[32m"development"[39m [33m?[39m err[33m.[39mstack [33m:[39m 
undefined[33m,[39m[0m

      at error (src/middleware/errorHandler.js:20:10)
      at Layer.handleError (node_modules/router/lib/layer.js:116:17)
      at trimPrefix (node_modules/router/index.js:340:13)
      at node_modules/router/index.js:297:9
      at processParams (node_modules/router/index.js:582:12)
      at next (node_modules/router/index.js:291:5)
      at next (src/middleware/errorHandler.js:181:2)
      at Layer.handleError (node_modules/router/lib/layer.js:116:17)
      at trimPrefix (node_modules/router/index.js:340:13)
      at node_modules/router/index.js:297:9
      at processParams (node_modules/router/index.js:582:12)
      at next (node_modules/router/index.js:291:5)
      at Layer.handleError (node_modules/router/lib/layer.js:111:12)
      at trimPrefix (node_modules/router/index.js:340:13)
      at node_modules/router/index.js:297:9
      at processParams (node_modules/router/index.js:582:12)
      at next (node_modules/router/index.js:291:5)
      at node_modules/router/index.js:688:15
      at next (node_modules/router/index.js:276:14)
      at next (node_modules/router/lib/route.js:132:14)
      at Layer.handleError (node_modules/router/lib/layer.js:111:12)
      at next (node_modules/router/lib/route.js:155:13)
      at Layer.handleError (node_modules/router/lib/layer.js:111:12)
      at next (node_modules/router/lib/route.js:155:13)
      at next (src/middleware/auth.js:13:10)
      at fn (src/utils/catchAsync.js:85:3)
      at Layer.handleRequest (node_modules/router/lib/layer.js:152:17)
      at next (node_modules/router/lib/route.js:157:13)
      at Route.dispatch (node_modules/router/lib/route.js:117:3)
      at handle (node_modules/router/index.js:435:11)
      at Layer.handleRequest (node_modules/router/lib/layer.js:152:17)
      at node_modules/router/index.js:295:15
      at processParams (node_modules/router/index.js:582:12)
      at next (node_modules/router/index.js:291:5)
      at router.handle (node_modules/router/index.js:186:3)
      at router (node_modules/router/index.js:60:12)
      at Layer.handleRequest (node_modules/router/lib/layer.js:152:17)
      at trimPrefix (node_modules/router/index.js:342:13)
      at node_modules/router/index.js:297:9
      at processParams (node_modules/router/index.js:582:12)
      at next (node_modules/router/index.js:291:5)
      at next (src/middleware/requestGuards.js:69:2)
      at Layer.handleRequest (node_modules/router/lib/layer.js:152:17)
      at trimPrefix (node_modules/router/index.js:342:13)
      at node_modules/router/index.js:297:9
      at processParams (node_modules/router/index.js:582:12)
      at next (node_modules/router/index.js:291:5)
      at node_modules/express-rate-limit/dist/index.cjs:942:7
      at node_modules/express-rate-limit/dist/index.cjs:825:5

    console.error
      ERROR ≡ƒÆÑ: {
        message: 'Access denied - insufficient permissions',
        statusCode: 403,
        stack: undefined,
        timestamp: '2026-03-03T08:23:43.696Z',
        path: '/sponsorships/my',
        method: 'GET'
      }

    [0m [90m 18 |[39m 		err[33m.[39mcode [33m||[39m 
(err[33m.[39mstatusCode [33m===[39m [35m500[39m [33m?[39m 
[32m"INTERNAL_ERROR"[39m [33m:[39m [32m"UNKNOWN_ERROR"[39m)[33m;[39m
     [90m 19 |[39m
    [31m[1m>[22m[39m[90m 20 |[39m 	console[33m.[39merror([32m"ERROR 
≡ƒÆÑ:"[39m[33m,[39m {
     [90m    |[39m 	        [31m[1m^[22m[39m
     [90m 21 |[39m 		message[33m:[39m err[33m.[39mmessage[33m,[39m
     [90m 22 |[39m 		statusCode[33m:[39m 
err[33m.[39mstatusCode[33m,[39m
     [90m 23 |[39m 		stack[33m:[39m 
process[33m.[39menv[33m.[39m[33mNODE_ENV[39m [33m===[39m 
[32m"development"[39m [33m?[39m err[33m.[39mstack [33m:[39m 
undefined[33m,[39m[0m

      at error (src/middleware/errorHandler.js:20:10)
      at Layer.handleError (node_modules/router/lib/layer.js:116:17)
      at trimPrefix (node_modules/router/index.js:340:13)
      at node_modules/router/index.js:297:9
      at processParams (node_modules/router/index.js:582:12)
      at next (node_modules/router/index.js:291:5)
      at next (src/middleware/errorHandler.js:181:2)
      at Layer.handleError (node_modules/router/lib/layer.js:116:17)
      at trimPrefix (node_modules/router/index.js:340:13)
      at node_modules/router/index.js:297:9
      at processParams (node_modules/router/index.js:582:12)
      at next (node_modules/router/index.js:291:5)
      at Layer.handleError (node_modules/router/lib/layer.js:111:12)
      at trimPrefix (node_modules/router/index.js:340:13)
      at node_modules/router/index.js:297:9
      at processParams (node_modules/router/index.js:582:12)
      at next (node_modules/router/index.js:291:5)
      at node_modules/router/index.js:688:15
      at next (node_modules/router/index.js:276:14)
      at next (node_modules/router/lib/route.js:132:14)
      at Layer.handleError (node_modules/router/lib/layer.js:111:12)
      at next (node_modules/router/lib/route.js:155:13)
      at next (src/middleware/auth.js:40:11)
      at Layer.handleRequest (node_modules/router/lib/layer.js:152:17)
      at next (node_modules/router/lib/route.js:157:13)
      at next (src/middleware/auth.js:31:2)

    console.error
      ERROR ≡ƒÆÑ: {
        message: 'No token provided',
        statusCode: 401,
        stack: undefined,
        timestamp: '2026-03-03T08:23:43.736Z',
        path: '/sponsorships/impact',
        method: 'GET'
      }

    [0m [90m 18 |[39m 		err[33m.[39mcode [33m||[39m 
(err[33m.[39mstatusCode [33m===[39m [35m500[39m [33m?[39m 
[32m"INTERNAL_ERROR"[39m [33m:[39m [32m"UNKNOWN_ERROR"[39m)[33m;[39m
     [90m 19 |[39m
    [31m[1m>[22m[39m[90m 20 |[39m 	console[33m.[39merror([32m"ERROR 
≡ƒÆÑ:"[39m[33m,[39m {
     [90m    |[39m 	        [31m[1m^[22m[39m
     [90m 21 |[39m 		message[33m:[39m err[33m.[39mmessage[33m,[39m
     [90m 22 |[39m 		statusCode[33m:[39m 
err[33m.[39mstatusCode[33m,[39m
     [90m 23 |[39m 		stack[33m:[39m 
process[33m.[39menv[33m.[39m[33mNODE_ENV[39m [33m===[39m 
[32m"development"[39m [33m?[39m err[33m.[39mstack [33m:[39m 
undefined[33m,[39m[0m

      at error (src/middleware/errorHandler.js:20:10)
      at Layer.handleError (node_modules/router/lib/layer.js:116:17)
      at trimPrefix (node_modules/router/index.js:340:13)
      at node_modules/router/index.js:297:9
      at processParams (node_modules/router/index.js:582:12)
      at next (node_modules/router/index.js:291:5)
      at next (src/middleware/errorHandler.js:181:2)
      at Layer.handleError (node_modules/router/lib/layer.js:116:17)
      at trimPrefix (node_modules/router/index.js:340:13)
      at node_modules/router/index.js:297:9
      at processParams (node_modules/router/index.js:582:12)
      at next (node_modules/router/index.js:291:5)
      at Layer.handleError (node_modules/router/lib/layer.js:111:12)
      at trimPrefix (node_modules/router/index.js:340:13)
      at node_modules/router/index.js:297:9
      at processParams (node_modules/router/index.js:582:12)
      at next (node_modules/router/index.js:291:5)
      at node_modules/router/index.js:688:15
      at next (node_modules/router/index.js:276:14)
      at next (node_modules/router/lib/route.js:132:14)
      at Layer.handleError (node_modules/router/lib/layer.js:111:12)
      at next (node_modules/router/lib/route.js:155:13)
      at Layer.handleError (node_modules/router/lib/layer.js:111:12)
      at next (node_modules/router/lib/route.js:155:13)
      at next (src/middleware/auth.js:13:10)
      at fn (src/utils/catchAsync.js:85:3)
      at Layer.handleRequest (node_modules/router/lib/layer.js:152:17)
      at next (node_modules/router/lib/route.js:157:13)
      at Route.dispatch (node_modules/router/lib/route.js:117:3)
      at handle (node_modules/router/index.js:435:11)
      at Layer.handleRequest (node_modules/router/lib/layer.js:152:17)
      at node_modules/router/index.js:295:15
      at processParams (node_modules/router/index.js:582:12)
      at next (node_modules/router/index.js:291:5)
      at router.handle (node_modules/router/index.js:186:3)
      at router (node_modules/router/index.js:60:12)
      at Layer.handleRequest (node_modules/router/lib/layer.js:152:17)
      at trimPrefix (node_modules/router/index.js:342:13)
      at node_modules/router/index.js:297:9
      at processParams (node_modules/router/index.js:582:12)
      at next (node_modules/router/index.js:291:5)
      at next (src/middleware/requestGuards.js:69:2)
      at Layer.handleRequest (node_modules/router/lib/layer.js:152:17)
      at trimPrefix (node_modules/router/index.js:342:13)
      at node_modules/router/index.js:297:9
      at processParams (node_modules/router/index.js:582:12)
      at next (node_modules/router/index.js:291:5)
      at node_modules/express-rate-limit/dist/index.cjs:942:7
      at node_modules/express-rate-limit/dist/index.cjs:825:5

    console.error
      ERROR ≡ƒÆÑ: {
        message: 'Access denied - insufficient permissions',
        statusCode: 403,
        stack: undefined,
        timestamp: '2026-03-03T08:23:43.762Z',
        path: '/sponsorships/impact',
        method: 'GET'
      }

    [0m [90m 18 |[39m 		err[33m.[39mcode [33m||[39m 
(err[33m.[39mstatusCode [33m===[39m [35m500[39m [33m?[39m 
[32m"INTERNAL_ERROR"[39m [33m:[39m [32m"UNKNOWN_ERROR"[39m)[33m;[39m
     [90m 19 |[39m
    [31m[1m>[22m[39m[90m 20 |[39m 	console[33m.[39merror([32m"ERROR 
≡ƒÆÑ:"[39m[33m,[39m {
     [90m    |[39m 	        [31m[1m^[22m[39m
     [90m 21 |[39m 		message[33m:[39m err[33m.[39mmessage[33m,[39m
     [90m 22 |[39m 		statusCode[33m:[39m 
err[33m.[39mstatusCode[33m,[39m
     [90m 23 |[39m 		stack[33m:[39m 
process[33m.[39menv[33m.[39m[33mNODE_ENV[39m [33m===[39m 
[32m"development"[39m [33m?[39m err[33m.[39mstack [33m:[39m 
undefined[33m,[39m[0m

      at error (src/middleware/errorHandler.js:20:10)
      at Layer.handleError (node_modules/router/lib/layer.js:116:17)
      at trimPrefix (node_modules/router/index.js:340:13)
      at node_modules/router/index.js:297:9
      at processParams (node_modules/router/index.js:582:12)
      at next (node_modules/router/index.js:291:5)
      at next (src/middleware/errorHandler.js:181:2)
      at Layer.handleError (node_modules/router/lib/layer.js:116:17)
      at trimPrefix (node_modules/router/index.js:340:13)
      at node_modules/router/index.js:297:9
      at processParams (node_modules/router/index.js:582:12)
      at next (node_modules/router/index.js:291:5)
      at Layer.handleError (node_modules/router/lib/layer.js:111:12)
      at trimPrefix (node_modules/router/index.js:340:13)
      at node_modules/router/index.js:297:9
      at processParams (node_modules/router/index.js:582:12)
      at next (node_modules/router/index.js:291:5)
      at node_modules/router/index.js:688:15
      at next (node_modules/router/index.js:276:14)
      at next (node_modules/router/lib/route.js:132:14)
      at Layer.handleError (node_modules/router/lib/layer.js:111:12)
      at next (node_modules/router/lib/route.js:155:13)
      at next (src/middleware/auth.js:40:11)
      at Layer.handleRequest (node_modules/router/lib/layer.js:152:17)
      at next (node_modules/router/lib/route.js:157:13)
      at next (src/middleware/auth.js:31:2)

    console.error
      ERROR ≡ƒÆÑ: {
        message: 'Meal not found',
        statusCode: 404,
        stack: undefined,
        timestamp: '2026-03-03T08:23:43.781Z',
        path: '/sponsorships/meals/100',
        method: 'GET'
      }

    [0m [90m 18 |[39m 		err[33m.[39mcode [33m||[39m 
(err[33m.[39mstatusCode [33m===[39m [35m500[39m [33m?[39m 
[32m"INTERNAL_ERROR"[39m [33m:[39m [32m"UNKNOWN_ERROR"[39m)[33m;[39m
     [90m 19 |[39m
    [31m[1m>[22m[39m[90m 20 |[39m 	console[33m.[39merror([32m"ERROR 
≡ƒÆÑ:"[39m[33m,[39m {
     [90m    |[39m 	        [31m[1m^[22m[39m
     [90m 21 |[39m 		message[33m:[39m err[33m.[39mmessage[33m,[39m
     [90m 22 |[39m 		statusCode[33m:[39m 
err[33m.[39mstatusCode[33m,[39m
     [90m 23 |[39m 		stack[33m:[39m 
process[33m.[39menv[33m.[39m[33mNODE_ENV[39m [33m===[39m 
[32m"development"[39m [33m?[39m err[33m.[39mstack [33m:[39m 
undefined[33m,[39m[0m

      at error (src/middleware/errorHandler.js:20:10)
      at Layer.handleError (node_modules/router/lib/layer.js:116:17)
      at trimPrefix (node_modules/router/index.js:340:13)
      at node_modules/router/index.js:297:9
      at processParams (node_modules/router/index.js:582:12)
      at next (node_modules/router/index.js:291:5)
      at next (src/middleware/errorHandler.js:181:2)
      at Layer.handleError (node_modules/router/lib/layer.js:116:17)
      at trimPrefix (node_modules/router/index.js:340:13)
      at node_modules/router/index.js:297:9
      at processParams (node_modules/router/index.js:582:12)
      at next (node_modules/router/index.js:291:5)
      at Layer.handleError (node_modules/router/lib/layer.js:111:12)
      at trimPrefix (node_modules/router/index.js:340:13)
      at node_modules/router/index.js:297:9
      at processParams (node_modules/router/index.js:582:12)
      at next (node_modules/router/index.js:291:5)
      at node_modules/router/index.js:688:15
      at next (node_modules/router/index.js:276:14)
      at next (node_modules/router/lib/route.js:132:14)
      at next (src/controllers/sponsorshipController.js:169:3)

    console.error
      ERROR ≡ƒÆÑ: {
        message: 'Meal not found',
        statusCode: 404,
        stack: undefined,
        timestamp: '2026-03-03T08:23:43.797Z',
        path: '/sponsorships/meals/100',
        method: 'GET'
      }

    [0m [90m 18 |[39m 		err[33m.[39mcode [33m||[39m 
(err[33m.[39mstatusCode [33m===[39m [35m500[39m [33m?[39m 
[32m"INTERNAL_ERROR"[39m [33m:[39m [32m"UNKNOWN_ERROR"[39m)[33m;[39m
     [90m 19 |[39m
    [31m[1m>[22m[39m[90m 20 |[39m 	console[33m.[39merror([32m"ERROR 
≡ƒÆÑ:"[39m[33m,[39m {
     [90m    |[39m 	        [31m[1m^[22m[39m
     [90m 21 |[39m 		message[33m:[39m err[33m.[39mmessage[33m,[39m
     [90m 22 |[39m 		statusCode[33m:[39m 
err[33m.[39mstatusCode[33m,[39m
     [90m 23 |[39m 		stack[33m:[39m 
process[33m.[39menv[33m.[39m[33mNODE_ENV[39m [33m===[39m 
[32m"development"[39m [33m?[39m err[33m.[39mstack [33m:[39m 
undefined[33m,[39m[0m

      at error (src/middleware/errorHandler.js:20:10)
      at Layer.handleError (node_modules/router/lib/layer.js:116:17)
      at trimPrefix (node_modules/router/index.js:340:13)
      at node_modules/router/index.js:297:9
      at processParams (node_modules/router/index.js:582:12)
      at next (node_modules/router/index.js:291:5)
      at next (src/middleware/errorHandler.js:181:2)
      at Layer.handleError (node_modules/router/lib/layer.js:116:17)
      at trimPrefix (node_modules/router/index.js:340:13)
      at node_modules/router/index.js:297:9
      at processParams (node_modules/router/index.js:582:12)
      at next (node_modules/router/index.js:291:5)
      at Layer.handleError (node_modules/router/lib/layer.js:111:12)
      at trimPrefix (node_modules/router/index.js:340:13)
      at node_modules/router/index.js:297:9
      at processParams (node_modules/router/index.js:582:12)
      at next (node_modules/router/index.js:291:5)
      at node_modules/router/index.js:688:15
      at next (node_modules/router/index.js:276:14)
      at next (node_modules/router/lib/route.js:132:14)
      at next (src/controllers/sponsorshipController.js:169:3)

    console.error
      ERROR ≡ƒÆÑ: {
        message: 'Meal not found',
        statusCode: 404,
        stack: undefined,
        timestamp: '2026-03-03T08:23:43.824Z',
        path: '/sponsorships/meals/100',
        method: 'GET'
      }

    [0m [90m 18 |[39m 		err[33m.[39mcode [33m||[39m 
(err[33m.[39mstatusCode [33m===[39m [35m500[39m [33m?[39m 
[32m"INTERNAL_ERROR"[39m [33m:[39m [32m"UNKNOWN_ERROR"[39m)[33m;[39m
     [90m 19 |[39m
    [31m[1m>[22m[39m[90m 20 |[39m 	console[33m.[39merror([32m"ERROR 
≡ƒÆÑ:"[39m[33m,[39m {
     [90m    |[39m 	        [31m[1m^[22m[39m
     [90m 21 |[39m 		message[33m:[39m err[33m.[39mmessage[33m,[39m
     [90m 22 |[39m 		statusCode[33m:[39m 
err[33m.[39mstatusCode[33m,[39m
     [90m 23 |[39m 		stack[33m:[39m 
process[33m.[39menv[33m.[39m[33mNODE_ENV[39m [33m===[39m 
[32m"development"[39m [33m?[39m err[33m.[39mstack [33m:[39m 
undefined[33m,[39m[0m

      at error (src/middleware/errorHandler.js:20:10)
      at Layer.handleError (node_modules/router/lib/layer.js:116:17)
      at trimPrefix (node_modules/router/index.js:340:13)
      at node_modules/router/index.js:297:9
      at processParams (node_modules/router/index.js:582:12)
      at next (node_modules/router/index.js:291:5)
      at next (src/middleware/errorHandler.js:181:2)
      at Layer.handleError (node_modules/router/lib/layer.js:116:17)
      at trimPrefix (node_modules/router/index.js:340:13)
      at node_modules/router/index.js:297:9
      at processParams (node_modules/router/index.js:582:12)
      at next (node_modules/router/index.js:291:5)
      at Layer.handleError (node_modules/router/lib/layer.js:111:12)
      at trimPrefix (node_modules/router/index.js:340:13)
      at node_modules/router/index.js:297:9
      at processParams (node_modules/router/index.js:582:12)
      at next (node_modules/router/index.js:291:5)
      at node_modules/router/index.js:688:15
      at next (node_modules/router/index.js:276:14)
      at next (node_modules/router/lib/route.js:132:14)
      at next (src/controllers/sponsorshipController.js:169:3)

    console.error
      ERROR ≡ƒÆÑ: {
        message: 'Meal not found',
        statusCode: 404,
        stack: undefined,
        timestamp: '2026-03-03T08:23:43.844Z',
        path: '/sponsorships/meals/99999',
        method: 'GET'
      }

    [0m [90m 18 |[39m 		err[33m.[39mcode [33m||[39m 
(err[33m.[39mstatusCode [33m===[39m [35m500[39m [33m?[39m 
[32m"INTERNAL_ERROR"[39m [33m:[39m [32m"UNKNOWN_ERROR"[39m)[33m;[39m
     [90m 19 |[39m
    [31m[1m>[22m[39m[90m 20 |[39m 	console[33m.[39merror([32m"ERROR 
≡ƒÆÑ:"[39m[33m,[39m {
     [90m    |[39m 	        [31m[1m^[22m[39m
     [90m 21 |[39m 		message[33m:[39m err[33m.[39mmessage[33m,[39m
     [90m 22 |[39m 		statusCode[33m:[39m 
err[33m.[39mstatusCode[33m,[39m
     [90m 23 |[39m 		stack[33m:[39m 
process[33m.[39menv[33m.[39m[33mNODE_ENV[39m [33m===[39m 
[32m"development"[39m [33m?[39m err[33m.[39mstack [33m:[39m 
undefined[33m,[39m[0m

      at error (src/middleware/errorHandler.js:20:10)
      at Layer.handleError (node_modules/router/lib/layer.js:116:17)
      at trimPrefix (node_modules/router/index.js:340:13)
      at node_modules/router/index.js:297:9
      at processParams (node_modules/router/index.js:582:12)
      at next (node_modules/router/index.js:291:5)
      at next (src/middleware/errorHandler.js:181:2)
      at Layer.handleError (node_modules/router/lib/layer.js:116:17)
      at trimPrefix (node_modules/router/index.js:340:13)
      at node_modules/router/index.js:297:9
      at processParams (node_modules/router/index.js:582:12)
      at next (node_modules/router/index.js:291:5)
      at Layer.handleError (node_modules/router/lib/layer.js:111:12)
      at trimPrefix (node_modules/router/index.js:340:13)
      at node_modules/router/index.js:297:9
      at processParams (node_modules/router/index.js:582:12)
      at next (node_modules/router/index.js:291:5)
      at node_modules/router/index.js:688:15
      at next (node_modules/router/index.js:276:14)
      at next (node_modules/router/lib/route.js:132:14)
      at next (src/controllers/sponsorshipController.js:169:3)

    console.error
      ERROR ≡ƒÆÑ: {
        message: 'Invalid mealId. Must be a positive integer.',
        statusCode: 400,
        stack: undefined,
        timestamp: '2026-03-03T08:23:43.860Z',
        path: '/sponsorships/meals/invalid',
        method: 'GET'
      }

    [0m [90m 18 |[39m 		err[33m.[39mcode [33m||[39m 
(err[33m.[39mstatusCode [33m===[39m [35m500[39m [33m?[39m 
[32m"INTERNAL_ERROR"[39m [33m:[39m [32m"UNKNOWN_ERROR"[39m)[33m;[39m
     [90m 19 |[39m
    [31m[1m>[22m[39m[90m 20 |[39m 	console[33m.[39merror([32m"ERROR 
≡ƒÆÑ:"[39m[33m,[39m {
     [90m    |[39m 	        [31m[1m^[22m[39m
     [90m 21 |[39m 		message[33m:[39m err[33m.[39mmessage[33m,[39m
     [90m 22 |[39m 		statusCode[33m:[39m 
err[33m.[39mstatusCode[33m,[39m
     [90m 23 |[39m 		stack[33m:[39m 
process[33m.[39menv[33m.[39m[33mNODE_ENV[39m [33m===[39m 
[32m"development"[39m [33m?[39m err[33m.[39mstack [33m:[39m 
undefined[33m,[39m[0m

      at error (src/middleware/errorHandler.js:20:10)
      at Layer.handleError (node_modules/router/lib/layer.js:116:17)
      at trimPrefix (node_modules/router/index.js:340:13)
      at node_modules/router/index.js:297:9
      at processParams (node_modules/router/index.js:582:12)
      at next (node_modules/router/index.js:291:5)
      at next (src/middleware/errorHandler.js:181:2)
      at Layer.handleError (node_modules/router/lib/layer.js:116:17)
      at trimPrefix (node_modules/router/index.js:340:13)
      at node_modules/router/index.js:297:9
      at processParams (node_modules/router/index.js:582:12)
      at next (node_modules/router/index.js:291:5)
      at Layer.handleError (node_modules/router/lib/layer.js:111:12)
      at trimPrefix (node_modules/router/index.js:340:13)
      at node_modules/router/index.js:297:9
      at processParams (node_modules/router/index.js:582:12)
      at next (node_modules/router/index.js:291:5)
      at node_modules/router/index.js:688:15
      at next (node_modules/router/index.js:276:14)
      at next (node_modules/router/lib/route.js:132:14)
      at Layer.handleError (node_modules/router/lib/layer.js:111:12)
      at next (node_modules/router/lib/route.js:155:13)
      at next (src/middleware/validate.js:215:10)
      at Layer.handleRequest (node_modules/router/lib/layer.js:152:17)
      at next (node_modules/router/lib/route.js:157:13)
      at Route.dispatch (node_modules/router/lib/route.js:117:3)
      at handle (node_modules/router/index.js:435:11)
      at Layer.handleRequest (node_modules/router/lib/layer.js:152:17)
      at node_modules/router/index.js:295:15
      at param (node_modules/router/index.js:600:14)
      at param (node_modules/router/index.js:610:14)
      at processParams (node_modules/router/index.js:664:3)
      at next (node_modules/router/index.js:291:5)
      at router.handle (node_modules/router/index.js:186:3)
      at router (node_modules/router/index.js:60:12)
      at Layer.handleRequest (node_modules/router/lib/layer.js:152:17)
      at trimPrefix (node_modules/router/index.js:342:13)
      at node_modules/router/index.js:297:9
      at processParams (node_modules/router/index.js:582:12)
      at next (node_modules/router/index.js:291:5)
      at next (src/middleware/requestGuards.js:69:2)
      at Layer.handleRequest (node_modules/router/lib/layer.js:152:17)
      at trimPrefix (node_modules/router/index.js:342:13)
      at node_modules/router/index.js:297:9
      at processParams (node_modules/router/index.js:582:12)
      at next (node_modules/router/index.js:291:5)
      at node_modules/express-rate-limit/dist/index.cjs:942:7
      at node_modules/express-rate-limit/dist/index.cjs:825:5

    console.error
      ERROR ≡ƒÆÑ: {
        message: 'Meal not found',
        statusCode: 404,
        stack: undefined,
        timestamp: '2026-03-03T08:23:43.882Z',
        path: '/sponsorships/meals/101',
        method: 'GET'
      }

    [0m [90m 18 |[39m 		err[33m.[39mcode [33m||[39m 
(err[33m.[39mstatusCode [33m===[39m [35m500[39m [33m?[39m 
[32m"INTERNAL_ERROR"[39m [33m:[39m [32m"UNKNOWN_ERROR"[39m)[33m;[39m
     [90m 19 |[39m
    [31m[1m>[22m[39m[90m 20 |[39m 	console[33m.[39merror([32m"ERROR 
≡ƒÆÑ:"[39m[33m,[39m {
     [90m    |[39m 	        [31m[1m^[22m[39m
     [90m 21 |[39m 		message[33m:[39m err[33m.[39mmessage[33m,[39m
     [90m 22 |[39m 		statusCode[33m:[39m 
err[33m.[39mstatusCode[33m,[39m
     [90m 23 |[39m 		stack[33m:[39m 
process[33m.[39menv[33m.[39m[33mNODE_ENV[39m [33m===[39m 
[32m"development"[39m [33m?[39m err[33m.[39mstack [33m:[39m 
undefined[33m,[39m[0m

      at error (src/middleware/errorHandler.js:20:10)
      at Layer.handleError (node_modules/router/lib/layer.js:116:17)
      at trimPrefix (node_modules/router/index.js:340:13)
      at node_modules/router/index.js:297:9
      at processParams (node_modules/router/index.js:582:12)
      at next (node_modules/router/index.js:291:5)
      at next (src/middleware/errorHandler.js:181:2)
      at Layer.handleError (node_modules/router/lib/layer.js:116:17)
      at trimPrefix (node_modules/router/index.js:340:13)
      at node_modules/router/index.js:297:9
      at processParams (node_modules/router/index.js:582:12)
      at next (node_modules/router/index.js:291:5)
      at Layer.handleError (node_modules/router/lib/layer.js:111:12)
      at trimPrefix (node_modules/router/index.js:340:13)
      at node_modules/router/index.js:297:9
      at processParams (node_modules/router/index.js:582:12)
      at next (node_modules/router/index.js:291:5)
      at node_modules/router/index.js:688:15
      at next (node_modules/router/index.js:276:14)
      at next (node_modules/router/lib/route.js:132:14)
      at next (src/controllers/sponsorshipController.js:169:3)

    console.error
      ERROR ≡ƒÆÑ: {
        message: 'NGO not found',
        statusCode: 404,
        stack: undefined,
        timestamp: '2026-03-03T08:23:43.949Z',
        path: '/sponsorships/ngos/99999',
        method: 'GET'
      }

    [0m [90m 18 |[39m 		err[33m.[39mcode [33m||[39m 
(err[33m.[39mstatusCode [33m===[39m [35m500[39m [33m?[39m 
[32m"INTERNAL_ERROR"[39m [33m:[39m [32m"UNKNOWN_ERROR"[39m)[33m;[39m
     [90m 19 |[39m
    [31m[1m>[22m[39m[90m 20 |[39m 	console[33m.[39merror([32m"ERROR 
≡ƒÆÑ:"[39m[33m,[39m {
     [90m    |[39m 	        [31m[1m^[22m[39m
     [90m 21 |[39m 		message[33m:[39m err[33m.[39mmessage[33m,[39m
     [90m 22 |[39m 		statusCode[33m:[39m 
err[33m.[39mstatusCode[33m,[39m
     [90m 23 |[39m 		stack[33m:[39m 
process[33m.[39menv[33m.[39m[33mNODE_ENV[39m [33m===[39m 
[32m"development"[39m [33m?[39m err[33m.[39mstack [33m:[39m 
undefined[33m,[39m[0m

      at error (src/middleware/errorHandler.js:20:10)
      at Layer.handleError (node_modules/router/lib/layer.js:116:17)
      at trimPrefix (node_modules/router/index.js:340:13)
      at node_modules/router/index.js:297:9
      at processParams (node_modules/router/index.js:582:12)
      at next (node_modules/router/index.js:291:5)
      at next (src/middleware/errorHandler.js:181:2)
      at Layer.handleError (node_modules/router/lib/layer.js:116:17)
      at trimPrefix (node_modules/router/index.js:340:13)
      at node_modules/router/index.js:297:9
      at processParams (node_modules/router/index.js:582:12)
      at next (node_modules/router/index.js:291:5)
      at Layer.handleError (node_modules/router/lib/layer.js:111:12)
      at trimPrefix (node_modules/router/index.js:340:13)
      at node_modules/router/index.js:297:9
      at processParams (node_modules/router/index.js:582:12)
      at Immediate.next (node_modules/router/index.js:291:5)
      at Immediate._onImmediate (node_modules/router/index.js:688:15)

    console.error
      ERROR ≡ƒÆÑ: {
        message: 'Invalid ngoId. Must be a positive integer.',
        statusCode: 400,
        stack: undefined,
        timestamp: '2026-03-03T08:23:43.970Z',
        path: '/sponsorships/ngos/invalid',
        method: 'GET'
      }

    [0m [90m 18 |[39m 		err[33m.[39mcode [33m||[39m 
(err[33m.[39mstatusCode [33m===[39m [35m500[39m [33m?[39m 
[32m"INTERNAL_ERROR"[39m [33m:[39m [32m"UNKNOWN_ERROR"[39m)[33m;[39m
     [90m 19 |[39m
    [31m[1m>[22m[39m[90m 20 |[39m 	console[33m.[39merror([32m"ERROR 
≡ƒÆÑ:"[39m[33m,[39m {
     [90m    |[39m 	        [31m[1m^[22m[39m
     [90m 21 |[39m 		message[33m:[39m err[33m.[39mmessage[33m,[39m
     [90m 22 |[39m 		statusCode[33m:[39m 
err[33m.[39mstatusCode[33m,[39m
     [90m 23 |[39m 		stack[33m:[39m 
process[33m.[39menv[33m.[39m[33mNODE_ENV[39m [33m===[39m 
[32m"development"[39m [33m?[39m err[33m.[39mstack [33m:[39m 
undefined[33m,[39m[0m

      at error (src/middleware/errorHandler.js:20:10)
      at Layer.handleError (node_modules/router/lib/layer.js:116:17)
      at trimPrefix (node_modules/router/index.js:340:13)
      at node_modules/router/index.js:297:9
      at processParams (node_modules/router/index.js:582:12)
      at next (node_modules/router/index.js:291:5)
      at next (src/middleware/errorHandler.js:181:2)
      at Layer.handleError (node_modules/router/lib/layer.js:116:17)
      at trimPrefix (node_modules/router/index.js:340:13)
      at node_modules/router/index.js:297:9
      at processParams (node_modules/router/index.js:582:12)
      at next (node_modules/router/index.js:291:5)
      at Layer.handleError (node_modules/router/lib/layer.js:111:12)
      at trimPrefix (node_modules/router/index.js:340:13)
      at node_modules/router/index.js:297:9
      at processParams (node_modules/router/index.js:582:12)
      at Immediate.next (node_modules/router/index.js:291:5)
      at Immediate._onImmediate (node_modules/router/index.js:688:15)

    console.error
      ERROR ≡ƒÆÑ: {
        message: 'NGO not found',
        statusCode: 404,
        stack: undefined,
        timestamp: '2026-03-03T08:23:43.987Z',
        path: '/sponsorships/ngos/1',
        method: 'GET'
      }

    [0m [90m 18 |[39m 		err[33m.[39mcode [33m||[39m 
(err[33m.[39mstatusCode [33m===[39m [35m500[39m [33m?[39m 
[32m"INTERNAL_ERROR"[39m [33m:[39m [32m"UNKNOWN_ERROR"[39m)[33m;[39m
     [90m 19 |[39m
    [31m[1m>[22m[39m[90m 20 |[39m 	console[33m.[39merror([32m"ERROR 
≡ƒÆÑ:"[39m[33m,[39m {
     [90m    |[39m 	        [31m[1m^[22m[39m
     [90m 21 |[39m 		message[33m:[39m err[33m.[39mmessage[33m,[39m
     [90m 22 |[39m 		statusCode[33m:[39m 
err[33m.[39mstatusCode[33m,[39m
     [90m 23 |[39m 		stack[33m:[39m 
process[33m.[39menv[33m.[39m[33mNODE_ENV[39m [33m===[39m 
[32m"development"[39m [33m?[39m err[33m.[39mstack [33m:[39m 
undefined[33m,[39m[0m

      at error (src/middleware/errorHandler.js:20:10)
      at Layer.handleError (node_modules/router/lib/layer.js:116:17)
      at trimPrefix (node_modules/router/index.js:340:13)
      at node_modules/router/index.js:297:9
      at processParams (node_modules/router/index.js:582:12)
      at next (node_modules/router/index.js:291:5)
      at next (src/middleware/errorHandler.js:181:2)
      at Layer.handleError (node_modules/router/lib/layer.js:116:17)
      at trimPrefix (node_modules/router/index.js:340:13)
      at node_modules/router/index.js:297:9
      at processParams (node_modules/router/index.js:582:12)
      at next (node_modules/router/index.js:291:5)
      at Layer.handleError (node_modules/router/lib/layer.js:111:12)
      at trimPrefix (node_modules/router/index.js:340:13)
      at node_modules/router/index.js:297:9
      at processParams (node_modules/router/index.js:582:12)
      at Immediate.next (node_modules/router/index.js:291:5)
      at Immediate._onImmediate (node_modules/router/index.js:688:15)

    console.error
      ERROR ≡ƒÆÑ: {
        message: 'Sponsor not found',
        statusCode: 404,
        stack: undefined,
        timestamp: '2026-03-03T08:23:44.033Z',
        path: '/sponsorships/sponsors/99999',
        method: 'GET'
      }

    [0m [90m 18 |[39m 		err[33m.[39mcode [33m||[39m 
(err[33m.[39mstatusCode [33m===[39m [35m500[39m [33m?[39m 
[32m"INTERNAL_ERROR"[39m [33m:[39m [32m"UNKNOWN_ERROR"[39m)[33m;[39m
     [90m 19 |[39m
    [31m[1m>[22m[39m[90m 20 |[39m 	console[33m.[39merror([32m"ERROR 
≡ƒÆÑ:"[39m[33m,[39m {
     [90m    |[39m 	        [31m[1m^[22m[39m
     [90m 21 |[39m 		message[33m:[39m err[33m.[39mmessage[33m,[39m
     [90m 22 |[39m 		statusCode[33m:[39m 
err[33m.[39mstatusCode[33m,[39m
     [90m 23 |[39m 		stack[33m:[39m 
process[33m.[39menv[33m.[39m[33mNODE_ENV[39m [33m===[39m 
[32m"development"[39m [33m?[39m err[33m.[39mstack [33m:[39m 
undefined[33m,[39m[0m

      at error (src/middleware/errorHandler.js:20:10)
      at Layer.handleError (node_modules/router/lib/layer.js:116:17)
      at trimPrefix (node_modules/router/index.js:340:13)
      at node_modules/router/index.js:297:9
      at processParams (node_modules/router/index.js:582:12)
      at next (node_modules/router/index.js:291:5)
      at next (src/middleware/errorHandler.js:181:2)
      at Layer.handleError (node_modules/router/lib/layer.js:116:17)
      at trimPrefix (node_modules/router/index.js:340:13)
      at node_modules/router/index.js:297:9
      at processParams (node_modules/router/index.js:582:12)
      at next (node_modules/router/index.js:291:5)
      at Layer.handleError (node_modules/router/lib/layer.js:111:12)
      at trimPrefix (node_modules/router/index.js:340:13)
      at node_modules/router/index.js:297:9
      at processParams (node_modules/router/index.js:582:12)
      at next (node_modules/router/index.js:291:5)
      at node_modules/router/index.js:688:15
      at next (node_modules/router/index.js:276:14)
      at next (node_modules/router/lib/route.js:132:14)
      at next (src/controllers/sponsorshipController.js:294:3)

    console.error
      ERROR ≡ƒÆÑ: {
        message: 'Invalid sponsorId. Must be a positive integer.',
        statusCode: 400,
        stack: undefined,
        timestamp: '2026-03-03T08:23:44.048Z',
        path: '/sponsorships/sponsors/invalid',
        method: 'GET'
      }

    [0m [90m 18 |[39m 		err[33m.[39mcode [33m||[39m 
(err[33m.[39mstatusCode [33m===[39m [35m500[39m [33m?[39m 
[32m"INTERNAL_ERROR"[39m [33m:[39m [32m"UNKNOWN_ERROR"[39m)[33m;[39m
     [90m 19 |[39m
    [31m[1m>[22m[39m[90m 20 |[39m 	console[33m.[39merror([32m"ERROR 
≡ƒÆÑ:"[39m[33m,[39m {
     [90m    |[39m 	        [31m[1m^[22m[39m
     [90m 21 |[39m 		message[33m:[39m err[33m.[39mmessage[33m,[39m
     [90m 22 |[39m 		statusCode[33m:[39m 
err[33m.[39mstatusCode[33m,[39m
     [90m 23 |[39m 		stack[33m:[39m 
process[33m.[39menv[33m.[39m[33mNODE_ENV[39m [33m===[39m 
[32m"development"[39m [33m?[39m err[33m.[39mstack [33m:[39m 
undefined[33m,[39m[0m

      at error (src/middleware/errorHandler.js:20:10)
      at Layer.handleError (node_modules/router/lib/layer.js:116:17)
      at trimPrefix (node_modules/router/index.js:340:13)
      at node_modules/router/index.js:297:9
      at processParams (node_modules/router/index.js:582:12)
      at next (node_modules/router/index.js:291:5)
      at next (src/middleware/errorHandler.js:181:2)
      at Layer.handleError (node_modules/router/lib/layer.js:116:17)
      at trimPrefix (node_modules/router/index.js:340:13)
      at node_modules/router/index.js:297:9
      at processParams (node_modules/router/index.js:582:12)
      at next (node_modules/router/index.js:291:5)
      at Layer.handleError (node_modules/router/lib/layer.js:111:12)
      at trimPrefix (node_modules/router/index.js:340:13)
      at node_modules/router/index.js:297:9
      at processParams (node_modules/router/index.js:582:12)
      at next (node_modules/router/index.js:291:5)
      at node_modules/router/index.js:688:15
      at next (node_modules/router/index.js:276:14)
      at next (node_modules/router/lib/route.js:132:14)
      at Layer.handleError (node_modules/router/lib/layer.js:111:12)
      at next (node_modules/router/lib/route.js:155:13)
      at next (src/middleware/validate.js:215:10)
      at Layer.handleRequest (node_modules/router/lib/layer.js:152:17)
      at next (node_modules/router/lib/route.js:157:13)
      at Route.dispatch (node_modules/router/lib/route.js:117:3)
      at handle (node_modules/router/index.js:435:11)
      at Layer.handleRequest (node_modules/router/lib/layer.js:152:17)
      at node_modules/router/index.js:295:15
      at param (node_modules/router/index.js:600:14)
      at param (node_modules/router/index.js:610:14)
      at processParams (node_modules/router/index.js:664:3)
      at next (node_modules/router/index.js:291:5)
      at router.handle (node_modules/router/index.js:186:3)
      at router (node_modules/router/index.js:60:12)
      at Layer.handleRequest (node_modules/router/lib/layer.js:152:17)
      at trimPrefix (node_modules/router/index.js:342:13)
      at node_modules/router/index.js:297:9
      at processParams (node_modules/router/index.js:582:12)
      at next (node_modules/router/index.js:291:5)
      at next (src/middleware/requestGuards.js:69:2)
      at Layer.handleRequest (node_modules/router/lib/layer.js:152:17)
      at trimPrefix (node_modules/router/index.js:342:13)
      at node_modules/router/index.js:297:9
      at processParams (node_modules/router/index.js:582:12)
      at next (node_modules/router/index.js:291:5)
      at node_modules/express-rate-limit/dist/index.cjs:942:7
      at node_modules/express-rate-limit/dist/index.cjs:825:5

    console.error
      ERROR ≡ƒÆÑ: {
        message: 'Access denied - insufficient permissions',
        statusCode: 403,
        stack: undefined,
        timestamp: '2026-03-03T08:23:44.106Z',
        path: '/sponsorships',
        method: 'POST'
      }

    [0m [90m 18 |[39m 		err[33m.[39mcode [33m||[39m 
(err[33m.[39mstatusCode [33m===[39m [35m500[39m [33m?[39m 
[32m"INTERNAL_ERROR"[39m [33m:[39m [32m"UNKNOWN_ERROR"[39m)[33m;[39m
     [90m 19 |[39m
    [31m[1m>[22m[39m[90m 20 |[39m 	console[33m.[39merror([32m"ERROR 
≡ƒÆÑ:"[39m[33m,[39m {
     [90m    |[39m 	        [31m[1m^[22m[39m
     [90m 21 |[39m 		message[33m:[39m err[33m.[39mmessage[33m,[39m
     [90m 22 |[39m 		statusCode[33m:[39m 
err[33m.[39mstatusCode[33m,[39m
     [90m 23 |[39m 		stack[33m:[39m 
process[33m.[39menv[33m.[39m[33mNODE_ENV[39m [33m===[39m 
[32m"development"[39m [33m?[39m err[33m.[39mstack [33m:[39m 
undefined[33m,[39m[0m

      at error (src/middleware/errorHandler.js:20:10)
      at Layer.handleError (node_modules/router/lib/layer.js:116:17)
      at trimPrefix (node_modules/router/index.js:340:13)
      at node_modules/router/index.js:297:9
      at processParams (node_modules/router/index.js:582:12)
      at next (node_modules/router/index.js:291:5)
      at next (src/middleware/errorHandler.js:181:2)
      at Layer.handleError (node_modules/router/lib/layer.js:116:17)
      at trimPrefix (node_modules/router/index.js:340:13)
      at node_modules/router/index.js:297:9
      at processParams (node_modules/router/index.js:582:12)
      at next (node_modules/router/index.js:291:5)
      at Layer.handleError (node_modules/router/lib/layer.js:111:12)
      at trimPrefix (node_modules/router/index.js:340:13)
      at node_modules/router/index.js:297:9
      at processParams (node_modules/router/index.js:582:12)
      at next (node_modules/router/index.js:291:5)
      at node_modules/router/index.js:688:15
      at next (node_modules/router/index.js:276:14)
      at next (node_modules/router/lib/route.js:132:14)
      at Layer.handleError (node_modules/router/lib/layer.js:111:12)
      at next (node_modules/router/lib/route.js:155:13)
      at next (src/middleware/auth.js:40:11)
      at Layer.handleRequest (node_modules/router/lib/layer.js:152:17)
      at next (node_modules/router/lib/route.js:157:13)
      at next (src/middleware/auth.js:31:2)

    console.error
      ERROR ≡ƒÆÑ: {
        message: 'Access denied - insufficient permissions',
        statusCode: 403,
        stack: undefined,
        timestamp: '2026-03-03T08:23:44.124Z',
        path: '/sponsorships',
        method: 'POST'
      }

    [0m [90m 18 |[39m 		err[33m.[39mcode [33m||[39m 
(err[33m.[39mstatusCode [33m===[39m [35m500[39m [33m?[39m 
[32m"INTERNAL_ERROR"[39m [33m:[39m [32m"UNKNOWN_ERROR"[39m)[33m;[39m
     [90m 19 |[39m
    [31m[1m>[22m[39m[90m 20 |[39m 	console[33m.[39merror([32m"ERROR 
≡ƒÆÑ:"[39m[33m,[39m {
     [90m    |[39m 	        [31m[1m^[22m[39m
     [90m 21 |[39m 		message[33m:[39m err[33m.[39mmessage[33m,[39m
     [90m 22 |[39m 		statusCode[33m:[39m 
err[33m.[39mstatusCode[33m,[39m
     [90m 23 |[39m 		stack[33m:[39m 
process[33m.[39menv[33m.[39m[33mNODE_ENV[39m [33m===[39m 
[32m"development"[39m [33m?[39m err[33m.[39mstack [33m:[39m 
undefined[33m,[39m[0m

      at error (src/middleware/errorHandler.js:20:10)
      at Layer.handleError (node_modules/router/lib/layer.js:116:17)
      at trimPrefix (node_modules/router/index.js:340:13)
      at node_modules/router/index.js:297:9
      at processParams (node_modules/router/index.js:582:12)
      at next (node_modules/router/index.js:291:5)
      at next (src/middleware/errorHandler.js:181:2)
      at Layer.handleError (node_modules/router/lib/layer.js:116:17)
      at trimPrefix (node_modules/router/index.js:340:13)
      at node_modules/router/index.js:297:9
      at processParams (node_modules/router/index.js:582:12)
      at next (node_modules/router/index.js:291:5)
      at Layer.handleError (node_modules/router/lib/layer.js:111:12)
      at trimPrefix (node_modules/router/index.js:340:13)
      at node_modules/router/index.js:297:9
      at processParams (node_modules/router/index.js:582:12)
      at next (node_modules/router/index.js:291:5)
      at node_modules/router/index.js:688:15
      at next (node_modules/router/index.js:276:14)
      at next (node_modules/router/lib/route.js:132:14)
      at Layer.handleError (node_modules/router/lib/layer.js:111:12)
      at next (node_modules/router/lib/route.js:155:13)
      at next (src/middleware/auth.js:40:11)
      at Layer.handleRequest (node_modules/router/lib/layer.js:152:17)
      at next (node_modules/router/lib/route.js:157:13)
      at next (src/middleware/auth.js:31:2)

    console.error
      ERROR ≡ƒÆÑ: {
        message: 'Access denied - insufficient permissions',
        statusCode: 403,
        stack: undefined,
        timestamp: '2026-03-03T08:23:44.140Z',
        path: '/sponsorships/my',
        method: 'GET'
      }

    [0m [90m 18 |[39m 		err[33m.[39mcode [33m||[39m 
(err[33m.[39mstatusCode [33m===[39m [35m500[39m [33m?[39m 
[32m"INTERNAL_ERROR"[39m [33m:[39m [32m"UNKNOWN_ERROR"[39m)[33m;[39m
     [90m 19 |[39m
    [31m[1m>[22m[39m[90m 20 |[39m 	console[33m.[39merror([32m"ERROR 
≡ƒÆÑ:"[39m[33m,[39m {
     [90m    |[39m 	        [31m[1m^[22m[39m
     [90m 21 |[39m 		message[33m:[39m err[33m.[39mmessage[33m,[39m
     [90m 22 |[39m 		statusCode[33m:[39m 
err[33m.[39mstatusCode[33m,[39m
     [90m 23 |[39m 		stack[33m:[39m 
process[33m.[39menv[33m.[39m[33mNODE_ENV[39m [33m===[39m 
[32m"development"[39m [33m?[39m err[33m.[39mstack [33m:[39m 
undefined[33m,[39m[0m

      at error (src/middleware/errorHandler.js:20:10)
      at Layer.handleError (node_modules/router/lib/layer.js:116:17)
      at trimPrefix (node_modules/router/index.js:340:13)
      at node_modules/router/index.js:297:9
      at processParams (node_modules/router/index.js:582:12)
      at next (node_modules/router/index.js:291:5)
      at next (src/middleware/errorHandler.js:181:2)
      at Layer.handleError (node_modules/router/lib/layer.js:116:17)
      at trimPrefix (node_modules/router/index.js:340:13)
      at node_modules/router/index.js:297:9
      at processParams (node_modules/router/index.js:582:12)
      at next (node_modules/router/index.js:291:5)
      at Layer.handleError (node_modules/router/lib/layer.js:111:12)
      at trimPrefix (node_modules/router/index.js:340:13)
      at node_modules/router/index.js:297:9
      at processParams (node_modules/router/index.js:582:12)
      at next (node_modules/router/index.js:291:5)
      at node_modules/router/index.js:688:15
      at next (node_modules/router/index.js:276:14)
      at next (node_modules/router/lib/route.js:132:14)
      at Layer.handleError (node_modules/router/lib/layer.js:111:12)
      at next (node_modules/router/lib/route.js:155:13)
      at next (src/middleware/auth.js:40:11)
      at Layer.handleRequest (node_modules/router/lib/layer.js:152:17)
      at next (node_modules/router/lib/route.js:157:13)
      at next (src/middleware/auth.js:31:2)

    console.error
      ERROR ≡ƒÆÑ: {
        message: 'Access denied - insufficient permissions',
        statusCode: 403,
        stack: undefined,
        timestamp: '2026-03-03T08:23:44.156Z',
        path: '/sponsorships/impact',
        method: 'GET'
      }

    [0m [90m 18 |[39m 		err[33m.[39mcode [33m||[39m 
(err[33m.[39mstatusCode [33m===[39m [35m500[39m [33m?[39m 
[32m"INTERNAL_ERROR"[39m [33m:[39m [32m"UNKNOWN_ERROR"[39m)[33m;[39m
     [90m 19 |[39m
    [31m[1m>[22m[39m[90m 20 |[39m 	console[33m.[39merror([32m"ERROR 
≡ƒÆÑ:"[39m[33m,[39m {
     [90m    |[39m 	        [31m[1m^[22m[39m
     [90m 21 |[39m 		message[33m:[39m err[33m.[39mmessage[33m,[39m
     [90m 22 |[39m 		statusCode[33m:[39m 
err[33m.[39mstatusCode[33m,[39m
     [90m 23 |[39m 		stack[33m:[39m 
process[33m.[39menv[33m.[39m[33mNODE_ENV[39m [33m===[39m 
[32m"development"[39m [33m?[39m err[33m.[39mstack [33m:[39m 
undefined[33m,[39m[0m

      at error (src/middleware/errorHandler.js:20:10)
      at Layer.handleError (node_modules/router/lib/layer.js:116:17)
      at trimPrefix (node_modules/router/index.js:340:13)
      at node_modules/router/index.js:297:9
      at processParams (node_modules/router/index.js:582:12)
      at next (node_modules/router/index.js:291:5)
      at next (src/middleware/errorHandler.js:181:2)
      at Layer.handleError (node_modules/router/lib/layer.js:116:17)
      at trimPrefix (node_modules/router/index.js:340:13)
      at node_modules/router/index.js:297:9
      at processParams (node_modules/router/index.js:582:12)
      at next (node_modules/router/index.js:291:5)
      at Layer.handleError (node_modules/router/lib/layer.js:111:12)
      at trimPrefix (node_modules/router/index.js:340:13)
      at node_modules/router/index.js:297:9
      at processParams (node_modules/router/index.js:582:12)
      at next (node_modules/router/index.js:291:5)
      at node_modules/router/index.js:688:15
      at next (node_modules/router/index.js:276:14)
      at next (node_modules/router/lib/route.js:132:14)
      at Layer.handleError (node_modules/router/lib/layer.js:111:12)
      at next (node_modules/router/lib/route.js:155:13)
      at next (src/middleware/auth.js:40:11)
      at Layer.handleRequest (node_modules/router/lib/layer.js:152:17)
      at next (node_modules/router/lib/route.js:157:13)
      at next (src/middleware/auth.js:31:2)

  ΓùÅ Sponsorship Endpoints ΓÇ║ POST /sponsorships ΓÇ║ Should create 
sponsorship for an NGO

    expect(received).toBe(expected) // Object.is equality

    Expected: 201
    Received: 404

    [0m [90m 236 |[39m 				})[33m;[39m
     [90m 237 |[39m
    [31m[1m>[22m[39m[90m 238 |[39m 			
expect(response[33m.[39mstatus)[33m.[39mtoBe([35m201[39m)[33m;[39m
     [90m     |[39m 			                        [31m[1m^[22m[39m
     [90m 239 |[39m 			expect(response[33m.[39mbody)[33m.[39mtoHaveProper
ty([32m"sponsorshipId"[39m)[33m;[39m
     [90m 240 |[39m 			expect(response[33m.[39mbody[33m.[39mngo_id)[33m.
[39mtoBe(ngoUserId)[33m;[39m
     [90m 241 |[39m 		})[33m;[39m[0m

      at Object.toBe (tests/sponsorships.test.js:238:28)

  ΓùÅ Sponsorship Endpoints ΓÇ║ GET /sponsorships/meals/:mealId ΓÇ║ Should get 
all sponsors for a meal

    expect(received).toBe(expected) // Object.is equality

    Expected: 200
    Received: 404

    [0m [90m 429 |[39m 			)[33m;[39m
     [90m 430 |[39m
    [31m[1m>[22m[39m[90m 431 |[39m 			
expect(response[33m.[39mstatus)[33m.[39mtoBe([35m200[39m)[33m;[39m
     [90m     |[39m 			                        [31m[1m^[22m[39m
     [90m 432 |[39m 			expect(response[33m.[39mbody)[33m.[39mtoHaveProper
ty([32m"sponsors"[39m)[33m;[39m
     [90m 433 |[39m 			expect(response[33m.[39mbody)[33m.[39mtoHaveProper
ty([32m"meal"[39m)[33m;[39m
     [90m 434 |[39m 			expect(response[33m.[39mbody)[33m.[39mtoHaveProper
ty([32m"totalSponsored"[39m)[33m;[39m[0m

      at Object.toBe (tests/sponsorships.test.js:431:28)

  ΓùÅ Sponsorship Endpoints ΓÇ║ GET /sponsorships/meals/:mealId ΓÇ║ Should 
include correct total sponsored amount

    expect(received).toBe(expected) // Object.is equality

    Expected: 200
    Received: 404

    [0m [90m 441 |[39m 			)[33m;[39m
     [90m 442 |[39m
    [31m[1m>[22m[39m[90m 443 |[39m 			
expect(response[33m.[39mstatus)[33m.[39mtoBe([35m200[39m)[33m;[39m
     [90m     |[39m 			                        [31m[1m^[22m[39m
     [90m 444 |[39m 			
     [90m 445 |[39m 			expect(response[33m.[39mbody[33m.[39mtotalSponsore
d)[33m.[39mtoBeGreaterThanOrEqual([35m100[39m)[33m;[39m
     [90m 446 |[39m 		})[33m;[39m[0m

      at Object.toBe (tests/sponsorships.test.js:443:28)

  ΓùÅ Sponsorship Endpoints ΓÇ║ GET /sponsorships/meals/:mealId ΓÇ║ Should 
work without authentication

    expect(received).toBe(expected) // Object.is equality

    Expected: 200
    Received: 404

    [0m [90m 451 |[39m 			)[33m;[39m
     [90m 452 |[39m
    [31m[1m>[22m[39m[90m 453 |[39m 			
expect(response[33m.[39mstatus)[33m.[39mtoBe([35m200[39m)[33m;[39m
     [90m     |[39m 			                        [31m[1m^[22m[39m
     [90m 454 |[39m 		})[33m;[39m
     [90m 455 |[39m
     [90m 456 |[39m 		test([32m"Should fail with invalid meal 
ID"[39m[33m,[39m [36masync[39m () [33m=>[39m {[0m

      at Object.toBe (tests/sponsorships.test.js:453:28)

  ΓùÅ Sponsorship Endpoints ΓÇ║ GET /sponsorships/meals/:mealId ΓÇ║ Should 
return empty sponsors for meal with no sponsorships

    expect(received).toBe(expected) // Object.is equality

    Expected: 200
    Received: 404

    [0m [90m 473 |[39m 			)[33m;[39m
     [90m 474 |[39m
    [31m[1m>[22m[39m[90m 475 |[39m 			
expect(response[33m.[39mstatus)[33m.[39mtoBe([35m200[39m)[33m;[39m
     [90m     |[39m 			                        [31m[1m^[22m[39m
     [90m 476 |[39m 			expect(response[33m.[39mbody[33m.[39msponsors[33m
.[39mlength)[33m.[39mtoBe([35m0[39m)[33m;[39m
     [90m 477 |[39m 			expect(response[33m.[39mbody[33m.[39mtotalSponsore
d)[33m.[39mtoBe([35m0[39m)[33m;[39m
     [90m 478 |[39m 		})[33m;[39m[0m

      at Object.toBe (tests/sponsorships.test.js:475:28)

  ΓùÅ Sponsorship Endpoints ΓÇ║ GET /sponsorships/ngos/:ngoId ΓÇ║ Should 
include correct total sponsored amount for NGO

    expect(received).toBeGreaterThanOrEqual(expected)

    Expected: >= 500
    Received:    100

    [0m [90m 499 |[39m 			
expect(response[33m.[39mstatus)[33m.[39mtoBe([35m200[39m)[33m;[39m
     [90m 500 |[39m 			
    [31m[1m>[22m[39m[90m 501 |[39m 			expect(response[33m.[39mbody[33m
.[39mtotalSponsored)[33m.[39mtoBeGreaterThanOrEqual([35m500[39m)[33m;[39
m
     [90m     |[39m 			                                     
[31m[1m^[22m[39m
     [90m 502 |[39m 		})[33m;[39m
     [90m 503 |[39m
     [90m 504 |[39m 		test([32m"Should work without 
authentication"[39m[33m,[39m [36masync[39m () [33m=>[39m {[0m

      at Object.toBeGreaterThanOrEqual (tests/sponsorships.test.js:501:41)

(node:12432) Warning: `--localstorage-file` was provided without a valid path
PASS tests/auth.test.js (10.048 s)
  ΓùÅ Console

    console.log
      [dotenv@17.3.1] injecting env (5) from .env.test -- tip: ΓÜÖ∩╕Å  load 
multiple .env files with { path: ['.env.local', '.env'] }

      at _log (node_modules/dotenv/lib/main.js:139:11)

    console.log
      ≡ƒöì App DB_NAME: sharemeal_test

      at Object.log (src/app.js:5:9)

    console.log
      Γ£à ShareAMeal Backend Starting...

      at Object.log (src/app.js:32:9)

    console.log
      ≡ƒô¥ NODE_ENV: test

      at Object.log (src/app.js:33:9)

    console.log
      ≡ƒöù API_URL configured

      at Object.log (src/app.js:34:9)

    console.error
      ERROR ≡ƒÆÑ: {
        message: 'Missing required fields',
        statusCode: 400,
        stack: undefined,
        timestamp: '2026-03-03T08:23:43.733Z',
        path: '/auth/register',
        method: 'POST'
      }

    [0m [90m 18 |[39m 		err[33m.[39mcode [33m||[39m 
(err[33m.[39mstatusCode [33m===[39m [35m500[39m [33m?[39m 
[32m"INTERNAL_ERROR"[39m [33m:[39m [32m"UNKNOWN_ERROR"[39m)[33m;[39m
     [90m 19 |[39m
    [31m[1m>[22m[39m[90m 20 |[39m 	console[33m.[39merror([32m"ERROR 
≡ƒÆÑ:"[39m[33m,[39m {
     [90m    |[39m 	        [31m[1m^[22m[39m
     [90m 21 |[39m 		message[33m:[39m err[33m.[39mmessage[33m,[39m
     [90m 22 |[39m 		statusCode[33m:[39m 
err[33m.[39mstatusCode[33m,[39m
     [90m 23 |[39m 		stack[33m:[39m 
process[33m.[39menv[33m.[39m[33mNODE_ENV[39m [33m===[39m 
[32m"development"[39m [33m?[39m err[33m.[39mstack [33m:[39m 
undefined[33m,[39m[0m

      at error (src/middleware/errorHandler.js:20:10)
      at Layer.handleError (node_modules/router/lib/layer.js:116:17)
      at trimPrefix (node_modules/router/index.js:340:13)
      at node_modules/router/index.js:297:9
      at processParams (node_modules/router/index.js:582:12)
      at next (node_modules/router/index.js:291:5)
      at next (src/middleware/errorHandler.js:181:2)
      at Layer.handleError (node_modules/router/lib/layer.js:116:17)
      at trimPrefix (node_modules/router/index.js:340:13)
      at node_modules/router/index.js:297:9
      at processParams (node_modules/router/index.js:582:12)
      at next (node_modules/router/index.js:291:5)
      at Layer.handleError (node_modules/router/lib/layer.js:111:12)
      at trimPrefix (node_modules/router/index.js:340:13)
      at node_modules/router/index.js:297:9
      at processParams (node_modules/router/index.js:582:12)
      at next (node_modules/router/index.js:291:5)
      at node_modules/router/index.js:688:15
      at next (node_modules/router/index.js:276:14)
      at next (node_modules/router/lib/route.js:132:14)
      at Layer.handleError (node_modules/router/lib/layer.js:111:12)
      at next (node_modules/router/lib/route.js:155:13)
      at next (src/middleware/validate.js:33:10)
      at Layer.handleRequest (node_modules/router/lib/layer.js:152:17)
      at next (node_modules/router/lib/route.js:157:13)
      at next (src/middleware/validate.js:25:9)
      at Layer.handleRequest (node_modules/router/lib/layer.js:152:17)
      at next (node_modules/router/lib/route.js:157:13)
      at Route.dispatch (node_modules/router/lib/route.js:117:3)
      at handle (node_modules/router/index.js:435:11)
      at Layer.handleRequest (node_modules/router/lib/layer.js:152:17)
      at node_modules/router/index.js:295:15
      at processParams (node_modules/router/index.js:582:12)
      at next (node_modules/router/index.js:291:5)
      at router.handle (node_modules/router/index.js:186:3)
      at router (node_modules/router/index.js:60:12)
      at Layer.handleRequest (node_modules/router/lib/layer.js:152:17)
      at trimPrefix (node_modules/router/index.js:342:13)
      at node_modules/router/index.js:297:9
      at processParams (node_modules/router/index.js:582:12)
      at next (node_modules/router/index.js:291:5)
      at next (src/middleware/requestGuards.js:69:2)
      at Layer.handleRequest (node_modules/router/lib/layer.js:152:17)
      at trimPrefix (node_modules/router/index.js:342:13)
      at node_modules/router/index.js:297:9
      at processParams (node_modules/router/index.js:582:12)
      at next (node_modules/router/index.js:291:5)
      at node_modules/express-rate-limit/dist/index.cjs:942:7
      at node_modules/express-rate-limit/dist/index.cjs:825:5

    console.error
      ERROR ≡ƒÆÑ: {
        message: 'Invalid role. Allowed roles: sme, ngo, sponsor',
        statusCode: 400,
        stack: undefined,
        timestamp: '2026-03-03T08:23:43.791Z',
        path: '/auth/register',
        method: 'POST'
      }

    [0m [90m 18 |[39m 		err[33m.[39mcode [33m||[39m 
(err[33m.[39mstatusCode [33m===[39m [35m500[39m [33m?[39m 
[32m"INTERNAL_ERROR"[39m [33m:[39m [32m"UNKNOWN_ERROR"[39m)[33m;[39m
     [90m 19 |[39m
    [31m[1m>[22m[39m[90m 20 |[39m 	console[33m.[39merror([32m"ERROR 
≡ƒÆÑ:"[39m[33m,[39m {
     [90m    |[39m 	        [31m[1m^[22m[39m
     [90m 21 |[39m 		message[33m:[39m err[33m.[39mmessage[33m,[39m
     [90m 22 |[39m 		statusCode[33m:[39m 
err[33m.[39mstatusCode[33m,[39m
     [90m 23 |[39m 		stack[33m:[39m 
process[33m.[39menv[33m.[39m[33mNODE_ENV[39m [33m===[39m 
[32m"development"[39m [33m?[39m err[33m.[39mstack [33m:[39m 
undefined[33m,[39m[0m

      at error (src/middleware/errorHandler.js:20:10)
      at Layer.handleError (node_modules/router/lib/layer.js:116:17)
      at trimPrefix (node_modules/router/index.js:340:13)
      at node_modules/router/index.js:297:9
      at processParams (node_modules/router/index.js:582:12)
      at next (node_modules/router/index.js:291:5)
      at next (src/middleware/errorHandler.js:181:2)
      at Layer.handleError (node_modules/router/lib/layer.js:116:17)
      at trimPrefix (node_modules/router/index.js:340:13)
      at node_modules/router/index.js:297:9
      at processParams (node_modules/router/index.js:582:12)
      at next (node_modules/router/index.js:291:5)
      at Layer.handleError (node_modules/router/lib/layer.js:111:12)
      at trimPrefix (node_modules/router/index.js:340:13)
      at node_modules/router/index.js:297:9
      at processParams (node_modules/router/index.js:582:12)
      at next (node_modules/router/index.js:291:5)
      at node_modules/router/index.js:688:15
      at next (node_modules/router/index.js:276:14)
      at next (node_modules/router/lib/route.js:132:14)
      at Layer.handleError (node_modules/router/lib/layer.js:111:12)
      at next (node_modules/router/lib/route.js:155:13)
      at next (src/middleware/validate.js:71:10)
      at Layer.handleRequest (node_modules/router/lib/layer.js:152:17)
      at next (node_modules/router/lib/route.js:157:13)
      at next (src/middleware/validate.js:25:9)
      at Layer.handleRequest (node_modules/router/lib/layer.js:152:17)
      at next (node_modules/router/lib/route.js:157:13)
      at Route.dispatch (node_modules/router/lib/route.js:117:3)
      at handle (node_modules/router/index.js:435:11)
      at Layer.handleRequest (node_modules/router/lib/layer.js:152:17)
      at node_modules/router/index.js:295:15
      at processParams (node_modules/router/index.js:582:12)
      at next (node_modules/router/index.js:291:5)
      at router.handle (node_modules/router/index.js:186:3)
      at router (node_modules/router/index.js:60:12)
      at Layer.handleRequest (node_modules/router/lib/layer.js:152:17)
      at trimPrefix (node_modules/router/index.js:342:13)
      at node_modules/router/index.js:297:9
      at processParams (node_modules/router/index.js:582:12)
      at next (node_modules/router/index.js:291:5)
      at next (src/middleware/requestGuards.js:69:2)
      at Layer.handleRequest (node_modules/router/lib/layer.js:152:17)
      at trimPrefix (node_modules/router/index.js:342:13)
      at node_modules/router/index.js:297:9
      at processParams (node_modules/router/index.js:582:12)
      at next (node_modules/router/index.js:291:5)
      at node_modules/express-rate-limit/dist/index.cjs:942:7
      at node_modules/express-rate-limit/dist/index.cjs:825:5

    console.error
      ERROR ≡ƒÆÑ: {
        message: 'Invalid email format',
        statusCode: 400,
        stack: undefined,
        timestamp: '2026-03-03T08:23:43.851Z',
        path: '/auth/register',
        method: 'POST'
      }

    [0m [90m 18 |[39m 		err[33m.[39mcode [33m||[39m 
(err[33m.[39mstatusCode [33m===[39m [35m500[39m [33m?[39m 
[32m"INTERNAL_ERROR"[39m [33m:[39m [32m"UNKNOWN_ERROR"[39m)[33m;[39m
     [90m 19 |[39m
    [31m[1m>[22m[39m[90m 20 |[39m 	console[33m.[39merror([32m"ERROR 
≡ƒÆÑ:"[39m[33m,[39m {
     [90m    |[39m 	        [31m[1m^[22m[39m
     [90m 21 |[39m 		message[33m:[39m err[33m.[39mmessage[33m,[39m
     [90m 22 |[39m 		statusCode[33m:[39m 
err[33m.[39mstatusCode[33m,[39m
     [90m 23 |[39m 		stack[33m:[39m 
process[33m.[39menv[33m.[39m[33mNODE_ENV[39m [33m===[39m 
[32m"development"[39m [33m?[39m err[33m.[39mstack [33m:[39m 
undefined[33m,[39m[0m

      at error (src/middleware/errorHandler.js:20:10)
      at Layer.handleError (node_modules/router/lib/layer.js:116:17)
      at trimPrefix (node_modules/router/index.js:340:13)
      at node_modules/router/index.js:297:9
      at processParams (node_modules/router/index.js:582:12)
      at next (node_modules/router/index.js:291:5)
      at next (src/middleware/errorHandler.js:181:2)
      at Layer.handleError (node_modules/router/lib/layer.js:116:17)
      at trimPrefix (node_modules/router/index.js:340:13)
      at node_modules/router/index.js:297:9
      at processParams (node_modules/router/index.js:582:12)
      at next (node_modules/router/index.js:291:5)
      at Layer.handleError (node_modules/router/lib/layer.js:111:12)
      at trimPrefix (node_modules/router/index.js:340:13)
      at node_modules/router/index.js:297:9
      at processParams (node_modules/router/index.js:582:12)
      at next (node_modules/router/index.js:291:5)
      at node_modules/router/index.js:688:15
      at next (node_modules/router/index.js:276:14)
      at next (node_modules/router/lib/route.js:132:14)
      at Layer.handleError (node_modules/router/lib/layer.js:111:12)
      at next (node_modules/router/lib/route.js:155:13)
      at next (src/middleware/validate.js:52:10)
      at Layer.handleRequest (node_modules/router/lib/layer.js:152:17)
      at next (node_modules/router/lib/route.js:157:13)
      at next (src/middleware/validate.js:25:9)
      at Layer.handleRequest (node_modules/router/lib/layer.js:152:17)
      at next (node_modules/router/lib/route.js:157:13)
      at Route.dispatch (node_modules/router/lib/route.js:117:3)
      at handle (node_modules/router/index.js:435:11)
      at Layer.handleRequest (node_modules/router/lib/layer.js:152:17)
      at node_modules/router/index.js:295:15
      at processParams (node_modules/router/index.js:582:12)
      at next (node_modules/router/index.js:291:5)
      at router.handle (node_modules/router/index.js:186:3)
      at router (node_modules/router/index.js:60:12)
      at Layer.handleRequest (node_modules/router/lib/layer.js:152:17)
      at trimPrefix (node_modules/router/index.js:342:13)
      at node_modules/router/index.js:297:9
      at processParams (node_modules/router/index.js:582:12)
      at next (node_modules/router/index.js:291:5)
      at next (src/middleware/requestGuards.js:69:2)
      at Layer.handleRequest (node_modules/router/lib/layer.js:152:17)
      at trimPrefix (node_modules/router/index.js:342:13)
      at node_modules/router/index.js:297:9
      at processParams (node_modules/router/index.js:582:12)
      at next (node_modules/router/index.js:291:5)
      at node_modules/express-rate-limit/dist/index.cjs:942:7
      at node_modules/express-rate-limit/dist/index.cjs:825:5

    console.error
      ERROR ≡ƒÆÑ: {
        message: 'Password must be 8-72 characters with uppercase, lowercase, 
number, and special character',
        statusCode: 400,
        stack: undefined,
        timestamp: '2026-03-03T08:23:43.896Z',
        path: '/auth/register',
        method: 'POST'
      }

    [0m [90m 18 |[39m 		err[33m.[39mcode [33m||[39m 
(err[33m.[39mstatusCode [33m===[39m [35m500[39m [33m?[39m 
[32m"INTERNAL_ERROR"[39m [33m:[39m [32m"UNKNOWN_ERROR"[39m)[33m;[39m
     [90m 19 |[39m
    [31m[1m>[22m[39m[90m 20 |[39m 	console[33m.[39merror([32m"ERROR 
≡ƒÆÑ:"[39m[33m,[39m {
     [90m    |[39m 	        [31m[1m^[22m[39m
     [90m 21 |[39m 		message[33m:[39m err[33m.[39mmessage[33m,[39m
     [90m 22 |[39m 		statusCode[33m:[39m 
err[33m.[39mstatusCode[33m,[39m
     [90m 23 |[39m 		stack[33m:[39m 
process[33m.[39menv[33m.[39m[33mNODE_ENV[39m [33m===[39m 
[32m"development"[39m [33m?[39m err[33m.[39mstack [33m:[39m 
undefined[33m,[39m[0m

      at error (src/middleware/errorHandler.js:20:10)
      at Layer.handleError (node_modules/router/lib/layer.js:116:17)
      at trimPrefix (node_modules/router/index.js:340:13)
      at node_modules/router/index.js:297:9
      at processParams (node_modules/router/index.js:582:12)
      at next (node_modules/router/index.js:291:5)
      at next (src/middleware/errorHandler.js:181:2)
      at Layer.handleError (node_modules/router/lib/layer.js:116:17)
      at trimPrefix (node_modules/router/index.js:340:13)
      at node_modules/router/index.js:297:9
      at processParams (node_modules/router/index.js:582:12)
      at next (node_modules/router/index.js:291:5)
      at Layer.handleError (node_modules/router/lib/layer.js:111:12)
      at trimPrefix (node_modules/router/index.js:340:13)
      at node_modules/router/index.js:297:9
      at processParams (node_modules/router/index.js:582:12)
      at next (node_modules/router/index.js:291:5)
      at node_modules/router/index.js:688:15
      at next (node_modules/router/index.js:276:14)
      at next (node_modules/router/lib/route.js:132:14)
      at Layer.handleError (node_modules/router/lib/layer.js:111:12)
      at next (node_modules/router/lib/route.js:155:13)
      at next (src/middleware/validate.js:60:10)
      at Layer.handleRequest (node_modules/router/lib/layer.js:152:17)
      at next (node_modules/router/lib/route.js:157:13)
      at next (src/middleware/validate.js:25:9)
      at Layer.handleRequest (node_modules/router/lib/layer.js:152:17)
      at next (node_modules/router/lib/route.js:157:13)
      at Route.dispatch (node_modules/router/lib/route.js:117:3)
      at handle (node_modules/router/index.js:435:11)
      at Layer.handleRequest (node_modules/router/lib/layer.js:152:17)
      at node_modules/router/index.js:295:15
      at processParams (node_modules/router/index.js:582:12)
      at next (node_modules/router/index.js:291:5)
      at router.handle (node_modules/router/index.js:186:3)
      at router (node_modules/router/index.js:60:12)
      at Layer.handleRequest (node_modules/router/lib/layer.js:152:17)
      at trimPrefix (node_modules/router/index.js:342:13)
      at node_modules/router/index.js:297:9
      at processParams (node_modules/router/index.js:582:12)
      at next (node_modules/router/index.js:291:5)
      at next (src/middleware/requestGuards.js:69:2)
      at Layer.handleRequest (node_modules/router/lib/layer.js:152:17)
      at trimPrefix (node_modules/router/index.js:342:13)
      at node_modules/router/index.js:297:9
      at processParams (node_modules/router/index.js:582:12)
      at next (node_modules/router/index.js:291:5)
      at node_modules/express-rate-limit/dist/index.cjs:942:7
      at node_modules/express-rate-limit/dist/index.cjs:825:5

    console.error
      ERROR ≡ƒÆÑ: {
        message: 'Organization name is required for SME and NGO accounts',
        statusCode: 400,
        stack: undefined,
        timestamp: '2026-03-03T08:23:43.940Z',
        path: '/auth/register',
        method: 'POST'
      }

    [0m [90m 18 |[39m 		err[33m.[39mcode [33m||[39m 
(err[33m.[39mstatusCode [33m===[39m [35m500[39m [33m?[39m 
[32m"INTERNAL_ERROR"[39m [33m:[39m [32m"UNKNOWN_ERROR"[39m)[33m;[39m
     [90m 19 |[39m
    [31m[1m>[22m[39m[90m 20 |[39m 	console[33m.[39merror([32m"ERROR 
≡ƒÆÑ:"[39m[33m,[39m {
     [90m    |[39m 	        [31m[1m^[22m[39m
     [90m 21 |[39m 		message[33m:[39m err[33m.[39mmessage[33m,[39m
     [90m 22 |[39m 		statusCode[33m:[39m 
err[33m.[39mstatusCode[33m,[39m
     [90m 23 |[39m 		stack[33m:[39m 
process[33m.[39menv[33m.[39m[33mNODE_ENV[39m [33m===[39m 
[32m"development"[39m [33m?[39m err[33m.[39mstack [33m:[39m 
undefined[33m,[39m[0m

      at error (src/middleware/errorHandler.js:20:10)
      at Layer.handleError (node_modules/router/lib/layer.js:116:17)
      at trimPrefix (node_modules/router/index.js:340:13)
      at node_modules/router/index.js:297:9
      at processParams (node_modules/router/index.js:582:12)
      at next (node_modules/router/index.js:291:5)
      at next (src/middleware/errorHandler.js:181:2)
      at Layer.handleError (node_modules/router/lib/layer.js:116:17)
      at trimPrefix (node_modules/router/index.js:340:13)
      at node_modules/router/index.js:297:9
      at processParams (node_modules/router/index.js:582:12)
      at next (node_modules/router/index.js:291:5)
      at Layer.handleError (node_modules/router/lib/layer.js:111:12)
      at trimPrefix (node_modules/router/index.js:340:13)
      at node_modules/router/index.js:297:9
      at processParams (node_modules/router/index.js:582:12)
      at next (node_modules/router/index.js:291:5)
      at node_modules/router/index.js:688:15
      at next (node_modules/router/index.js:276:14)
      at next (node_modules/router/lib/route.js:132:14)
      at Layer.handleError (node_modules/router/lib/layer.js:111:12)
      at next (node_modules/router/lib/route.js:155:13)
      at next (src/middleware/validate.js:82:10)
      at Layer.handleRequest (node_modules/router/lib/layer.js:152:17)
      at next (node_modules/router/lib/route.js:157:13)
      at next (src/middleware/validate.js:25:9)
      at Layer.handleRequest (node_modules/router/lib/layer.js:152:17)
      at next (node_modules/router/lib/route.js:157:13)
      at Route.dispatch (node_modules/router/lib/route.js:117:3)
      at handle (node_modules/router/index.js:435:11)
      at Layer.handleRequest (node_modules/router/lib/layer.js:152:17)
      at node_modules/router/index.js:295:15
      at processParams (node_modules/router/index.js:582:12)
      at next (node_modules/router/index.js:291:5)
      at router.handle (node_modules/router/index.js:186:3)
      at router (node_modules/router/index.js:60:12)
      at Layer.handleRequest (node_modules/router/lib/layer.js:152:17)
      at trimPrefix (node_modules/router/index.js:342:13)
      at node_modules/router/index.js:297:9
      at processParams (node_modules/router/index.js:582:12)
      at next (node_modules/router/index.js:291:5)
      at next (src/middleware/requestGuards.js:69:2)
      at Layer.handleRequest (node_modules/router/lib/layer.js:152:17)
      at trimPrefix (node_modules/router/index.js:342:13)
      at node_modules/router/index.js:297:9
      at processParams (node_modules/router/index.js:582:12)
      at next (node_modules/router/index.js:291:5)
      at node_modules/express-rate-limit/dist/index.cjs:942:7
      at node_modules/express-rate-limit/dist/index.cjs:825:5

    console.log
      RAW ERROR DEBUG: Error: Duplicate entry
          at Object.<anonymous> (C:\Users\Dolapo 
Mosuro\dolaporepo\shareAMeal\backend\tests\auth.test.js:137:21)
          at processTicksAndRejections 
(node:internal/process/task_queues:104:5) {
        code: 'ER_DUP_ENTRY'
      }

      at log (src/middleware/errorHandler.js:140:11)

    console.error
      ERROR ≡ƒÆÑ: {
        message: 'Duplicate value for field. This field already exists.',
        statusCode: 409,
        stack: undefined,
        timestamp: '2026-03-03T08:23:44.427Z',
        path: '/auth/register',
        method: 'POST'
      }

    [0m [90m 18 |[39m 		err[33m.[39mcode [33m||[39m 
(err[33m.[39mstatusCode [33m===[39m [35m500[39m [33m?[39m 
[32m"INTERNAL_ERROR"[39m [33m:[39m [32m"UNKNOWN_ERROR"[39m)[33m;[39m
     [90m 19 |[39m
    [31m[1m>[22m[39m[90m 20 |[39m 	console[33m.[39merror([32m"ERROR 
≡ƒÆÑ:"[39m[33m,[39m {
     [90m    |[39m 	        [31m[1m^[22m[39m
     [90m 21 |[39m 		message[33m:[39m err[33m.[39mmessage[33m,[39m
     [90m 22 |[39m 		statusCode[33m:[39m 
err[33m.[39mstatusCode[33m,[39m
     [90m 23 |[39m 		stack[33m:[39m 
process[33m.[39menv[33m.[39m[33mNODE_ENV[39m [33m===[39m 
[32m"development"[39m [33m?[39m err[33m.[39mstack [33m:[39m 
undefined[33m,[39m[0m

      at error (src/middleware/errorHandler.js:20:10)
      at Layer.handleError (node_modules/router/lib/layer.js:116:17)
      at trimPrefix (node_modules/router/index.js:340:13)
      at node_modules/router/index.js:297:9
      at processParams (node_modules/router/index.js:582:12)
      at next (node_modules/router/index.js:291:5)
      at next (src/middleware/errorHandler.js:181:2)
      at Layer.handleError (node_modules/router/lib/layer.js:116:17)
      at trimPrefix (node_modules/router/index.js:340:13)
      at node_modules/router/index.js:297:9
      at processParams (node_modules/router/index.js:582:12)
      at next (node_modules/router/index.js:291:5)
      at Layer.handleError (node_modules/router/lib/layer.js:111:12)
      at trimPrefix (node_modules/router/index.js:340:13)
      at node_modules/router/index.js:297:9
      at processParams (node_modules/router/index.js:582:12)
      at next (node_modules/router/index.js:291:5)
      at node_modules/router/index.js:688:15
      at next (node_modules/router/index.js:276:14)
      at next (node_modules/router/lib/route.js:132:14)
      at next (src/controllers/authController.js:34:3)

    console.error
      ERROR ≡ƒÆÑ: {
        message: 'Account is pending verification. Please wait for admin 
approval.',
        statusCode: 403,
        stack: undefined,
        timestamp: '2026-03-03T08:23:44.968Z',
        path: '/auth/login',
        method: 'POST'
      }

    [0m [90m 18 |[39m 		err[33m.[39mcode [33m||[39m 
(err[33m.[39mstatusCode [33m===[39m [35m500[39m [33m?[39m 
[32m"INTERNAL_ERROR"[39m [33m:[39m [32m"UNKNOWN_ERROR"[39m)[33m;[39m
     [90m 19 |[39m
    [31m[1m>[22m[39m[90m 20 |[39m 	console[33m.[39merror([32m"ERROR 
≡ƒÆÑ:"[39m[33m,[39m {
     [90m    |[39m 	        [31m[1m^[22m[39m
     [90m 21 |[39m 		message[33m:[39m err[33m.[39mmessage[33m,[39m
     [90m 22 |[39m 		statusCode[33m:[39m 
err[33m.[39mstatusCode[33m,[39m
     [90m 23 |[39m 		stack[33m:[39m 
process[33m.[39menv[33m.[39m[33mNODE_ENV[39m [33m===[39m 
[32m"development"[39m [33m?[39m err[33m.[39mstack [33m:[39m 
undefined[33m,[39m[0m

      at error (src/middleware/errorHandler.js:20:10)
      at Layer.handleError (node_modules/router/lib/layer.js:116:17)
      at trimPrefix (node_modules/router/index.js:340:13)
      at node_modules/router/index.js:297:9
      at processParams (node_modules/router/index.js:582:12)
      at next (node_modules/router/index.js:291:5)
      at next (src/middleware/errorHandler.js:181:2)
      at Layer.handleError (node_modules/router/lib/layer.js:116:17)
      at trimPrefix (node_modules/router/index.js:340:13)
      at node_modules/router/index.js:297:9
      at processParams (node_modules/router/index.js:582:12)
      at next (node_modules/router/index.js:291:5)
      at Layer.handleError (node_modules/router/lib/layer.js:111:12)
      at trimPrefix (node_modules/router/index.js:340:13)
      at node_modules/router/index.js:297:9
      at processParams (node_modules/router/index.js:582:12)
      at Immediate.next (node_modules/router/index.js:291:5)
      at Immediate._onImmediate (node_modules/router/index.js:688:15)

    console.error
      ERROR ≡ƒÆÑ: {
        message: 'Email and password required',
        statusCode: 400,
        stack: undefined,
        timestamp: '2026-03-03T08:23:44.998Z',
        path: '/auth/login',
        method: 'POST'
      }

    [0m [90m 18 |[39m 		err[33m.[39mcode [33m||[39m 
(err[33m.[39mstatusCode [33m===[39m [35m500[39m [33m?[39m 
[32m"INTERNAL_ERROR"[39m [33m:[39m [32m"UNKNOWN_ERROR"[39m)[33m;[39m
     [90m 19 |[39m
    [31m[1m>[22m[39m[90m 20 |[39m 	console[33m.[39merror([32m"ERROR 
≡ƒÆÑ:"[39m[33m,[39m {
     [90m    |[39m 	        [31m[1m^[22m[39m
     [90m 21 |[39m 		message[33m:[39m err[33m.[39mmessage[33m,[39m
     [90m 22 |[39m 		statusCode[33m:[39m 
err[33m.[39mstatusCode[33m,[39m
     [90m 23 |[39m 		stack[33m:[39m 
process[33m.[39menv[33m.[39m[33mNODE_ENV[39m [33m===[39m 
[32m"development"[39m [33m?[39m err[33m.[39mstack [33m:[39m 
undefined[33m,[39m[0m

      at error (src/middleware/errorHandler.js:20:10)
      at Layer.handleError (node_modules/router/lib/layer.js:116:17)
      at trimPrefix (node_modules/router/index.js:340:13)
      at node_modules/router/index.js:297:9
      at processParams (node_modules/router/index.js:582:12)
      at next (node_modules/router/index.js:291:5)
      at next (src/middleware/errorHandler.js:181:2)
      at Layer.handleError (node_modules/router/lib/layer.js:116:17)
      at trimPrefix (node_modules/router/index.js:340:13)
      at node_modules/router/index.js:297:9
      at processParams (node_modules/router/index.js:582:12)
      at next (node_modules/router/index.js:291:5)
      at Layer.handleError (node_modules/router/lib/layer.js:111:12)
      at trimPrefix (node_modules/router/index.js:340:13)
      at node_modules/router/index.js:297:9
      at processParams (node_modules/router/index.js:582:12)
      at Immediate.next (node_modules/router/index.js:291:5)
      at Immediate._onImmediate (node_modules/router/index.js:688:15)

    console.error
      ERROR ≡ƒÆÑ: {
        message: 'Invalid credentials',
        statusCode: 401,
        stack: undefined,
        timestamp: '2026-03-03T08:23:45.028Z',
        path: '/auth/login',
        method: 'POST'
      }

    [0m [90m 18 |[39m 		err[33m.[39mcode [33m||[39m 
(err[33m.[39mstatusCode [33m===[39m [35m500[39m [33m?[39m 
[32m"INTERNAL_ERROR"[39m [33m:[39m [32m"UNKNOWN_ERROR"[39m)[33m;[39m
     [90m 19 |[39m
    [31m[1m>[22m[39m[90m 20 |[39m 	console[33m.[39merror([32m"ERROR 
≡ƒÆÑ:"[39m[33m,[39m {
     [90m    |[39m 	        [31m[1m^[22m[39m
     [90m 21 |[39m 		message[33m:[39m err[33m.[39mmessage[33m,[39m
     [90m 22 |[39m 		statusCode[33m:[39m 
err[33m.[39mstatusCode[33m,[39m
     [90m 23 |[39m 		stack[33m:[39m 
process[33m.[39menv[33m.[39m[33mNODE_ENV[39m [33m===[39m 
[32m"development"[39m [33m?[39m err[33m.[39mstack [33m:[39m 
undefined[33m,[39m[0m

      at error (src/middleware/errorHandler.js:20:10)
      at Layer.handleError (node_modules/router/lib/layer.js:116:17)
      at trimPrefix (node_modules/router/index.js:340:13)
      at node_modules/router/index.js:297:9
      at processParams (node_modules/router/index.js:582:12)
      at next (node_modules/router/index.js:291:5)
      at next (src/middleware/errorHandler.js:181:2)
      at Layer.handleError (node_modules/router/lib/layer.js:116:17)
      at trimPrefix (node_modules/router/index.js:340:13)
      at node_modules/router/index.js:297:9
      at processParams (node_modules/router/index.js:582:12)
      at next (node_modules/router/index.js:291:5)
      at Layer.handleError (node_modules/router/lib/layer.js:111:12)
      at trimPrefix (node_modules/router/index.js:340:13)
      at node_modules/router/index.js:297:9
      at processParams (node_modules/router/index.js:582:12)
      at Immediate.next (node_modules/router/index.js:291:5)
      at Immediate._onImmediate (node_modules/router/index.js:688:15)

    console.error
      ERROR ≡ƒÆÑ: {
        message: 'Invalid credentials',
        statusCode: 401,
        stack: undefined,
        timestamp: '2026-03-03T08:23:45.254Z',
        path: '/auth/login',
        method: 'POST'
      }

    [0m [90m 18 |[39m 		err[33m.[39mcode [33m||[39m 
(err[33m.[39mstatusCode [33m===[39m [35m500[39m [33m?[39m 
[32m"INTERNAL_ERROR"[39m [33m:[39m [32m"UNKNOWN_ERROR"[39m)[33m;[39m
     [90m 19 |[39m
    [31m[1m>[22m[39m[90m 20 |[39m 	console[33m.[39merror([32m"ERROR 
≡ƒÆÑ:"[39m[33m,[39m {
     [90m    |[39m 	        [31m[1m^[22m[39m
     [90m 21 |[39m 		message[33m:[39m err[33m.[39mmessage[33m,[39m
     [90m 22 |[39m 		statusCode[33m:[39m 
err[33m.[39mstatusCode[33m,[39m
     [90m 23 |[39m 		stack[33m:[39m 
process[33m.[39menv[33m.[39m[33mNODE_ENV[39m [33m===[39m 
[32m"development"[39m [33m?[39m err[33m.[39mstack [33m:[39m 
undefined[33m,[39m[0m

      at error (src/middleware/errorHandler.js:20:10)
      at Layer.handleError (node_modules/router/lib/layer.js:116:17)
      at trimPrefix (node_modules/router/index.js:340:13)
      at node_modules/router/index.js:297:9
      at processParams (node_modules/router/index.js:582:12)
      at next (node_modules/router/index.js:291:5)
      at next (src/middleware/errorHandler.js:181:2)
      at Layer.handleError (node_modules/router/lib/layer.js:116:17)
      at trimPrefix (node_modules/router/index.js:340:13)
      at node_modules/router/index.js:297:9
      at processParams (node_modules/router/index.js:582:12)
      at next (node_modules/router/index.js:291:5)
      at Layer.handleError (node_modules/router/lib/layer.js:111:12)
      at trimPrefix (node_modules/router/index.js:340:13)
      at node_modules/router/index.js:297:9
      at processParams (node_modules/router/index.js:582:12)
      at Immediate.next (node_modules/router/index.js:291:5)
      at Immediate._onImmediate (node_modules/router/index.js:688:15)

    console.error
      ERROR ≡ƒÆÑ: {
        message: 'Invalid admin secret key',
        statusCode: 403,
        stack: undefined,
        timestamp: '2026-03-03T08:23:45.762Z',
        path: '/admin/auth/register',
        method: 'POST'
      }

    [0m [90m 18 |[39m 		err[33m.[39mcode [33m||[39m 
(err[33m.[39mstatusCode [33m===[39m [35m500[39m [33m?[39m 
[32m"INTERNAL_ERROR"[39m [33m:[39m [32m"UNKNOWN_ERROR"[39m)[33m;[39m
     [90m 19 |[39m
    [31m[1m>[22m[39m[90m 20 |[39m 	console[33m.[39merror([32m"ERROR 
≡ƒÆÑ:"[39m[33m,[39m {
     [90m    |[39m 	        [31m[1m^[22m[39m
     [90m 21 |[39m 		message[33m:[39m err[33m.[39mmessage[33m,[39m
     [90m 22 |[39m 		statusCode[33m:[39m 
err[33m.[39mstatusCode[33m,[39m
     [90m 23 |[39m 		stack[33m:[39m 
process[33m.[39menv[33m.[39m[33mNODE_ENV[39m [33m===[39m 
[32m"development"[39m [33m?[39m err[33m.[39mstack [33m:[39m 
undefined[33m,[39m[0m

      at error (src/middleware/errorHandler.js:20:10)
      at Layer.handleError (node_modules/router/lib/layer.js:116:17)
      at trimPrefix (node_modules/router/index.js:340:13)
      at node_modules/router/index.js:297:9
      at processParams (node_modules/router/index.js:582:12)
      at next (node_modules/router/index.js:291:5)
      at next (src/middleware/errorHandler.js:181:2)
      at Layer.handleError (node_modules/router/lib/layer.js:116:17)
      at trimPrefix (node_modules/router/index.js:340:13)
      at node_modules/router/index.js:297:9
      at processParams (node_modules/router/index.js:582:12)
      at next (node_modules/router/index.js:291:5)
      at Layer.handleError (node_modules/router/lib/layer.js:111:12)
      at trimPrefix (node_modules/router/index.js:340:13)
      at node_modules/router/index.js:297:9
      at processParams (node_modules/router/index.js:582:12)
      at next (node_modules/router/index.js:291:5)
      at node_modules/router/index.js:688:15
      at next (node_modules/router/index.js:276:14)
      at next (node_modules/router/lib/route.js:132:14)
      at next (src/controllers/authController.js:116:3)
      at Layer.handleRequest (node_modules/router/lib/layer.js:152:17)
      at next (node_modules/router/lib/route.js:157:13)
      at next (src/middleware/validate.js:185:9)
      at Layer.handleRequest (node_modules/router/lib/layer.js:152:17)
      at next (node_modules/router/lib/route.js:157:13)
      at next (src/middleware/validate.js:25:9)
      at Layer.handleRequest (node_modules/router/lib/layer.js:152:17)
      at next (node_modules/router/lib/route.js:157:13)
      at Route.dispatch (node_modules/router/lib/route.js:117:3)
      at handle (node_modules/router/index.js:435:11)
      at Layer.handleRequest (node_modules/router/lib/layer.js:152:17)
      at node_modules/router/index.js:295:15
      at processParams (node_modules/router/index.js:582:12)
      at next (node_modules/router/index.js:291:5)
      at router.handle (node_modules/router/index.js:186:3)
      at router (node_modules/router/index.js:60:12)
      at Layer.handleRequest (node_modules/router/lib/layer.js:152:17)
      at trimPrefix (node_modules/router/index.js:342:13)
      at node_modules/router/index.js:297:9
      at processParams (node_modules/router/index.js:582:12)
      at next (node_modules/router/index.js:291:5)
      at next (src/middleware/requestGuards.js:69:2)
      at Layer.handleRequest (node_modules/router/lib/layer.js:152:17)
      at trimPrefix (node_modules/router/index.js:342:13)
      at node_modules/router/index.js:297:9
      at processParams (node_modules/router/index.js:582:12)
      at next (node_modules/router/index.js:291:5)
      at node_modules/express-rate-limit/dist/index.cjs:942:7
      at node_modules/express-rate-limit/dist/index.cjs:825:5

    console.error
      ERROR ≡ƒÆÑ: {
        message: 'Password must be 8-72 characters with uppercase, lowercase, 
number, and special character',
        statusCode: 400,
        stack: undefined,
        timestamp: '2026-03-03T08:23:45.786Z',
        path: '/admin/auth/register',
        method: 'POST'
      }

    [0m [90m 18 |[39m 		err[33m.[39mcode [33m||[39m 
(err[33m.[39mstatusCode [33m===[39m [35m500[39m [33m?[39m 
[32m"INTERNAL_ERROR"[39m [33m:[39m [32m"UNKNOWN_ERROR"[39m)[33m;[39m
     [90m 19 |[39m
    [31m[1m>[22m[39m[90m 20 |[39m 	console[33m.[39merror([32m"ERROR 
≡ƒÆÑ:"[39m[33m,[39m {
     [90m    |[39m 	        [31m[1m^[22m[39m
     [90m 21 |[39m 		message[33m:[39m err[33m.[39mmessage[33m,[39m
     [90m 22 |[39m 		statusCode[33m:[39m 
err[33m.[39mstatusCode[33m,[39m
     [90m 23 |[39m 		stack[33m:[39m 
process[33m.[39menv[33m.[39m[33mNODE_ENV[39m [33m===[39m 
[32m"development"[39m [33m?[39m err[33m.[39mstack [33m:[39m 
undefined[33m,[39m[0m

      at error (src/middleware/errorHandler.js:20:10)
      at Layer.handleError (node_modules/router/lib/layer.js:116:17)
      at trimPrefix (node_modules/router/index.js:340:13)
      at node_modules/router/index.js:297:9
      at processParams (node_modules/router/index.js:582:12)
      at next (node_modules/router/index.js:291:5)
      at next (src/middleware/errorHandler.js:181:2)
      at Layer.handleError (node_modules/router/lib/layer.js:116:17)
      at trimPrefix (node_modules/router/index.js:340:13)
      at node_modules/router/index.js:297:9
      at processParams (node_modules/router/index.js:582:12)
      at next (node_modules/router/index.js:291:5)
      at Layer.handleError (node_modules/router/lib/layer.js:111:12)
      at trimPrefix (node_modules/router/index.js:340:13)
      at node_modules/router/index.js:297:9
      at processParams (node_modules/router/index.js:582:12)
      at next (node_modules/router/index.js:291:5)
      at node_modules/router/index.js:688:15
      at next (node_modules/router/index.js:276:14)
      at next (node_modules/router/lib/route.js:132:14)
      at Layer.handleError (node_modules/router/lib/layer.js:111:12)
      at next (node_modules/router/lib/route.js:155:13)
      at next (src/middleware/validate.js:175:10)
      at Layer.handleRequest (node_modules/router/lib/layer.js:152:17)
      at next (node_modules/router/lib/route.js:157:13)
      at next (src/middleware/validate.js:25:9)
      at Layer.handleRequest (node_modules/router/lib/layer.js:152:17)
      at next (node_modules/router/lib/route.js:157:13)
      at Route.dispatch (node_modules/router/lib/route.js:117:3)
      at handle (node_modules/router/index.js:435:11)
      at Layer.handleRequest (node_modules/router/lib/layer.js:152:17)
      at node_modules/router/index.js:295:15
      at processParams (node_modules/router/index.js:582:12)
      at next (node_modules/router/index.js:291:5)
      at router.handle (node_modules/router/index.js:186:3)
      at router (node_modules/router/index.js:60:12)
      at Layer.handleRequest (node_modules/router/lib/layer.js:152:17)
      at trimPrefix (node_modules/router/index.js:342:13)
      at node_modules/router/index.js:297:9
      at processParams (node_modules/router/index.js:582:12)
      at next (node_modules/router/index.js:291:5)
      at next (src/middleware/requestGuards.js:69:2)
      at Layer.handleRequest (node_modules/router/lib/layer.js:152:17)
      at trimPrefix (node_modules/router/index.js:342:13)
      at node_modules/router/index.js:297:9
      at processParams (node_modules/router/index.js:582:12)
      at next (node_modules/router/index.js:291:5)
      at node_modules/express-rate-limit/dist/index.cjs:942:7
      at node_modules/express-rate-limit/dist/index.cjs:825:5

    console.error
      ERROR ≡ƒÆÑ: {
        message: 'Missing required fields',
        statusCode: 400,
        stack: undefined,
        timestamp: '2026-03-03T08:23:45.813Z',
        path: '/admin/auth/register',
        method: 'POST'
      }

    [0m [90m 18 |[39m 		err[33m.[39mcode [33m||[39m 
(err[33m.[39mstatusCode [33m===[39m [35m500[39m [33m?[39m 
[32m"INTERNAL_ERROR"[39m [33m:[39m [32m"UNKNOWN_ERROR"[39m)[33m;[39m
     [90m 19 |[39m
    [31m[1m>[22m[39m[90m 20 |[39m 	console[33m.[39merror([32m"ERROR 
≡ƒÆÑ:"[39m[33m,[39m {
     [90m    |[39m 	        [31m[1m^[22m[39m
     [90m 21 |[39m 		message[33m:[39m err[33m.[39mmessage[33m,[39m
     [90m 22 |[39m 		statusCode[33m:[39m 
err[33m.[39mstatusCode[33m,[39m
     [90m 23 |[39m 		stack[33m:[39m 
process[33m.[39menv[33m.[39m[33mNODE_ENV[39m [33m===[39m 
[32m"development"[39m [33m?[39m err[33m.[39mstack [33m:[39m 
undefined[33m,[39m[0m

      at error (src/middleware/errorHandler.js:20:10)
      at Layer.handleError (node_modules/router/lib/layer.js:116:17)
      at trimPrefix (node_modules/router/index.js:340:13)
      at node_modules/router/index.js:297:9
      at processParams (node_modules/router/index.js:582:12)
      at next (node_modules/router/index.js:291:5)
      at next (src/middleware/errorHandler.js:181:2)
      at Layer.handleError (node_modules/router/lib/layer.js:116:17)
      at trimPrefix (node_modules/router/index.js:340:13)
      at node_modules/router/index.js:297:9
      at processParams (node_modules/router/index.js:582:12)
      at next (node_modules/router/index.js:291:5)
      at Layer.handleError (node_modules/router/lib/layer.js:111:12)
      at trimPrefix (node_modules/router/index.js:340:13)
      at node_modules/router/index.js:297:9
      at processParams (node_modules/router/index.js:582:12)
      at next (node_modules/router/index.js:291:5)
      at node_modules/router/index.js:688:15
      at next (node_modules/router/index.js:276:14)
      at next (node_modules/router/lib/route.js:132:14)
      at Layer.handleError (node_modules/router/lib/layer.js:111:12)
      at next (node_modules/router/lib/route.js:155:13)
      at next (src/middleware/validate.js:148:10)
      at Layer.handleRequest (node_modules/router/lib/layer.js:152:17)
      at next (node_modules/router/lib/route.js:157:13)
      at next (src/middleware/validate.js:25:9)
      at Layer.handleRequest (node_modules/router/lib/layer.js:152:17)
      at next (node_modules/router/lib/route.js:157:13)
      at Route.dispatch (node_modules/router/lib/route.js:117:3)
      at handle (node_modules/router/index.js:435:11)
      at Layer.handleRequest (node_modules/router/lib/layer.js:152:17)
      at node_modules/router/index.js:295:15
      at processParams (node_modules/router/index.js:582:12)
      at next (node_modules/router/index.js:291:5)
      at router.handle (node_modules/router/index.js:186:3)
      at router (node_modules/router/index.js:60:12)
      at Layer.handleRequest (node_modules/router/lib/layer.js:152:17)
      at trimPrefix (node_modules/router/index.js:342:13)
      at node_modules/router/index.js:297:9
      at processParams (node_modules/router/index.js:582:12)
      at next (node_modules/router/index.js:291:5)
      at next (src/middleware/requestGuards.js:69:2)
      at Layer.handleRequest (node_modules/router/lib/layer.js:152:17)
      at trimPrefix (node_modules/router/index.js:342:13)
      at node_modules/router/index.js:297:9
      at processParams (node_modules/router/index.js:582:12)
      at next (node_modules/router/index.js:291:5)
      at node_modules/express-rate-limit/dist/index.cjs:942:7
      at node_modules/express-rate-limit/dist/index.cjs:825:5

    console.error
      ERROR ≡ƒÆÑ: {
        message: 'Invalid admin credentials',
        statusCode: 401,
        stack: undefined,
        timestamp: '2026-03-03T08:23:47.216Z',
        path: '/admin/auth/login',
        method: 'POST'
      }

    [0m [90m 18 |[39m 		err[33m.[39mcode [33m||[39m 
(err[33m.[39mstatusCode [33m===[39m [35m500[39m [33m?[39m 
[32m"INTERNAL_ERROR"[39m [33m:[39m [32m"UNKNOWN_ERROR"[39m)[33m;[39m
     [90m 19 |[39m
    [31m[1m>[22m[39m[90m 20 |[39m 	console[33m.[39merror([32m"ERROR 
≡ƒÆÑ:"[39m[33m,[39m {
     [90m    |[39m 	        [31m[1m^[22m[39m
     [90m 21 |[39m 		message[33m:[39m err[33m.[39mmessage[33m,[39m
     [90m 22 |[39m 		statusCode[33m:[39m 
err[33m.[39mstatusCode[33m,[39m
     [90m 23 |[39m 		stack[33m:[39m 
process[33m.[39menv[33m.[39m[33mNODE_ENV[39m [33m===[39m 
[32m"development"[39m [33m?[39m err[33m.[39mstack [33m:[39m 
undefined[33m,[39m[0m

      at error (src/middleware/errorHandler.js:20:10)
      at Layer.handleError (node_modules/router/lib/layer.js:116:17)
      at trimPrefix (node_modules/router/index.js:340:13)
      at node_modules/router/index.js:297:9
      at processParams (node_modules/router/index.js:582:12)
      at next (node_modules/router/index.js:291:5)
      at next (src/middleware/errorHandler.js:181:2)
      at Layer.handleError (node_modules/router/lib/layer.js:116:17)
      at trimPrefix (node_modules/router/index.js:340:13)
      at node_modules/router/index.js:297:9
      at processParams (node_modules/router/index.js:582:12)
      at next (node_modules/router/index.js:291:5)
      at Layer.handleError (node_modules/router/lib/layer.js:111:12)
      at trimPrefix (node_modules/router/index.js:340:13)
      at node_modules/router/index.js:297:9
      at processParams (node_modules/router/index.js:582:12)
      at next (node_modules/router/index.js:291:5)
      at node_modules/router/index.js:688:15
      at next (node_modules/router/index.js:276:14)
      at next (node_modules/router/lib/route.js:132:14)
      at next (src/controllers/authController.js:159:3)

    console.error
      ERROR ≡ƒÆÑ: {
        message: 'Invalid admin credentials',
        statusCode: 401,
        stack: undefined,
        timestamp: '2026-03-03T08:23:47.874Z',
        path: '/admin/auth/login',
        method: 'POST'
      }

    [0m [90m 18 |[39m 		err[33m.[39mcode [33m||[39m 
(err[33m.[39mstatusCode [33m===[39m [35m500[39m [33m?[39m 
[32m"INTERNAL_ERROR"[39m [33m:[39m [32m"UNKNOWN_ERROR"[39m)[33m;[39m
     [90m 19 |[39m
    [31m[1m>[22m[39m[90m 20 |[39m 	console[33m.[39merror([32m"ERROR 
≡ƒÆÑ:"[39m[33m,[39m {
     [90m    |[39m 	        [31m[1m^[22m[39m
     [90m 21 |[39m 		message[33m:[39m err[33m.[39mmessage[33m,[39m
     [90m 22 |[39m 		statusCode[33m:[39m 
err[33m.[39mstatusCode[33m,[39m
     [90m 23 |[39m 		stack[33m:[39m 
process[33m.[39menv[33m.[39m[33mNODE_ENV[39m [33m===[39m 
[32m"development"[39m [33m?[39m err[33m.[39mstack [33m:[39m 
undefined[33m,[39m[0m

      at error (src/middleware/errorHandler.js:20:10)
      at Layer.handleError (node_modules/router/lib/layer.js:116:17)
      at trimPrefix (node_modules/router/index.js:340:13)
      at node_modules/router/index.js:297:9
      at processParams (node_modules/router/index.js:582:12)
      at next (node_modules/router/index.js:291:5)
      at next (src/middleware/errorHandler.js:181:2)
      at Layer.handleError (node_modules/router/lib/layer.js:116:17)
      at trimPrefix (node_modules/router/index.js:340:13)
      at node_modules/router/index.js:297:9
      at processParams (node_modules/router/index.js:582:12)
      at next (node_modules/router/index.js:291:5)
      at Layer.handleError (node_modules/router/lib/layer.js:111:12)
      at trimPrefix (node_modules/router/index.js:340:13)
      at node_modules/router/index.js:297:9
      at processParams (node_modules/router/index.js:582:12)
      at next (node_modules/router/index.js:291:5)
      at node_modules/router/index.js:688:15
      at next (node_modules/router/index.js:276:14)
      at next (node_modules/router/lib/route.js:132:14)
      at next (src/controllers/authController.js:159:3)


Test Suites: 3 failed, 3 passed, 6 total
Tests:       25 failed, 111 passed, 136 total
Snapshots:   0 total
Time:        13.002 s
Ran all test suites.
